
<!DOCTYPE html PUBLIC "-//W3C//DTD XHTML 1.0 Strict//EN"
 "http://www.w3.org/TR/xhtml1/DTD/xhtml1-strict.dtd">
<html xmlns="http://www.w3.org/1999/xhtml">
 <head>
  <meta http-equiv="Content-Type" content="text/html; charset=UTF-8"/>
  <title>[llvmlinux] percpu | bitmap issue? (Cannot boot on bare metal due to a kernel NULL pointer dereference) - Patchwork</title>
  <link rel="stylesheet" type="text/css" href="/static/css/style.css"/>
  <script type="text/javascript" src="/static/js/common.js"></script>
  <script type="text/javascript" src="/static/js/jquery-1.10.1.min.js"></script>

 </head>
 <body>
  <div id="title">
  <h1 style="float: left;">
     <a
      href="/">Patchwork</a>
    [llvmlinux] percpu | bitmap issue? (Cannot boot on bare metal due to a kernel NULL pointer dereference)</h1>
  <div id="auth">

     <a href="/user/login/">login</a>
     <br/>
     <a href="/register/">register</a>
     <br/>
     <a href="/mail/">mail settings</a>

   </div>
   <div style="clear: both;"></div>
  </div>
  <div id="nav">
   <div id="navleft">
   
    <strong>Project</strong>: LKML
     :
     <a href="/project/LKML/list/"
      >patches</a>
     :
     <a href="/project/LKML/"
      >project info</a>
    
     :
     <a href="/"
     >other projects</a>
     
    
   </div>
   <div id="navright">
    <a href="/help/about/">about</a>
   </div>
   <div style="clear: both"></div>
  </div>

  <div id="content">

<script language="JavaScript" type="text/javascript">
function toggle_headers(link_id, headers_id)
{
    var link = document.getElementById(link_id)
    var headers = document.getElementById(headers_id)

    var hidden = headers.style['display'] == 'none';

    if (hidden) {
        link.innerHTML = 'hide';
        headers.style['display'] = 'block';
    } else {
        link.innerHTML = 'show';
        headers.style['display'] = 'none';
    }

}
</script>

<table class="patchmeta">
 <tr>
  <th>Submitter</th>
  <td><a href="/project/LKML/list/?submitter=41441">Sedat Dilek</a></td>
 </tr>
 <tr>
  <th>Date</th>
  <td>Sept. 9, 2015, 6:56 a.m.</td>
 </tr>
 <tr>
  <th>Message ID</th>
  <td>&lt;CA+icZUXNWWHrx4mgzudafMwq1HOZd5FZY2QTicY5a-eYF=D8Kg@mail.gmail.com&gt;</td>
 </tr>
 <tr>
  <th>Download</th>
  <td>
   <a href="/patch/7144691/mbox/"
   >mbox</a>
|
   <a href="/patch/7144691/raw/"
   >patch</a>

   </td>
 </tr>
 <tr>
  <th>Permalink</th>
  <td><a href="/patch/7144691/">/patch/7144691/</a>
 </tr>
  <tr>
   <th>State</th>
   <td>New</td>
  </tr>


 <tr>
  <th>Headers</th>
  <td><a id="togglepatchheaders"
   href="javascript:toggle_headers('togglepatchheaders', 'patchheaders')"
   >show</a>
   <div id="patchheaders" class="patchheaders" style="display:none;">
    <pre>Return-Path: &lt;linux-kernel-owner@kernel.org&gt;
X-Original-To: patchwork-LKML@patchwork.kernel.org
Delivered-To: patchwork-parsemail@patchwork1.web.kernel.org
Received: from mail.kernel.org (mail.kernel.org [198.145.29.136])
	by patchwork1.web.kernel.org (Postfix) with ESMTP id 93A399F326
	for &lt;patchwork-LKML@patchwork.kernel.org&gt;;
	Wed,  9 Sep 2015 06:57:00 +0000 (UTC)
Received: from mail.kernel.org (localhost [127.0.0.1])
	by mail.kernel.org (Postfix) with ESMTP id 4149E20710
	for &lt;patchwork-LKML@patchwork.kernel.org&gt;;
	Wed,  9 Sep 2015 06:56:54 +0000 (UTC)
Received: from vger.kernel.org (vger.kernel.org [209.132.180.67])
	by mail.kernel.org (Postfix) with ESMTP id 8C7A5206D7
	for &lt;patchwork-LKML@patchwork.kernel.org&gt;;
	Wed,  9 Sep 2015 06:56:47 +0000 (UTC)
Received: (majordomo@vger.kernel.org) by vger.kernel.org via listexpand
	id S1753108AbbIIG4f (ORCPT
	&lt;rfc822;patchwork-LKML@patchwork.kernel.org&gt;);
	Wed, 9 Sep 2015 02:56:35 -0400
Received: from mail-yk0-f171.google.com ([209.85.160.171]:32895 &quot;EHLO
	mail-yk0-f171.google.com&quot; rhost-flags-OK-OK-OK-OK) by vger.kernel.org
	with ESMTP id S1751793AbbIIG4W (ORCPT
	&lt;rfc822;linux-kernel@vger.kernel.org&gt;);
	Wed, 9 Sep 2015 02:56:22 -0400
Received: by ykei199 with SMTP id i199so1253097yke.0
	for &lt;linux-kernel@vger.kernel.org&gt;;
	Tue, 08 Sep 2015 23:56:21 -0700 (PDT)
DKIM-Signature: v=1; a=rsa-sha256; c=relaxed/relaxed;
	d=gmail.com; s=20120113;
	h=mime-version:reply-to:in-reply-to:references:date:message-id
	:subject:from:to:cc:content-type;
	bh=6muMEivdUBsyDwMQ8r+ogBeukGlDf4+vWQ8YPBEc8mk=;
	b=YfKV7/gYq33rOTDYFW1e1WSaGALgLmpzoEP3ImIuJXVXTqtrVr/6b6DvyFf7d4njgn
	vicIYrxUStgHaP+pC5Ylc0pOd7jiQ+Y85RLCtF+ZEl6BdoPJ1BzUA1cAXvHSDjU/wcOj
	F4nBhl0jjoPNsSJdoDeDrT3qSRFRjauT8M26Hm2nualeGz0bmiDpjAZ794RWWKSvc3d3
	h6TOrPPept1YqOYS817IpATJ3sARgyixh33OXbSE5kIlnmme7CleW0Se1z6WEELhnHa1
	jmmY5ec3F77sk8KG26gUzqgmwXvIc2RSzxE8n/XLGJG3//y1z8fN6c4H/jiZ2gVxE5Rj
	RUKw==
MIME-Version: 1.0
X-Received: by 10.13.196.129 with SMTP id
	g123mr35542686ywd.157.1441781781450; 
	Tue, 08 Sep 2015 23:56:21 -0700 (PDT)
Received: by 10.103.3.66 with HTTP; Tue, 8 Sep 2015 23:56:21 -0700 (PDT)
Reply-To: sedat.dilek@gmail.com
In-Reply-To: &lt;CA+icZUWOcDAeu+e7aP9J5ZwpKOgjuMKtJyeM8McHZe33EM65Og@mail.gmail.com&gt;
References: &lt;CA+icZUUNac0fx8hyVtJXS5q+1WMUdGaXvW7x8e8fL-bkekA5rA@mail.gmail.com&gt;
	&lt;CA+icZUUbhu2i3c8FEH7wTjXwYqSMuS+SBk19GhfbUW4+uLeDHw@mail.gmail.com&gt;
	&lt;CA+icZUUs3KEydWRgu_Y+YqS4TcCNp2DUw3Y+KfBzX7aPg_kzLw@mail.gmail.com&gt;
	&lt;20150909022945.GB1998@dhcp-17-102.nay.redhat.com&gt;
	&lt;CA+icZUUgVEaYmToXd6j4sHT2PW3CH++B7DcO-Mj48W2rBD6yAQ@mail.gmail.com&gt;
	&lt;20150909032541.GC1998@dhcp-17-102.nay.redhat.com&gt;
	&lt;CA+icZUWOcDAeu+e7aP9J5ZwpKOgjuMKtJyeM8McHZe33EM65Og@mail.gmail.com&gt;
Date: Wed, 9 Sep 2015 08:56:21 +0200
Message-ID: &lt;CA+icZUXNWWHrx4mgzudafMwq1HOZd5FZY2QTicY5a-eYF=D8Kg@mail.gmail.com&gt;
Subject: Re: [llvmlinux] percpu | bitmap issue? (Cannot boot on bare metal
	due to a kernel NULL pointer dereference)
From: Sedat Dilek &lt;sedat.dilek@gmail.com&gt;
To: Baoquan He &lt;bhe@redhat.com&gt;
Cc: Denys Vlasenko &lt;dvlasenk@redhat.com&gt;, Tejun Heo &lt;tj@kernel.org&gt;,
	Christoph Lameter &lt;cl@linux.com&gt;, LKML &lt;linux-kernel@vger.kernel.org&gt;,
	Andrew Morton &lt;akpm@linux-foundation.org&gt;,
	David Rientjes &lt;rientjes@google.com&gt;,
	Linus Torvalds &lt;torvalds@linux-foundation.org&gt;,
	Peter Zijlstra &lt;peterz@infradead.org&gt;,
	Thomas Gleixner &lt;tglx@linutronix.de&gt;,
	Thomas Graf &lt;tgraf@suug.ch&gt;, Ingo Molnar &lt;mingo@kernel.org&gt;,
	&quot;the arch/x86 maintainers&quot; &lt;x86@kernel.org&gt;
Content-Type: multipart/mixed; boundary=001a114d80fcee3c9a051f4afae0
Sender: linux-kernel-owner@vger.kernel.org
Precedence: bulk
List-ID: &lt;linux-kernel.vger.kernel.org&gt;
X-Mailing-List: linux-kernel@vger.kernel.org
X-Spam-Status: No, score=-6.8 required=5.0 tests=BAYES_00,
	DKIM_ADSP_CUSTOM_MED, 
	DKIM_SIGNED, FREEMAIL_FROM, RCVD_IN_DNSWL_HI, T_DKIM_INVALID,
	T_RP_MATCHES_RCVD, 
	T_TVD_MIME_EPI, UNPARSEABLE_RELAY autolearn=unavailable version=3.3.1
X-Spam-Checker-Version: SpamAssassin 3.3.1 (2010-03-16) on mail.kernel.org
X-Virus-Scanned: ClamAV using ClamSMTP
</pre>
   </div>
  </td>
 </tr>
</table>

<div class="patchforms">





 <div style="clear: both;">
 </div>
</div>



<h2>Comments</h2>

<div class="comment">
<div class="meta"><a href="/project/LKML/list/?submitter=41441">Sedat Dilek</a> - Sept. 9, 2015, 6:56 a.m.</div>
<pre class="content">
On Wed, Sep 9, 2015 at 5:46 AM, Sedat Dilek &lt;sedat.dilek@gmail.com&gt; wrote:
<span class="quote">&gt; On Wed, Sep 9, 2015 at 5:25 AM, Baoquan He &lt;bhe@redhat.com&gt; wrote:</span>
<span class="quote">&gt;&gt; Hi Sedat,</span>
<span class="quote">&gt;&gt;</span>
<span class="quote">&gt;&gt; On 09/09/15 at 04:51am, Sedat Dilek wrote:</span>
<span class="quote">&gt;&gt;&gt; On Wed, Sep 9, 2015 at 4:29 AM, Baoquan He &lt;bhe@redhat.com&gt; wrote:</span>
<span class="quote">&gt;&gt;&gt; commit 1a1d48a4a8fde49aedc045d894efe67173d59fe0</span>
<span class="quote">&gt;&gt;&gt; &quot;linux/bitmap: Force inlining of bitmap weight functions&quot;</span>
<span class="quote">&gt;&gt;&gt;</span>
<span class="quote">&gt;&gt;&gt; ...on top of Linux v4.2.</span>
<span class="quote">&gt;&gt;&gt;</span>
<span class="quote">&gt;&gt;&gt; This resulted in the same call-trace in QEMU.</span>
<span class="quote">&gt;&gt;&gt;</span>
<span class="quote">&gt;&gt;&gt; I hacked around to only re-build mm/percpu.c with GCC (rest with</span>
<span class="quote">&gt;&gt;&gt; CLANG) with some guidance from Linus (compiler warapper-script) etc.</span>
<span class="quote">&gt;&gt;</span>
<span class="quote">&gt;&gt; Sorry, from below log message and code flow I didn&#39;t get what&#39;s wrong</span>
<span class="quote">&gt;&gt; with it. I am working on another issue which gives me much headache,</span>
<span class="quote">&gt;&gt; don&#39;t hvae time to look into the the disassembling code now. But if GCC</span>
<span class="quote">&gt;&gt; built code works, it should be related to compiler issues. You can try</span>
<span class="quote">&gt;&gt; more tests, e.g build percpu.c bitmap.c with GCC. Maybe other people</span>
<span class="quote">&gt;&gt; can give suggestions.</span>
<span class="quote">&gt;&gt;</span>
<span class="quote">&gt;&gt; Sorry again, Sedat.</span>
<span class="quote">&gt;&gt;</span>
<span class="quote">&gt;</span>
<span class="quote">&gt; Hi Baoquan,</span>
<span class="quote">&gt;</span>
<span class="quote">&gt; OK, I understand your situation and kernel folks are within</span>
<span class="quote">&gt; merge-window or you have to concentrate on your daily work etc.</span>
<span class="quote">&gt;</span>
<span class="quote">&gt; I have found some more playground</span>
<span class="quote">&gt;</span>
<span class="quote">&gt; The article &quot;Force a function to be inline in Clang/LLVM&quot; from</span>
<span class="quote">&gt; &lt;http://stackoverflow.com&gt; in [1] says...</span>
<span class="quote">&gt;</span>
<span class="quote">&gt; &quot;There is a good solution if compiling with C99 which is Clang&#39;s</span>
<span class="quote">&gt; default. Its simply using inline attribute.</span>
<span class="quote">&gt;</span>
<span class="quote">&gt; inline void foo() {}</span>
<span class="quote">&gt;</span>
<span class="quote">&gt; [...]</span>
<span class="quote">&gt;</span>
<span class="quote">&gt; So in order to guarantee that the function is inlined:</span>
<span class="quote">&gt;</span>
<span class="quote">&gt; 1. Don’t use static inline.</span>
<span class="quote">&gt; 2. Don’t add another implementation for the function that doesn&#39;t have</span>
<span class="quote">&gt; inline attribute.</span>
<span class="quote">&gt; 3. You must use optimization. But even if there isn&#39;t optimization the</span>
<span class="quote">&gt; compilation will fail which is good.</span>
<span class="quote">&gt; 4. Make sure not to compile with GNU89.&quot;</span>
<span class="quote">&gt;</span>
<span class="quote">&gt; So I added to Linux main Makefile...</span>
<span class="quote">&gt;</span>
<span class="quote">&gt; $ git diff</span>
<span class="quote">&gt; diff --git a/Makefile b/Makefile</span>
<span class="quote">&gt; index 0e333fd142a1..e1723367ece4 100644</span>
<span class="quote">&gt; --- a/Makefile</span>
<span class="quote">&gt; +++ b/Makefile</span>
<span class="quote">&gt; @@ -702,6 +702,14 @@ KBUILD_CFLAGS += $(call cc-disable-warning,</span>
<span class="quote">&gt; tautological-compare)</span>
<span class="quote">&gt;  # See modpost pattern 2</span>
<span class="quote">&gt;  KBUILD_CFLAGS += $(call cc-option, -mno-global-merge,)</span>
<span class="quote">&gt;</span>
<span class="quote">&gt; +# Force a function to be inline in Clang/LLVM</span>
<span class="quote">&gt; +# http://stackoverflow.com/questions/25602813/force-a-function-to-be-inline-in-clang-llvm</span>
<span class="quote">&gt; +# https://gcc.gnu.org/bugzilla/show_bug.cgi?id=66122</span>
<span class="quote">&gt; +# http://marc.info/?t=144156156700001&amp;r=1&amp;w=2</span>
<span class="quote">&gt; +ifdef CONFIG_OPTIMIZE_INLINING</span>
<span class="quote">&gt; +KBUILD_CFLAGS += $(call cc-option,-always-inline)</span>
<span class="quote">&gt; +endif</span>
<span class="quote">&gt; +</span>
<span class="quote">&gt;  else</span>
<span class="quote">&gt;</span>
<span class="quote">&gt;  KBUILD_CFLAGS += $(call cc-option,-fno-delete-null-pointer-checks,)</span>
<span class="quote">&gt;</span>
<span class="quote">&gt; Some comments below...</span>
<span class="quote">&gt;</span>
<span class="quote">&gt; Thanks in advance!</span>
<span class="quote">&gt;</span>
<span class="quote">&gt;&gt; setup_percpu: NR_CPUS:256 nr_cpumask_bits:256 nr_cpu_ids:1 nr_node_ids:1</span>
<span class="quote">&gt;&gt;</span>
<span class="quote">&gt;&gt; arch/x86/kernel/setup_percpu.c:setup_per_cpu_areas() -&gt;</span>
<span class="quote">&gt;&gt; mm/percpu.c : pcpu_embed_first_chunk() -&gt;</span>
<span class="quote">&gt;&gt; mm/percpu.c:pcpu_build_alloc_info() -&gt;</span>
<span class="quote">&gt;&gt; include/linux/cpumask.h:</span>
<span class="quote">&gt;&gt; #define num_possible_cpus()     cpumask_weight(cpu_possible_mask)</span>
<span class="quote">&gt;&gt; static inline unsigned int cpumask_weight(const struct cpumask *srcp)</span>
<span class="quote">&gt;&gt; {</span>
<span class="quote">&gt;&gt;         return bitmap_weight(cpumask_bits(srcp), nr_cpumask_bits);</span>
<span class="quote">&gt;&gt; }</span>
<span class="quote">&gt;&gt;</span>
<span class="quote">&gt;</span>
<span class="quote">&gt; s/inline/__always_inline/ ???</span>
<span class="quote">&gt;</span>
<span class="quote">&gt;&gt; include/linux/bitmap.h:</span>
<span class="quote">&gt;&gt; static inline int bitmap_weight(const unsigned long *src, unsigned int nbits)</span>
<span class="quote">&gt;&gt; {</span>
<span class="quote">&gt;&gt;         if (small_const_nbits(nbits))</span>
<span class="quote">&gt;&gt;                 return hweight_long(*src &amp; BITMAP_LAST_WORD_MASK(nbits));</span>
<span class="quote">&gt;&gt;         return __bitmap_weight(src, nbits);</span>
<span class="quote">&gt;&gt; }</span>
<span class="quote">&gt;&gt;</span>
<span class="quote">&gt;</span>
<span class="quote">&gt; s/inline/__always_inline/ ???</span>
<span class="quote">&gt;</span>
<span class="quote">&gt; Already realized in &quot;linux/bitmap: Force inlining of bitmap weight</span>
<span class="quote">&gt; functions&quot; upstream (see [3], but not available for Linux v4.2).</span>
<span class="quote">&gt;</span>
<span class="quote">&gt;&gt; lib/bitmap.c:</span>
<span class="quote">&gt;&gt; int __bitmap_weight(const unsigned long *bitmap, unsigned int bits)</span>
<span class="quote">&gt;&gt; {</span>
<span class="quote">&gt;&gt;         unsigned int k, lim = bits/BITS_PER_LONG;</span>
<span class="quote">&gt;&gt;         int w = 0;</span>
<span class="quote">&gt;&gt;</span>
<span class="quote">&gt;&gt;         for (k = 0; k &lt; lim; k++)</span>
<span class="quote">&gt;&gt;                 w += hweight_long(bitmap[k]);</span>
<span class="quote">&gt;&gt;</span>
<span class="quote">&gt;&gt;         if (bits % BITS_PER_LONG)</span>
<span class="quote">&gt;&gt;                 w += hweight_long(bitmap[k] &amp; BITMAP_LAST_WORD_MASK(bits));</span>
<span class="quote">&gt;&gt;</span>
<span class="quote">&gt;&gt;         return w;</span>
<span class="quote">&gt;&gt; }</span>
<span class="quote">&gt;&gt; EXPORT_SYMBOL(__bitmap_weight);</span>
<span class="quote">&gt;&gt;</span>
<span class="quote">&gt;</span>
<span class="quote">&gt; Thanks again.</span>
<span class="quote">&gt;</span>
<span class="quote">&gt; - Sedat -</span>
<span class="quote">&gt;</span>
<span class="quote">&gt; [1] http://stackoverflow.com/questions/25602813/force-a-function-to-be-inline-in-clang-llvm</span>
<span class="quote">&gt; [2] http://git.linuxfoundation.org/?p=llvmlinux.git;a=blob;f=arch/all/patches/compiler-gcc.patch</span>
<span class="quote">&gt; [3] http://git.kernel.org/cgit/linux/kernel/git/torvalds/linux.git/commit/?id=1a1d48a4a8fde49aedc045d894efe67173d59fe0</span>

None of the force-inlining patches helped.

      cpumask: Force inlining of cpumask_weight function
      nodemask: Force inlining of __nodes_weight function

If I recompile lib/bitmap.o with GCC v4.9 (see attached file) and
re-invoke make I can boot into this mixture of clang-gcc-compiled
Linux-kernel.

I have here CONFIG_OPTIMIZE_INLINING=n, but I doubt this had an effect.

CONCLUSION:

The problem exists in lib/bitmap.c - cannot say what is wrong with it
when compiling with CLANG v3.7.

Regards,
- Sedat -
[    0.000000] Initializing cgroup subsys cpuset
[    0.000000] Initializing cgroup subsys cpu
[    0.000000] Initializing cgroup subsys cpuacct
[    0.000000] Linux version 4.2.0-4-llvmlinux-small (sedat.dilek@gmail.com@fambox) (clang version 3.7.0 (tags/RELEASE_370/final)) #2 SMP Wed Sep 9 08:42:22 CEST 2015
[    0.000000] Command line: BOOT_IMAGE=/boot/vmlinuz-4.2.0-4-llvmlinux-small root=UUID=001AADA61AAD9964 loop=/ubuntu/disks/root.disk ro
[    0.000000] KERNEL supported cpus:
[    0.000000]   Intel GenuineIntel
[    0.000000]   AMD AuthenticAMD
[    0.000000]   Centaur CentaurHauls
[    0.000000] Disabled fast string operations
[    0.000000] x86/fpu: xstate_offset[2]: 0240, xstate_sizes[2]: 0100
[    0.000000] x86/fpu: Supporting XSAVE feature 0x01: &#39;x87 floating point registers&#39;
[    0.000000] x86/fpu: Supporting XSAVE feature 0x02: &#39;SSE registers&#39;
[    0.000000] x86/fpu: Supporting XSAVE feature 0x04: &#39;AVX registers&#39;
[    0.000000] x86/fpu: Enabled xstate features 0x7, context size is 0x340 bytes, using &#39;standard&#39; format.
[    0.000000] x86/fpu: Using &#39;eager&#39; FPU context switches.
[    0.000000] e820: BIOS-provided physical RAM map:
[    0.000000] BIOS-e820: [mem 0x0000000000000000-0x000000000009d7ff] usable
[    0.000000] BIOS-e820: [mem 0x000000000009d800-0x000000000009ffff] reserved
[    0.000000] BIOS-e820: [mem 0x00000000000e0000-0x00000000000fffff] reserved
[    0.000000] BIOS-e820: [mem 0x0000000000100000-0x000000001fffffff] usable
[    0.000000] BIOS-e820: [mem 0x0000000020000000-0x00000000201fffff] reserved
[    0.000000] BIOS-e820: [mem 0x0000000020200000-0x000000003fffffff] usable
[    0.000000] BIOS-e820: [mem 0x0000000040000000-0x00000000401fffff] reserved
[    0.000000] BIOS-e820: [mem 0x0000000040200000-0x00000000d9c9efff] usable
[    0.000000] BIOS-e820: [mem 0x00000000d9c9f000-0x00000000dae7efff] reserved
[    0.000000] BIOS-e820: [mem 0x00000000dae7f000-0x00000000daf9efff] ACPI NVS
[    0.000000] BIOS-e820: [mem 0x00000000daf9f000-0x00000000daffefff] ACPI data
[    0.000000] BIOS-e820: [mem 0x00000000dafff000-0x00000000daffffff] usable
[    0.000000] BIOS-e820: [mem 0x00000000db000000-0x00000000df9fffff] reserved
[    0.000000] BIOS-e820: [mem 0x00000000f8000000-0x00000000fbffffff] reserved
[    0.000000] BIOS-e820: [mem 0x00000000fec00000-0x00000000fec00fff] reserved
[    0.000000] BIOS-e820: [mem 0x00000000fed08000-0x00000000fed08fff] reserved
[    0.000000] BIOS-e820: [mem 0x00000000fed10000-0x00000000fed19fff] reserved
[    0.000000] BIOS-e820: [mem 0x00000000fed1c000-0x00000000fed1ffff] reserved
[    0.000000] BIOS-e820: [mem 0x00000000fee00000-0x00000000fee00fff] reserved
[    0.000000] BIOS-e820: [mem 0x00000000ffd80000-0x00000000ffffffff] reserved
[    0.000000] BIOS-e820: [mem 0x0000000100000000-0x000000011fdfffff] usable
[    0.000000] NX (Execute Disable) protection: active
[    0.000000] SMBIOS 2.6 present.
[    0.000000] DMI: SAMSUNG ELECTRONICS CO., LTD. 530U3BI/530U4BI/530U4BH/530U3BI/530U4BI/530U4BH, BIOS 13XK 03/28/2013
[    0.000000] e820: update [mem 0x00000000-0x00000fff] usable ==&gt; reserved
[    0.000000] e820: remove [mem 0x000a0000-0x000fffff] usable
[    0.000000] e820: last_pfn = 0x11fe00 max_arch_pfn = 0x400000000
[    0.000000] MTRR default type: uncachable
[    0.000000] MTRR fixed ranges enabled:
[    0.000000]   00000-9FFFF write-back
[    0.000000]   A0000-BFFFF uncachable
[    0.000000]   C0000-FFFFF write-protect
[    0.000000] MTRR variable ranges enabled:
[    0.000000]   0 base 000000000 mask F80000000 write-back
[    0.000000]   1 base 080000000 mask FC0000000 write-back
[    0.000000]   2 base 0C0000000 mask FE0000000 write-back
[    0.000000]   3 base 0DC000000 mask FFC000000 uncachable
[    0.000000]   4 base 0DB000000 mask FFF000000 uncachable
[    0.000000]   5 base 100000000 mask FE0000000 write-back
[    0.000000]   6 base 11FE00000 mask FFFE00000 uncachable
[    0.000000]   7 base 0FFC00000 mask FFFC00000 write-protect
[    0.000000]   8 disabled
[    0.000000]   9 disabled
[    0.000000] x86/PAT: Configuration [0-7]: WB  WC  UC- UC  WB  WC  UC- WT  
[    0.000000] e820: last_pfn = 0xdb000 max_arch_pfn = 0x400000000
[    0.000000] found SMP MP-table at [mem 0x000f00e0-0x000f00ef] mapped at [ffff8800000f00e0]
[    0.000000] Scanning 1 areas for low memory corruption
[    0.000000] Base memory trampoline at [ffff880000096000] 96000 size 28672
[    0.000000] reserving inaccessible SNB gfx pages
[    0.000000] init_memory_mapping: [mem 0x00000000-0x000fffff]
[    0.000000]  [mem 0x00000000-0x000fffff] page 4k
[    0.000000] BRK [0x03038000, 0x03038fff] PGTABLE
[    0.000000] BRK [0x03039000, 0x03039fff] PGTABLE
[    0.000000] BRK [0x0303a000, 0x0303afff] PGTABLE
[    0.000000] init_memory_mapping: [mem 0x11fc00000-0x11fdfffff]
[    0.000000]  [mem 0x11fc00000-0x11fdfffff] page 2M
[    0.000000] BRK [0x0303b000, 0x0303bfff] PGTABLE
[    0.000000] init_memory_mapping: [mem 0x100000000-0x11fbfffff]
[    0.000000]  [mem 0x100000000-0x11fbfffff] page 2M
[    0.000000] init_memory_mapping: [mem 0xc0000000-0xd9c9efff]
[    0.000000]  [mem 0xc0000000-0xd9bfffff] page 2M
[    0.000000]  [mem 0xd9c00000-0xd9c9efff] page 4k
[    0.000000] BRK [0x0303c000, 0x0303cfff] PGTABLE
[    0.000000] BRK [0x0303d000, 0x0303dfff] PGTABLE
[    0.000000] init_memory_mapping: [mem 0xdafff000-0xdaffffff]
[    0.000000]  [mem 0xdafff000-0xdaffffff] page 4k
[    0.000000] init_memory_mapping: [mem 0x00100000-0x1fffffff]
[    0.000000]  [mem 0x00100000-0x001fffff] page 4k
[    0.000000]  [mem 0x00200000-0x1fffffff] page 2M
[    0.000000] init_memory_mapping: [mem 0x20200000-0x3fffffff]
[    0.000000]  [mem 0x20200000-0x3fffffff] page 2M
[    0.000000] init_memory_mapping: [mem 0x40200000-0xbfffffff]
[    0.000000]  [mem 0x40200000-0xbfffffff] page 2M
[    0.000000] RAMDISK: [mem 0x37856000-0x37c22fff]
[    0.000000] ACPI: Early table checksum verification disabled
[    0.000000] ACPI: RSDP 0x00000000000F0100 000024 (v02 SECCSD)
[    0.000000] ACPI: XSDT 0x00000000DAFFE170 00008C (v01 SECCSD LH43STAR 00000002 PTEC 00000002)
[    0.000000] ACPI: FACP 0x00000000DAFEF000 00010C (v05 SECCSD LH43STAR 00000002 PTL  00000002)
[    0.000000] ACPI: DSDT 0x00000000DAFF2000 0083AC (v02 SECCSD SNB-CPT  00000000 INTL 20061109)
[    0.000000] ACPI: FACS 0x00000000DAF47000 000040
[    0.000000] ACPI: SLIC 0x00000000DAFFD000 000176 (v01 SECCSD LH43STAR 00000002 PTEC 00000001)
[    0.000000] ACPI: SSDT 0x00000000DAFFB000 001068 (v01 SECCSD PtidDevc 00001000 INTL 20061109)
[    0.000000] ACPI: ASF! 0x00000000DAFF1000 0000A5 (v32 SECCSD LH43STAR 00000002 PTL  00000002)
[    0.000000] ACPI: HPET 0x00000000DAFEE000 000038 (v01 SECCSD LH43STAR 00000002 PTL  00000002)
[    0.000000] ACPI: APIC 0x00000000DAFED000 000098 (v03 SECCSD LH43STAR 00000002 PTL  00000002)
[    0.000000] ACPI: MCFG 0x00000000DAFEC000 00003C (v01 SECCSD LH43STAR 00000002 PTL  00000002)
[    0.000000] ACPI: SSDT 0x00000000DAFEB000 000804 (v01 PmRef  Cpu0Ist  00003000 INTL 20061109)
[    0.000000] ACPI: SSDT 0x00000000DAFEA000 000996 (v01 PmRef  CpuPm    00003000 INTL 20061109)
[    0.000000] ACPI: UEFI 0x00000000DAFE9000 00003E (v01 SECCSD LH43STAR 00000002 PTL  00000002)
[    0.000000] ACPI: UEFI 0x00000000DAFE8000 000042 (v01 PTL    COMBUF   00000001 PTL  00000001)
[    0.000000] ACPI: UEFI 0x00000000DAFE7000 00026A (v01 SECCSD LH43STAR 00000002 PTL  00000002)
[    0.000000] ACPI: SSDT 0x00000000DAFE6000 0000D0 (v01 Iffs   IffsAsl  00003000 INTL 20061109)
[    0.000000] ACPI: Local APIC address 0xfee00000
[    0.000000] No NUMA configuration found
[    0.000000] Faking a node at [mem 0x0000000000000000-0x000000011fdfffff]
[    0.000000] NODE_DATA(0) allocated [mem 0x11fdf8000-0x11fdfcfff]
[    0.000000]  [ffffea0000000000-ffffea00047fffff] PMD -&gt; [ffff88011b400000-ffff88011f3fffff] on node 0
[    0.000000] Zone ranges:
[    0.000000]   DMA      [mem 0x0000000000001000-0x0000000000ffffff]
[    0.000000]   DMA32    [mem 0x0000000001000000-0x00000000ffffffff]
[    0.000000]   Normal   [mem 0x0000000100000000-0x000000011fdfffff]
[    0.000000] Movable zone start for each node
[    0.000000] Early memory node ranges
[    0.000000]   node   0: [mem 0x0000000000001000-0x000000000009cfff]
[    0.000000]   node   0: [mem 0x0000000000100000-0x000000001fffffff]
[    0.000000]   node   0: [mem 0x0000000020200000-0x000000003fffffff]
[    0.000000]   node   0: [mem 0x0000000040200000-0x00000000d9c9efff]
[    0.000000]   node   0: [mem 0x00000000dafff000-0x00000000daffffff]
[    0.000000]   node   0: [mem 0x0000000100000000-0x000000011fdfffff]
[    0.000000] Initmem setup node 0 [mem 0x0000000000001000-0x000000011fdfffff]
[    0.000000] On node 0 totalpages: 1021500
[    0.000000]   DMA zone: 64 pages used for memmap
[    0.000000]   DMA zone: 156 pages reserved
[    0.000000]   DMA zone: 3996 pages, LIFO batch:0
[    0.000000]   DMA32 zone: 13859 pages used for memmap
[    0.000000]   DMA32 zone: 886944 pages, LIFO batch:31
[    0.000000]   Normal zone: 2040 pages used for memmap
[    0.000000]   Normal zone: 130560 pages, LIFO batch:31
[    0.000000] Reserving Intel graphics stolen memory at 0xdba00000-0xdf9fffff
[    0.000000] ACPI: PM-Timer IO Port: 0x408
[    0.000000] ACPI: Local APIC address 0xfee00000
[    0.000000] ACPI: LAPIC_NMI (acpi_id[0x00] high edge lint[0x1])
[    0.000000] ACPI: LAPIC_NMI (acpi_id[0x01] high edge lint[0x1])
[    0.000000] IOAPIC[0]: apic_id 14, version 32, address 0xfec00000, GSI 0-23
[    0.000000] ACPI: INT_SRC_OVR (bus 0 bus_irq 0 global_irq 2 dfl dfl)
[    0.000000] ACPI: INT_SRC_OVR (bus 0 bus_irq 9 global_irq 9 high level)
[    0.000000] ACPI: IRQ0 used by override.
[    0.000000] ACPI: IRQ9 used by override.
[    0.000000] Using ACPI (MADT) for SMP configuration information
[    0.000000] ACPI: HPET id: 0x8086a301 base: 0xfed00000
[    0.000000] smpboot: Allowing 8 CPUs, 4 hotplug CPUs
[    0.000000] PM: Registered nosave memory: [mem 0x00000000-0x00000fff]
[    0.000000] PM: Registered nosave memory: [mem 0x0009d000-0x0009dfff]
[    0.000000] PM: Registered nosave memory: [mem 0x0009e000-0x0009ffff]
[    0.000000] PM: Registered nosave memory: [mem 0x000a0000-0x000dffff]
[    0.000000] PM: Registered nosave memory: [mem 0x000e0000-0x000fffff]
[    0.000000] PM: Registered nosave memory: [mem 0x20000000-0x201fffff]
[    0.000000] PM: Registered nosave memory: [mem 0x40000000-0x401fffff]
[    0.000000] PM: Registered nosave memory: [mem 0xd9c9f000-0xdae7efff]
[    0.000000] PM: Registered nosave memory: [mem 0xdae7f000-0xdaf9efff]
[    0.000000] PM: Registered nosave memory: [mem 0xdaf9f000-0xdaffefff]
[    0.000000] PM: Registered nosave memory: [mem 0xdb000000-0xdf9fffff]
[    0.000000] PM: Registered nosave memory: [mem 0xdfa00000-0xf7ffffff]
[    0.000000] PM: Registered nosave memory: [mem 0xf8000000-0xfbffffff]
[    0.000000] PM: Registered nosave memory: [mem 0xfc000000-0xfebfffff]
[    0.000000] PM: Registered nosave memory: [mem 0xfec00000-0xfec00fff]
[    0.000000] PM: Registered nosave memory: [mem 0xfec01000-0xfed07fff]
[    0.000000] PM: Registered nosave memory: [mem 0xfed08000-0xfed08fff]
[    0.000000] PM: Registered nosave memory: [mem 0xfed09000-0xfed0ffff]
[    0.000000] PM: Registered nosave memory: [mem 0xfed10000-0xfed19fff]
[    0.000000] PM: Registered nosave memory: [mem 0xfed1a000-0xfed1bfff]
[    0.000000] PM: Registered nosave memory: [mem 0xfed1c000-0xfed1ffff]
[    0.000000] PM: Registered nosave memory: [mem 0xfed20000-0xfedfffff]
[    0.000000] PM: Registered nosave memory: [mem 0xfee00000-0xfee00fff]
[    0.000000] PM: Registered nosave memory: [mem 0xfee01000-0xffd7ffff]
[    0.000000] PM: Registered nosave memory: [mem 0xffd80000-0xffffffff]
[    0.000000] e820: [mem 0xdfa00000-0xf7ffffff] available for PCI devices
[    0.000000] Booting paravirtualized kernel on bare hardware
[    0.000000] clocksource: refined-jiffies: mask: 0xffffffff max_cycles: 0xffffffff, max_idle_ns: 7645519600211568 ns
[    0.000000] setup_percpu: NR_CPUS:256 nr_cpumask_bits:256 nr_cpu_ids:8 nr_node_ids:1
[    0.000000] PERCPU: Embedded 34 pages/cpu @ffff88011fa00000 s98440 r8192 d32632 u262144
[    0.000000] pcpu-alloc: s98440 r8192 d32632 u262144 alloc=1*2097152
[    0.000000] pcpu-alloc: [0] 0 1 2 3 4 5 6 7 
[    0.000000] Built 1 zonelists in Node order, mobility grouping on.  Total pages: 1005381
[    0.000000] Policy zone: Normal
[    0.000000] Kernel command line: BOOT_IMAGE=/boot/vmlinuz-4.2.0-4-llvmlinux-small root=UUID=001AADA61AAD9964 loop=/ubuntu/disks/root.disk ro
[    0.000000] PID hash table entries: 4096 (order: 3, 32768 bytes)
[    0.000000] Calgary: detecting Calgary via BIOS EBDA area
[    0.000000] Calgary: Unable to locate Rio Grande table in EBDA - bailing!
[    0.000000] Memory: 3914932K/4086000K available (9627K kernel code, 1179K rwdata, 3360K rodata, 3080K init, 14356K bss, 171068K reserved, 0K cma-reserved)
[    0.000000] Running RCU self tests
[    0.000000] Hierarchical RCU implementation.
[    0.000000] 	RCU lockdep checking is enabled.
[    0.000000] 	Build-time adjustment of leaf fanout to 64.
[    0.000000] 	RCU restricting CPUs from NR_CPUS=256 to nr_cpu_ids=8.
[    0.000000] RCU: Adjusting geometry for rcu_fanout_leaf=64, nr_cpu_ids=8
[    0.000000] NR_IRQS:16640 nr_irqs:488 16
[    0.000000] Console: colour dummy device 80x25
[    0.000000] console [tty0] enabled
[    0.000000] Lock dependency validator: Copyright (c) 2006 Red Hat, Inc., Ingo Molnar
[    0.000000] ... MAX_LOCKDEP_SUBCLASSES:  8
[    0.000000] ... MAX_LOCK_DEPTH:          48
[    0.000000] ... MAX_LOCKDEP_KEYS:        8191
[    0.000000] ... CLASSHASH_SIZE:          4096
[    0.000000] ... MAX_LOCKDEP_ENTRIES:     32768
[    0.000000] ... MAX_LOCKDEP_CHAINS:      65536
[    0.000000] ... CHAINHASH_SIZE:          32768
[    0.000000]  memory used by lock dependency info: 8159 kB
[    0.000000]  per task-struct memory footprint: 1920 bytes
[    0.000000] clocksource: hpet: mask: 0xffffffff max_cycles: 0xffffffff, max_idle_ns: 133484882848 ns
[    0.000000] hpet clockevent registered
[    0.000000] tsc: Fast TSC calibration using PIT
[    0.000000] tsc: Detected 1596.334 MHz processor
[    0.000004] Calibrating delay loop (skipped), value calculated using timer frequency.. 3192.66 BogoMIPS (lpj=6385336)
[    0.000020] pid_max: default: 32768 minimum: 301
[    0.000051] ACPI: Core revision 20150619
[    0.024593] ACPI: All ACPI Tables successfully acquired
[    0.024744] Security Framework initialized
[    0.024761] AppArmor: AppArmor initialized
[    0.024768] Yama: becoming mindful.
[    0.026085] Dentry cache hash table entries: 524288 (order: 10, 4194304 bytes)
[    0.027485] Inode-cache hash table entries: 262144 (order: 9, 2097152 bytes)
[    0.027975] Mount-cache hash table entries: 8192 (order: 4, 65536 bytes)
[    0.028005] Mountpoint-cache hash table entries: 8192 (order: 4, 65536 bytes)
[    0.029696] Initializing cgroup subsys blkio
[    0.029744] Initializing cgroup subsys memory
[    0.029778] Initializing cgroup subsys devices
[    0.029824] Initializing cgroup subsys freezer
[    0.029868] Initializing cgroup subsys perf_event
[    0.029884] Initializing cgroup subsys hugetlb
[    0.029941] Disabled fast string operations
[    0.029949] CPU: Physical Processor ID: 0
[    0.029955] CPU: Processor Core ID: 0
[    0.029966] ENERGY_PERF_BIAS: Set to &#39;normal&#39;, was &#39;performance&#39;
[    0.029974] ENERGY_PERF_BIAS: View and update with x86_energy_perf_policy(8)
[    0.029984] mce: CPU supports 7 MCE banks
[    0.030006] CPU0: Thermal monitoring enabled (TM1)
[    0.030032] process: using mwait in idle threads
[    0.030042] Last level iTLB entries: 4KB 512, 2MB 8, 4MB 8
[    0.030050] Last level dTLB entries: 4KB 512, 2MB 32, 4MB 32, 1GB 0
[    0.030337] Freeing SMP alternatives memory: 28K (ffffffff8222a000 - ffffffff82231000)
[    0.046775] ftrace: allocating 218473 entries in 854 pages
[    0.151829] x2apic: IRQ remapping doesn&#39;t support X2APIC mode
[    0.152515] ..TIMER: vector=0x30 apic1=0 pin1=2 apic2=-1 pin2=-1
[    0.192185] TSC deadline timer enabled
[    0.192190] smpboot: CPU0: Intel(R) Core(TM) i5-2467M CPU @ 1.60GHz (fam: 06, model: 2a, stepping: 07)
[    0.192244] Performance Events: PEBS fmt1+, 16-deep LBR, SandyBridge events, full-width counters, Intel PMU driver.
[    0.192290] ... version:                3
[    0.192295] ... bit width:              48
[    0.192300] ... generic registers:      4
[    0.192305] ... value mask:             0000ffffffffffff
[    0.192310] ... max period:             0000ffffffffffff
[    0.192315] ... fixed-purpose events:   3
[    0.192320] ... event mask:             000000070000000f
[    0.194465] x86: Booting SMP configuration:
[    0.194473] .... node  #0, CPUs:      #1
[    0.195515] Disabled fast string operations
[    0.198159] NMI watchdog: enabled on all CPUs, permanently consumes one hw-PMU counter.
[    0.198720]  #2
[    0.199752] Disabled fast string operations
[    0.202371]  #3&lt;6&gt;[    0.203410] Disabled fast string operations
[    0.205573] x86: Booted up 1 node, 4 CPUs
[    0.205587] smpboot: Total of 4 processors activated (12770.67 BogoMIPS)
[    0.210999] devtmpfs: initialized
[    0.217239] evm: security.selinux
[    0.217245] evm: security.SMACK64
[    0.217249] evm: security.capability
[    0.217428] PM: Registering ACPI NVS region [mem 0xdae7f000-0xdaf9efff] (1179648 bytes)
[    0.217819] clocksource: jiffies: mask: 0xffffffff max_cycles: 0xffffffff, max_idle_ns: 7645041785100000 ns
[    0.219461] NET: Registered protocol family 16
[    0.229829] cpuidle: using governor ladder
[    0.245777] cpuidle: using governor menu
[    0.245951] ACPI: bus type PCI registered
[    0.246267] PCI: MMCONFIG for domain 0000 [bus 00-3f] at [mem 0xf8000000-0xfbffffff] (base 0xf8000000)
[    0.246279] PCI: MMCONFIG at [mem 0xf8000000-0xfbffffff] reserved in E820
[    0.246295] PCI: Using configuration type 1 for base access
[    0.246961] perf_event_intel: PMU erratum BJ122, BV98, HSD29 worked around, HT is on
[    0.267458] ACPI: Added _OSI(Module Device)
[    0.267467] ACPI: Added _OSI(Processor Device)
[    0.267473] ACPI: Added _OSI(3.0 _SCP Extensions)
[    0.267479] ACPI: Added _OSI(Processor Aggregator Device)
[    0.278953] ACPI: Executed 1 blocks of module-level executable AML code
[    0.287564] [Firmware Bug]: ACPI: BIOS _OSI(Linux) query ignored
[    0.289391] ACPI: Dynamic OEM Table Load:
[    0.289421] ACPI: SSDT 0xFFFF88011A2FE800 000688 (v01 PmRef  Cpu0Cst  00003001 INTL 20061109)
[    0.291535] ACPI: Dynamic OEM Table Load:
[    0.291562] ACPI: SSDT 0xFFFF88011A2F8800 000303 (v01 PmRef  ApIst    00003000 INTL 20061109)
[    0.293480] ACPI: Dynamic OEM Table Load:
[    0.293506] ACPI: SSDT 0xFFFF88011A2F5A00 000119 (v01 PmRef  ApCst    00003000 INTL 20061109)
[    0.296779] ACPI : EC: EC started
[    0.298423] ACPI: Interpreter enabled
[    0.298449] ACPI Exception: AE_NOT_FOUND, While evaluating Sleep State [\_S2_] (20150619/hwxface-578)
[    0.298512] ACPI: (supports S0 S1 S3 S4 S5)
[    0.298519] ACPI: Using IOAPIC for interrupt routing
[    0.298595] PCI: Using host bridge windows from ACPI; if necessary, use &quot;pci=nocrs&quot; and report a bug
[    0.319840] ACPI: Power Resource [FN00] (off)
[    0.320302] ACPI: Power Resource [FN01] (off)
[    0.320635] ACPI: Power Resource [FN02] (off)
[    0.320964] ACPI: Power Resource [FN03] (off)
[    0.321294] ACPI: Power Resource [FN04] (off)
[    0.323636] ACPI: PCI Root Bridge [PCI0] (domain 0000 [bus 00-3e])
[    0.323651] acpi PNP0A08:00: _OSC: OS supports [ExtendedConfig ASPM ClockPM Segments MSI]
[    0.324252] \_SB_.PCI0:_OSC invalid UUID
[    0.324254] _OSC request data:1 1f 0 
[    0.324260] acpi PNP0A08:00: _OSC failed (AE_ERROR); disabling ASPM
[    0.325168] PCI host bridge to bus 0000:00
[    0.325177] pci_bus 0000:00: root bus resource [bus 00-3e]
[    0.325185] pci_bus 0000:00: root bus resource [io  0x0000-0x0cf7 window]
[    0.325193] pci_bus 0000:00: root bus resource [io  0x0d00-0xffff window]
[    0.325200] pci_bus 0000:00: root bus resource [mem 0x000a0000-0x000bffff window]
[    0.325209] pci_bus 0000:00: root bus resource [mem 0xdfa00000-0xfeafffff window]
[    0.325218] pci_bus 0000:00: root bus resource [mem 0xfed40000-0xfed44fff window]
[    0.325282] pci 0000:00:00.0: [8086:0104] type 00 class 0x060000
[    0.325674] pci 0000:00:02.0: [8086:0116] type 00 class 0x030000
[    0.325702] pci 0000:00:02.0: reg 0x10: [mem 0xf0000000-0xf03fffff 64bit]
[    0.325714] pci 0000:00:02.0: reg 0x18: [mem 0xe0000000-0xefffffff 64bit pref]
[    0.325722] pci 0000:00:02.0: reg 0x20: [io  0x3000-0x303f]
[    0.326215] pci 0000:00:16.0: [8086:1c3a] type 00 class 0x078000
[    0.326276] pci 0000:00:16.0: reg 0x10: [mem 0xf0705000-0xf070500f 64bit]
[    0.326395] pci 0000:00:16.0: PME# supported from D0 D3hot D3cold
[    0.326739] pci 0000:00:1a.0: [8086:1c2d] type 00 class 0x0c0320
[    0.326794] pci 0000:00:1a.0: reg 0x10: [mem 0xf070a000-0xf070a3ff]
[    0.326929] pci 0000:00:1a.0: PME# supported from D0 D3hot D3cold
[    0.327239] pci 0000:00:1b.0: [8086:1c20] type 00 class 0x040300
[    0.327298] pci 0000:00:1b.0: reg 0x10: [mem 0xf0700000-0xf0703fff 64bit]
[    0.327435] pci 0000:00:1b.0: PME# supported from D0 D3hot D3cold
[    0.327628] pci 0000:00:1b.0: System wakeup disabled by ACPI
[    0.327790] pci 0000:00:1c.0: [8086:1c10] type 01 class 0x060400
[    0.327942] pci 0000:00:1c.0: PME# supported from D0 D3hot D3cold
[    0.328096] pci 0000:00:1c.0: System wakeup disabled by ACPI
[    0.328264] pci 0000:00:1c.3: [8086:1c16] type 01 class 0x060400
[    0.328414] pci 0000:00:1c.3: PME# supported from D0 D3hot D3cold
[    0.328568] pci 0000:00:1c.3: System wakeup disabled by ACPI
[    0.328729] pci 0000:00:1c.4: [8086:1c18] type 01 class 0x060400
[    0.328879] pci 0000:00:1c.4: PME# supported from D0 D3hot D3cold
[    0.329188] pci 0000:00:1d.0: [8086:1c26] type 00 class 0x0c0320
[    0.329243] pci 0000:00:1d.0: reg 0x10: [mem 0xf0709000-0xf07093ff]
[    0.329378] pci 0000:00:1d.0: PME# supported from D0 D3hot D3cold
[    0.329674] pci 0000:00:1f.0: [8086:1c49] type 00 class 0x060100
[    0.330130] pci 0000:00:1f.2: [8086:1c03] type 00 class 0x010601
[    0.330189] pci 0000:00:1f.2: reg 0x10: [io  0x3088-0x308f]
[    0.330206] pci 0000:00:1f.2: reg 0x14: [io  0x3094-0x3097]
[    0.330224] pci 0000:00:1f.2: reg 0x18: [io  0x3080-0x3087]
[    0.330241] pci 0000:00:1f.2: reg 0x1c: [io  0x3090-0x3093]
[    0.330258] pci 0000:00:1f.2: reg 0x20: [io  0x3060-0x307f]
[    0.330275] pci 0000:00:1f.2: reg 0x24: [mem 0xf0708000-0xf07087ff]
[    0.330343] pci 0000:00:1f.2: PME# supported from D3hot
[    0.330635] pci 0000:00:1f.3: [8086:1c22] type 00 class 0x0c0500
[    0.330673] pci 0000:00:1f.3: reg 0x10: [mem 0xf0704000-0xf07040ff 64bit]
[    0.330720] pci 0000:00:1f.3: reg 0x20: [io  0xefa0-0xefbf]
[    0.331393] pci 0000:01:00.0: [8086:0091] type 00 class 0x028000
[    0.332017] pci 0000:01:00.0: reg 0x10: [mem 0xf0600000-0xf0601fff 64bit]
[    0.333351] pci 0000:01:00.0: PME# supported from D0 D3hot D3cold
[    0.333610] pci 0000:01:00.0: System wakeup disabled by ACPI
[    0.338240] pci 0000:00:1c.0: PCI bridge to [bus 01]
[    0.338257] pci 0000:00:1c.0:   bridge window [mem 0xf0600000-0xf06fffff]
[    0.338474] pci 0000:02:00.0: [10ec:8168] type 00 class 0x020000
[    0.338673] pci 0000:02:00.0: reg 0x10: [io  0x2000-0x20ff]
[    0.338811] pci 0000:02:00.0: reg 0x18: [mem 0xf0404000-0xf0404fff 64bit pref]
[    0.338896] pci 0000:02:00.0: reg 0x20: [mem 0xf0400000-0xf0403fff 64bit pref]
[    0.339187] pci 0000:02:00.0: supports D1 D2
[    0.339189] pci 0000:02:00.0: PME# supported from D0 D1 D2 D3hot D3cold
[    0.339327] pci 0000:02:00.0: System wakeup disabled by ACPI
[    0.346121] pci 0000:00:1c.3: PCI bridge to [bus 02]
[    0.346133] pci 0000:00:1c.3:   bridge window [io  0x2000-0x2fff]
[    0.346149] pci 0000:00:1c.3:   bridge window [mem 0xf0400000-0xf04fffff 64bit pref]
[    0.346312] pci 0000:03:00.0: [1b21:1042] type 00 class 0x0c0330
[    0.346394] pci 0000:03:00.0: reg 0x10: [mem 0xf0500000-0xf0507fff 64bit]
[    0.346588] pci 0000:03:00.0: PME# supported from D3hot D3cold
[    0.346843] pci 0000:00:1c.4: PCI bridge to [bus 03]
[    0.346859] pci 0000:00:1c.4:   bridge window [mem 0xf0500000-0xf05fffff]
[    0.348856] ACPI: PCI Interrupt Link [LNKA] (IRQs 1 3 4 5 6 10 *11 12 14 15)
[    0.349038] ACPI: PCI Interrupt Link [LNKB] (IRQs 1 3 4 5 6 10 11 12 14 15) *0, disabled.
[    0.349231] ACPI: PCI Interrupt Link [LNKC] (IRQs 1 3 4 5 6 *10 11 12 14 15)
[    0.349406] ACPI: PCI Interrupt Link [LNKD] (IRQs 1 3 4 5 6 *10 11 12 14 15)
[    0.349580] ACPI: PCI Interrupt Link [LNKE] (IRQs 1 3 4 5 6 10 11 12 14 15) *9
[    0.349756] ACPI: PCI Interrupt Link [LNKF] (IRQs 1 3 4 5 6 10 11 12 14 15) *0, disabled.
[    0.349943] ACPI: PCI Interrupt Link [LNKG] (IRQs 1 3 4 5 6 10 *11 12 14 15)
[    0.350133] ACPI: PCI Interrupt Link [LNKH] (IRQs 1 3 4 5 6 10 11 12 14 15) *9
[    0.351521] ACPI: Enabled 4 GPEs in block 00 to 3F
[    0.351662] ACPI : EC: GPE = 0x17, I/O: command/status = 0x66, data = 0x62
[    0.352007] ACPI : EC: 0 stale EC events cleared
[    0.352821] vgaarb: setting as boot device: PCI:0000:00:02.0
[    0.352829] vgaarb: device added: PCI:0000:00:02.0,decodes=io+mem,owns=io+mem,locks=none
[    0.352845] vgaarb: loaded
[    0.352850] vgaarb: bridge control possible 0000:00:02.0
[    0.353550] SCSI subsystem initialized
[    0.353732] libata version 3.00 loaded.
[    0.353838] ACPI: bus type USB registered
[    0.353915] usbcore: registered new interface driver usbfs
[    0.353955] usbcore: registered new interface driver hub
[    0.354079] usbcore: registered new device driver usb
[    0.354574] PCI: Using ACPI for IRQ routing
[    0.358278] PCI: pci_cache_line_size set to 64 bytes
[    0.358408] e820: reserve RAM buffer [mem 0x0009d800-0x0009ffff]
[    0.358418] e820: reserve RAM buffer [mem 0xd9c9f000-0xdbffffff]
[    0.358421] e820: reserve RAM buffer [mem 0xdb000000-0xdbffffff]
[    0.358424] e820: reserve RAM buffer [mem 0x11fe00000-0x11fffffff]
[    0.359243] NetLabel: Initializing
[    0.359249] NetLabel:  domain hash size = 128
[    0.359254] NetLabel:  protocols = UNLABELED CIPSOv4
[    0.359318] NetLabel:  unlabeled traffic allowed by default
[    0.359567] hpet0: at MMIO 0xfed00000, IRQs 2, 8, 0, 0, 0, 0, 0, 0
[    0.359583] hpet0: 8 comparators, 64-bit 14.318180 MHz counter
[    0.361682] clocksource: Switched to clocksource hpet
[    0.403066] AppArmor: AppArmor Filesystem Enabled
[    0.403343] pnp: PnP ACPI init
[    0.403918] system 00:00: [io  0x0680-0x069f] has been reserved
[    0.403929] system 00:00: [io  0x1000-0x100f] has been reserved
[    0.403937] system 00:00: [io  0x5000-0x5003] has been reserved
[    0.403945] system 00:00: [io  0xffff] has been reserved
[    0.403954] system 00:00: [io  0x0400-0x0453] could not be reserved
[    0.403962] system 00:00: [io  0x0458-0x047f] has been reserved
[    0.403970] system 00:00: [io  0x0500-0x057f] has been reserved
[    0.403978] system 00:00: [io  0x0a00-0x0a0f] has been reserved
[    0.403986] system 00:00: [io  0x164e-0x164f] has been reserved
[    0.403994] system 00:00: [io  0x5000-0x500f] could not be reserved
[    0.404039] system 00:00: Plug and Play ACPI device, IDs PNP0c02 (active)
[    0.404133] pnp 00:01: Plug and Play ACPI device, IDs PNP0b00 (active)
[    0.404288] system 00:02: [io  0x0454-0x0457] has been reserved
[    0.404301] system 00:02: Plug and Play ACPI device, IDs INT3f0d PNP0c02 (active)
[    0.404397] pnp 00:03: Plug and Play ACPI device, IDs PNP0303 (active)
[    0.404524] pnp 00:04: Plug and Play ACPI device, IDs ETD0b00 SYN0002 PNP0f13 (active)
[    0.404958] system 00:05: [mem 0xfed1c000-0xfed1ffff] has been reserved
[    0.404969] system 00:05: [mem 0xfed10000-0xfed17fff] has been reserved
[    0.404978] system 00:05: [mem 0xfed18000-0xfed18fff] has been reserved
[    0.404986] system 00:05: [mem 0xfed19000-0xfed19fff] has been reserved
[    0.404998] system 00:05: [mem 0xf8000000-0xfbffffff] has been reserved
[    0.405007] system 00:05: [mem 0xfed20000-0xfed3ffff] has been reserved
[    0.405015] system 00:05: [mem 0xfed90000-0xfed93fff] has been reserved
[    0.405023] system 00:05: [mem 0xfed45000-0xfed8ffff] has been reserved
[    0.405032] system 00:05: [mem 0xff000000-0xffffffff] could not be reserved
[    0.405041] system 00:05: [mem 0xfee00000-0xfeefffff] could not be reserved
[    0.405053] system 00:05: Plug and Play ACPI device, IDs PNP0c02 (active)
[    0.405967] system 00:06: Plug and Play ACPI device, IDs PNP0c01 (active)
[    0.406021] pnp: PnP ACPI: found 7 devices
[    0.417428] clocksource: acpi_pm: mask: 0xffffff max_cycles: 0xffffff, max_idle_ns: 2085701024 ns
[    0.417495] pci 0000:00:1c.0: PCI bridge to [bus 01]
[    0.417509] pci 0000:00:1c.0:   bridge window [mem 0xf0600000-0xf06fffff]
[    0.417530] pci 0000:00:1c.3: PCI bridge to [bus 02]
[    0.417539] pci 0000:00:1c.3:   bridge window [io  0x2000-0x2fff]
[    0.417557] pci 0000:00:1c.3:   bridge window [mem 0xf0400000-0xf04fffff 64bit pref]
[    0.417575] pci 0000:00:1c.4: PCI bridge to [bus 03]
[    0.417588] pci 0000:00:1c.4:   bridge window [mem 0xf0500000-0xf05fffff]
[    0.417609] pci_bus 0000:00: resource 4 [io  0x0000-0x0cf7 window]
[    0.417612] pci_bus 0000:00: resource 5 [io  0x0d00-0xffff window]
[    0.417614] pci_bus 0000:00: resource 6 [mem 0x000a0000-0x000bffff window]
[    0.417617] pci_bus 0000:00: resource 7 [mem 0xdfa00000-0xfeafffff window]
[    0.417619] pci_bus 0000:00: resource 8 [mem 0xfed40000-0xfed44fff window]
[    0.417621] pci_bus 0000:01: resource 1 [mem 0xf0600000-0xf06fffff]
[    0.417634] pci_bus 0000:02: resource 0 [io  0x2000-0x2fff]
[    0.417636] pci_bus 0000:02: resource 2 [mem 0xf0400000-0xf04fffff 64bit pref]
[    0.417638] pci_bus 0000:03: resource 1 [mem 0xf0500000-0xf05fffff]
[    0.417780] NET: Registered protocol family 2
[    0.418488] TCP established hash table entries: 32768 (order: 6, 262144 bytes)
[    0.418987] TCP bind hash table entries: 32768 (order: 9, 2097152 bytes)
[    0.420929] TCP: Hash tables configured (established 32768 bind 32768)
[    0.421096] UDP hash table entries: 2048 (order: 6, 327680 bytes)
[    0.421417] UDP-Lite hash table entries: 2048 (order: 6, 327680 bytes)
[    0.421973] NET: Registered protocol family 1
[    0.422009] pci 0000:00:02.0: Video device with shadowed ROM
[    0.423622] PCI: CLS 64 bytes, default 64
[    0.423926] Trying to unpack rootfs image as initramfs...
[    0.527303] Freeing initrd memory: 3892K (ffff880037856000 - ffff880037c23000)
[    0.527327] PCI-DMA: Using software bounce buffering for IO (SWIOTLB)
[    0.527335] software IO TLB [mem 0xd5c9f000-0xd9c9f000] (64MB) mapped at [ffff8800d5c9f000-ffff8800d9c9efff]
[    0.527538] RAPL PMU detected, API unit is 2^-32 Joules, 3 fixed counters 163840 ms ovfl timer
[    0.527548] hw unit of domain pp0-core 2^-16 Joules
[    0.527553] hw unit of domain package 2^-16 Joules
[    0.527559] hw unit of domain pp1-gpu 2^-16 Joules
[    0.527849] microcode: CPU0 sig=0x206a7, pf=0x10, revision=0x28
[    0.527874] microcode: CPU1 sig=0x206a7, pf=0x10, revision=0x28
[    0.527894] microcode: CPU2 sig=0x206a7, pf=0x10, revision=0x28
[    0.527930] microcode: CPU3 sig=0x206a7, pf=0x10, revision=0x28
[    0.528130] microcode: Microcode Update Driver: v2.00 &lt;tigran@aivazian.fsnet.co.uk&gt;, Peter Oruba
[    0.528210] Scanning for low memory corruption every 60 seconds
[    0.529662] futex hash table entries: 2048 (order: 6, 262144 bytes)
[    0.529806] Initialise system trusted keyring
[    0.529956] audit: initializing netlink subsys (disabled)
[    0.530053] audit: type=2000 audit(1441788352.472:1): initialized
[    0.531151] HugeTLB registered 2 MB page size, pre-allocated 0 pages
[    0.531805] VFS: Disk quotas dquot_6.6.0
[    0.531850] VFS: Dquot-cache hash table entries: 512 (order 0, 4096 bytes)
[    0.532766] fuse init (API version 7.23)
[    0.535376] Key type asymmetric registered
[    0.535406] Asymmetric key parser &#39;x509&#39; registered
[    0.535477] Block layer SCSI generic (bsg) driver version 0.4 loaded (major 251)
[    0.535661] io scheduler noop registered
[    0.535671] io scheduler deadline registered (default)
[    0.535716] io scheduler cfq registered
[    0.535727] start plist test
[    0.537590] end plist test
[    0.538692] pci_hotplug: PCI Hot Plug PCI Core version: 0.5
[    0.538720] pciehp: PCI Express Hot Plug Controller Driver version: 0.4
[    0.538959] intel_idle: MWAIT substates: 0x21120
[    0.538961] intel_idle: v0.4 model 0x2A
[    0.538963] intel_idle: lapic_timer_reliable_states 0xffffffff
[    0.540354] ACPI: AC Adapter [ADP1] (on-line)
[    0.540622] input: Lid Switch as /devices/LNXSYSTM:00/LNXSYBUS:00/PNP0C0D:00/input/input0
[    0.540678] ACPI: Lid Switch [LID0]
[    0.540825] input: Power Button as /devices/LNXSYSTM:00/LNXSYBUS:00/PNP0C0C:00/input/input1
[    0.540885] ACPI: Power Button [PWRB]
[    0.541035] input: Power Button as /devices/LNXSYSTM:00/LNXPWRBN:00/input/input2
[    0.541048] ACPI: Power Button [PWRF]
[    0.545138] thermal LNXTHERM:00: registered as thermal_zone0
[    0.545147] ACPI: Thermal Zone [TZ00] (66 C)
[    0.545967] thermal LNXTHERM:01: registered as thermal_zone1
[    0.545974] ACPI: Thermal Zone [TZ01] (30 C)
[    0.546096] GHES: HEST is not enabled!
[    0.546390] Serial: 8250/16550 driver, 32 ports, IRQ sharing enabled
[    0.554629] ACPI: Battery Slot [BAT1] (battery present)
[    0.556103] Linux agpgart interface v0.103
[    0.565456] brd: module loaded
[    0.569944] loop: module loaded
[    0.574667] ahci 0000:00:1f.2: version 3.0
[    0.575105] ahci 0000:00:1f.2: SSS flag set, parallel bus scan disabled
[    0.589649] ahci 0000:00:1f.2: AHCI 0001.0300 32 slots 6 ports 6 Gbps 0x1b impl SATA mode
[    0.589663] ahci 0000:00:1f.2: flags: 64bit ncq sntf ilck stag pm led clo pio slum part ems sxs apst 
[    0.616247] scsi host0: ahci
[    0.616944] scsi host1: ahci
[    0.617534] scsi host2: ahci
[    0.617981] scsi host3: ahci
[    0.618551] scsi host4: ahci
[    0.619138] scsi host5: ahci
[    0.619361] ata1: SATA max UDMA/133 abar m2048@0xf0708000 port 0xf0708100 irq 25
[    0.619372] ata2: SATA max UDMA/133 abar m2048@0xf0708000 port 0xf0708180 irq 25
[    0.619380] ata3: DUMMY
[    0.619386] ata4: SATA max UDMA/133 abar m2048@0xf0708000 port 0xf0708280 irq 25
[    0.619396] ata5: SATA max UDMA/133 abar m2048@0xf0708000 port 0xf0708300 irq 25
[    0.619403] ata6: DUMMY
[    0.621030] libphy: Fixed MDIO Bus: probed
[    0.621431] tun: Universal TUN/TAP device driver, 1.6
[    0.621438] tun: (C) 1999-2004 Max Krasnyansky &lt;maxk@qualcomm.com&gt;
[    0.621718] PPP generic driver version 2.4.2
[    0.622122] xhci_hcd 0000:03:00.0: xHCI Host Controller
[    0.622351] xhci_hcd 0000:03:00.0: new USB bus registered, assigned bus number 1
[    0.632152] xhci_hcd 0000:03:00.0: hcc params 0x0200f180 hci version 0x96 quirks 0x00080000
[    0.632937] usb usb1: New USB device found, idVendor=1d6b, idProduct=0002
[    0.632945] usb usb1: New USB device strings: Mfr=3, Product=2, SerialNumber=1
[    0.632953] usb usb1: Product: xHCI Host Controller
[    0.632958] usb usb1: Manufacturer: Linux 4.2.0-4-llvmlinux-small xhci-hcd
[    0.632964] usb usb1: SerialNumber: 0000:03:00.0
[    0.633989] hub 1-0:1.0: USB hub found
[    0.634081] hub 1-0:1.0: 2 ports detected
[    0.635043] xhci_hcd 0000:03:00.0: xHCI Host Controller
[    0.635059] xhci_hcd 0000:03:00.0: new USB bus registered, assigned bus number 2
[    0.635216] usb usb2: We don&#39;t know the algorithms for LPM for this host, disabling LPM.
[    0.635340] usb usb2: New USB device found, idVendor=1d6b, idProduct=0003
[    0.635347] usb usb2: New USB device strings: Mfr=3, Product=2, SerialNumber=1
[    0.635355] usb usb2: Product: xHCI Host Controller
[    0.635360] usb usb2: Manufacturer: Linux 4.2.0-4-llvmlinux-small xhci-hcd
[    0.635366] usb usb2: SerialNumber: 0000:03:00.0
[    0.635987] hub 2-0:1.0: USB hub found
[    0.636056] hub 2-0:1.0: 2 ports detected
[    0.636600] ehci_hcd: USB 2.0 &#39;Enhanced&#39; Host Controller (EHCI) Driver
[    0.636610] ehci-pci: EHCI PCI platform driver
[    0.636916] ehci-pci 0000:00:1a.0: EHCI Host Controller
[    0.636942] ehci-pci 0000:00:1a.0: new USB bus registered, assigned bus number 3
[    0.636967] ehci-pci 0000:00:1a.0: debug port 2
[    0.640902] ehci-pci 0000:00:1a.0: cache line size of 64 is not supported
[    0.640934] ehci-pci 0000:00:1a.0: irq 16, io mem 0xf070a000
[    0.649697] ehci-pci 0000:00:1a.0: USB 2.0 started, EHCI 1.00
[    0.649895] usb usb3: New USB device found, idVendor=1d6b, idProduct=0002
[    0.649903] usb usb3: New USB device strings: Mfr=3, Product=2, SerialNumber=1
[    0.649911] usb usb3: Product: EHCI Host Controller
[    0.649916] usb usb3: Manufacturer: Linux 4.2.0-4-llvmlinux-small ehci_hcd
[    0.649922] usb usb3: SerialNumber: 0000:00:1a.0
[    0.650571] hub 3-0:1.0: USB hub found
[    0.650605] hub 3-0:1.0: 2 ports detected
[    0.651425] ehci-pci 0000:00:1d.0: EHCI Host Controller
[    0.651447] ehci-pci 0000:00:1d.0: new USB bus registered, assigned bus number 4
[    0.651477] ehci-pci 0000:00:1d.0: debug port 2
[    0.655388] ehci-pci 0000:00:1d.0: cache line size of 64 is not supported
[    0.655417] ehci-pci 0000:00:1d.0: irq 23, io mem 0xf0709000
[    0.665627] ehci-pci 0000:00:1d.0: USB 2.0 started, EHCI 1.00
[    0.665832] usb usb4: New USB device found, idVendor=1d6b, idProduct=0002
[    0.665840] usb usb4: New USB device strings: Mfr=3, Product=2, SerialNumber=1
[    0.665848] usb usb4: Product: EHCI Host Controller
[    0.665853] usb usb4: Manufacturer: Linux 4.2.0-4-llvmlinux-small ehci_hcd
[    0.665859] usb usb4: SerialNumber: 0000:00:1d.0
[    0.666434] hub 4-0:1.0: USB hub found
[    0.666466] hub 4-0:1.0: 2 ports detected
[    0.666925] ehci-platform: EHCI generic platform driver
[    0.666964] ohci_hcd: USB 1.1 &#39;Open&#39; Host Controller (OHCI) Driver
[    0.666982] ohci-pci: OHCI PCI platform driver
[    0.667019] ohci-platform: OHCI generic platform driver
[    0.667048] uhci_hcd: USB Universal Host Controller Interface driver
[    0.667178] i8042: PNP: PS/2 Controller [PNP0303:PS2K,PNP0f13:EPAD] at 0x60,0x64 irq 1,12
[    0.673244] serio: i8042 KBD port at 0x60,0x64 irq 1
[    0.673318] serio: i8042 AUX port at 0x60,0x64 irq 12
[    0.674296] mousedev: PS/2 mouse device common for all mice
[    0.676160] rtc_cmos 00:01: rtc core: registered rtc_cmos as rtc0
[    0.676206] rtc_cmos 00:01: alarms up to one month, y3k, 242 bytes nvram, hpet irqs
[    0.676318] device-mapper: uevent: version 1.0.3
[    0.676652] device-mapper: ioctl: 4.32.0-ioctl (2015-6-26) initialised: dm-devel@redhat.com
[    0.676699] Intel P-state driver initializing.
[    0.677830] ledtrig-cpu: registered to indicate activity on CPUs
[    0.678584] NET: Registered protocol family 10
[    0.680893] NET: Registered protocol family 17
[    0.680968] Key type dns_resolver registered
[    0.683114] input: AT Translated Set 2 keyboard as /devices/platform/i8042/serio0/input/input3
[    0.683242] Loading compiled-in X.509 certificates
[    0.684984] Loaded X.509 cert &#39;Build time autogenerated kernel key: c4f7614f9fae2fdbbeed19953bdf7f9184eff455&#39;
[    0.685116] registered taskstats version 1
[    0.693336] Key type trusted registered
[    0.703948] Key type encrypted registered
[    0.703966] AppArmor: AppArmor sha1 policy hashing enabled
[    0.703975] evm: HMAC attrs: 0x1
[    0.704898] rtc_cmos 00:01: setting system clock to 2015-09-09 08:45:52 UTC (1441788352)
[    0.705086] BIOS EDD facility v0.16 2004-Jun-25, 0 devices found
[    0.705093] EDD information not available.
[    0.937452] ata1: SATA link up 3.0 Gbps (SStatus 123 SControl 300)
[    0.938776] ata1.00: ATA-8: Hitachi HTS545050A7E380, GG2OA6C0, max UDMA/133
[    0.938805] ata1.00: 976773168 sectors, multi 16: LBA48 NCQ (depth 31/32), AA
[    0.940183] ata1.00: configured for UDMA/133
[    0.941305] scsi 0:0:0:0: Direct-Access     ATA      Hitachi HTS54505 A6C0 PQ: 0 ANSI: 5
[    0.942579] sd 0:0:0:0: [sda] 976773168 512-byte logical blocks: (500 GB/465 GiB)
[    0.942592] sd 0:0:0:0: [sda] 4096-byte physical blocks
[    0.942877] sd 0:0:0:0: [sda] Write Protect is off
[    0.942886] sd 0:0:0:0: [sda] Mode Sense: 00 3a 00 00
[    0.942989] sd 0:0:0:0: [sda] Write cache: enabled, read cache: enabled, doesn&#39;t support DPO or FUA
[    0.943119] sd 0:0:0:0: Attached scsi generic sg0 type 0
[    0.961311] usb 3-1: new high-speed USB device number 2 using ehci-pci
[    0.977410] usb 4-1: new high-speed USB device number 2 using ehci-pci
[    0.990702]  sda: sda1 sda2 sda3
[    0.992150] sd 0:0:0:0: [sda] Attached SCSI disk
[    1.001356] usb 1-1: new low-speed USB device number 2 using xhci_hcd
[    1.094032] usb 3-1: New USB device found, idVendor=8087, idProduct=0024
[    1.094053] usb 3-1: New USB device strings: Mfr=0, Product=0, SerialNumber=0
[    1.094985] hub 3-1:1.0: USB hub found
[    1.095391] hub 3-1:1.0: 6 ports detected
[    1.110061] usb 4-1: New USB device found, idVendor=8087, idProduct=0024
[    1.110073] usb 4-1: New USB device strings: Mfr=0, Product=0, SerialNumber=0
[    1.110807] hub 4-1:1.0: USB hub found
[    1.111039] hub 4-1:1.0: 6 ports detected
[    1.195225] usb 1-1: New USB device found, idVendor=046d, idProduct=c00e
[    1.195246] usb 1-1: New USB device strings: Mfr=1, Product=2, SerialNumber=0
[    1.195253] usb 1-1: Product: USB-PS/2 Optical Mouse
[    1.195258] usb 1-1: Manufacturer: Logitech
[    1.195640] usb 1-1: ep 0x81 - rounding interval to 64 microframes, ep desc says 80 microframes
[    1.261219] ata2: SATA link up 3.0 Gbps (SStatus 123 SControl 300)
[    1.262111] ata2.00: ATA-8: SanDisk iSSD P4 16GB, SSD 9.14, max UDMA/133
[    1.262145] ata2.00: 31277232 sectors, multi 1: LBA48 
[    1.262880] ata2.00: configured for UDMA/133
[    1.263207] scsi 1:0:0:0: Direct-Access     ATA      SanDisk iSSD P4  9.14 PQ: 0 ANSI: 5
[    1.264107] sd 1:0:0:0: [sdb] 31277232 512-byte logical blocks: (16.0 GB/14.9 GiB)
[    1.264180] sd 1:0:0:0: Attached scsi generic sg1 type 0
[    1.264564] sd 1:0:0:0: [sdb] Write Protect is off
[    1.264574] sd 1:0:0:0: [sdb] Mode Sense: 00 3a 00 00
[    1.264710] sd 1:0:0:0: [sdb] Write cache: enabled, read cache: enabled, doesn&#39;t support DPO or FUA
[    1.265973]  sdb: sdb1 sdb2
[    1.267128] sd 1:0:0:0: [sdb] Attached SCSI disk
[    1.368997] usb 3-1.4: new high-speed USB device number 3 using ehci-pci
[    1.380997] usb 4-1.4: new high-speed USB device number 3 using ehci-pci
[    1.481803] usb 4-1.4: New USB device found, idVendor=04a9, idProduct=2225
[    1.481815] usb 4-1.4: New USB device strings: Mfr=1, Product=2, SerialNumber=0
[    1.481824] usb 4-1.4: Product: CanoScan
[    1.481829] usb 4-1.4: Manufacturer: Canon
[    1.525005] tsc: Refined TSC clocksource calibration: 1596.374 MHz
[    1.525016] clocksource: tsc: mask: 0xffffffffffffffff max_cycles: 0x1702c3a922f, max_idle_ns: 440795242034 ns
[    1.552874] usb 4-1.5: new full-speed USB device number 4 using ehci-pci
[    1.580863] ata4: SATA link down (SStatus 0 SControl 300)
[    1.620703] usb 3-1.4: New USB device found, idVendor=2232, idProduct=1018
[    1.620714] usb 3-1.4: New USB device strings: Mfr=1, Product=2, SerialNumber=0
[    1.620723] usb 3-1.4: Product: WebCam SC-13HDL11431N
[    1.620729] usb 3-1.4: Manufacturer: 123
[    1.649440] usb 4-1.5: New USB device found, idVendor=8086, idProduct=0189
[    1.649451] usb 4-1.5: New USB device strings: Mfr=0, Product=0, SerialNumber=0
[    1.900767] ata5: SATA link down (SStatus 0 SControl 300)
[    1.902112] Freeing unused kernel memory: 3080K (ffffffff81f28000 - ffffffff8222a000)
[    1.902125] Write protecting the kernel read-only data: 14336k
[    1.902990] Freeing unused kernel memory: 600K (ffff88000196a000 - ffff880001a00000)
[    1.903496] Freeing unused kernel memory: 736K (ffff880001d48000 - ffff880001e00000)
[    1.944813] udevd[142]: starting version 175
[    2.220184] r8169 Gigabit Ethernet driver 2.3LK-NAPI loaded
[    2.220215] r8169 0000:02:00.0: can&#39;t disable ASPM; OS doesn&#39;t have ASPM control
[    2.234271] r8169 0000:02:00.0 eth0: RTL8168evl/8111evl at 0xffffc900009e2000, e8:03:9a:36:17:a9, XID 0c900800 IRQ 31
[    2.234297] r8169 0000:02:00.0 eth0: jumbo features [frames: 9200 bytes, tx checksumming: ko]
[    2.295760] usbcore: registered new interface driver usbhid
[    2.295777] usbhid: USB HID core driver
[    2.377757] input: Logitech USB-PS/2 Optical Mouse as /devices/pci0000:00/0000:00:1c.4/0000:03:00.0/usb1/1-1/1-1:1.0/0003:046D:C00E.0001/input/input5
[    2.378444] hid-generic 0003:046D:C00E.0001: input: USB HID v1.10 Mouse [Logitech USB-PS/2 Optical Mouse] on usb-0000:03:00.0-1/input0
[    2.524807] clocksource: Switched to clocksource tsc
[    3.042645] EXT4-fs (loop0): mounted filesystem with ordered data mode. Opts: (null)
[    3.778068] random: nonblocking pool is initialized
[    4.167029] usb 3-1.2: new high-speed USB device number 4 using ehci-pci
[    4.262423] usb 3-1.2: New USB device found, idVendor=12d1, idProduct=1446
[    4.262435] usb 3-1.2: New USB device strings: Mfr=3, Product=2, SerialNumber=0
[    4.262443] usb 3-1.2: Product: HUAWEI Mobile
[    4.262448] usb 3-1.2: Manufacturer: HUAWEI Technology
[    5.338097] init: ureadahead main process (429) terminated with status 5
[   10.098948] Adding 262140k swap on /host/ubuntu/disks/swap.disk.  Priority:-1 extents:1 across:262140k FS
[   10.298233] EXT4-fs (loop0): re-mounted. Opts: errors=remount-ro
[   10.509388] udevd[662]: starting version 175
[   11.344025] lp: driver loaded but no devices found
[   12.179289] wmi: Mapper loaded
[   12.291970] ACPI Warning: SystemIO range 0x0000000000000428-0x000000000000042F conflicts with OpRegion 0x0000000000000400-0x000000000000047F (\PMIO) (20150619/utaddress-245)
[   12.291985] ACPI: If an ACPI driver is available for this device, you should use it instead of the native driver
[   12.291993] ACPI Warning: SystemIO range 0x0000000000000540-0x000000000000054F conflicts with OpRegion 0x0000000000000500-0x0000000000000563 (\GPIO) (20150619/utaddress-245)
[   12.292002] ACPI: If an ACPI driver is available for this device, you should use it instead of the native driver
[   12.292006] ACPI Warning: SystemIO range 0x0000000000000530-0x000000000000053F conflicts with OpRegion 0x0000000000000500-0x0000000000000563 (\GPIO) (20150619/utaddress-245)
[   12.292015] ACPI: If an ACPI driver is available for this device, you should use it instead of the native driver
[   12.292018] ACPI Warning: SystemIO range 0x0000000000000500-0x000000000000052F conflicts with OpRegion 0x0000000000000500-0x0000000000000563 (\GPIO) (20150619/utaddress-245)
[   12.292026] ACPI: If an ACPI driver is available for this device, you should use it instead of the native driver
[   12.292029] lpc_ich: Resource conflict(s) found affecting gpio_ich
[   12.333339] [drm] Initialized drm 1.1.0 20060810
[   12.503477] samsung_laptop: detected SABI interface: SwSmi@
[   14.492080] psmouse serio1: elantech: assuming hardware version 3 (with firmware version 0x450f00)
[   14.506991] psmouse serio1: elantech: Synaptics capabilities query result 0x08, 0x17, 0x0c.
[   14.522058] psmouse serio1: elantech: Elan sample query result 03, 3f, 86
[   14.552711] usb-storage 3-1.2:1.0: USB Mass Storage device detected
[   14.556521] scsi host6: usb-storage 3-1.2:1.0
[   14.557909] usb-storage 3-1.2:1.1: USB Mass Storage device detected
[   14.558185] scsi host7: usb-storage 3-1.2:1.1
[   14.558471] usbcore: registered new interface driver usb-storage
[   14.607690] Bluetooth: Core ver 2.20
[   14.607742] NET: Registered protocol family 31
[   14.607746] Bluetooth: HCI device and connection manager initialized
[   14.607844] Bluetooth: HCI socket layer initialized
[   14.607944] Bluetooth: L2CAP socket layer initialized
[   14.608009] Bluetooth: SCO socket layer initialized
[   14.611816] input: ETPS/2 Elantech Touchpad as /devices/platform/i8042/serio1/input/input6
[   14.727170] usb 4-1.5: USB disconnect, device number 4
[   14.915816] Linux video capture interface: v2.00
[   15.236587] usbcore: registered new interface driver btusb
[   15.557956] scsi 6:0:0:0: CD-ROM            HUAWEI   Mass Storage     2.31 PQ: 0 ANSI: 2
[   15.558035] scsi 7:0:0:0: Direct-Access     HUAWEI   SD Storage       2.31 PQ: 0 ANSI: 2
[   15.569353] sd 7:0:0:0: Attached scsi generic sg2 type 0
[   15.572723] sd 7:0:0:0: [sdc] Attached SCSI removable disk
[   15.577240] sr 6:0:0:0: [sr0] scsi-1 drive
[   15.577246] cdrom: Uniform CD-ROM driver Revision: 3.20
[   15.583476] sr 6:0:0:0: Attached scsi CD-ROM sr0
[   15.584051] sr 6:0:0:0: Attached scsi generic sg3 type 5
[   15.944236] Intel(R) Wireless WiFi driver for Linux
[   15.944241] Copyright(c) 2003- 2015 Intel Corporation
[   15.944596] iwlwifi 0000:01:00.0: can&#39;t disable ASPM; OS doesn&#39;t have ASPM control
[   16.385362] iwlwifi 0000:01:00.0: loaded firmware version 18.168.6.1 op_mode iwldvm
[   16.501990] [drm] Memory usable by graphics device = 2048M
[   16.502072] [drm] Replacing VGA console driver
[   16.510547] [drm] Supports vblank timestamp caching Rev 2 (21.10.2013).
[   16.510551] [drm] Driver supports precise vblank timestamp query.
[   16.511455] vgaarb: device changed decodes: PCI:0000:00:02.0,olddecodes=io+mem,decodes=io+mem:owns=io+mem
[   16.527303] ACPI: Video Device [GFX0] (multi-head: yes  rom: no  post: no)
[   16.528137] input: Video Bus as /devices/LNXSYSTM:00/LNXSYBUS:00/PNP0A08:00/LNXVIDEO:00/input/input7
[   16.529465] [drm] Initialized i915 1.6.0 20150522 for 0000:00:02.0 on minor 0
[   16.536330] fbcon: inteldrmfb (fb0) is primary device
[   16.808457] cfg80211: World regulatory domain updated:
[   16.808460] cfg80211:  DFS Master region: unset
[   16.808460] cfg80211:   (start_freq - end_freq @ bandwidth), (max_antenna_gain, max_eirp), (dfs_cac_time)
[   16.808463] cfg80211:   (2402000 KHz - 2472000 KHz @ 40000 KHz), (300 mBi, 2000 mBm), (N/A)
[   16.808464] cfg80211:   (2457000 KHz - 2482000 KHz @ 20000 KHz), (300 mBi, 2000 mBm), (N/A)
[   16.808465] cfg80211:   (2474000 KHz - 2494000 KHz @ 20000 KHz), (300 mBi, 2000 mBm), (N/A)
[   16.808467] cfg80211:   (5170000 KHz - 5250000 KHz @ 40000 KHz), (300 mBi, 2000 mBm), (N/A)
[   16.808468] cfg80211:   (5735000 KHz - 5835000 KHz @ 40000 KHz), (300 mBi, 2000 mBm), (N/A)
[   17.095308] snd_hda_codec_realtek hdaudioC0D0: autoconfig for ALC269VC: line_outs=1 (0x14/0x0/0x0/0x0/0x0) type:speaker
[   17.095310] snd_hda_codec_realtek hdaudioC0D0:    speaker_outs=0 (0x0/0x0/0x0/0x0/0x0)
[   17.095312] snd_hda_codec_realtek hdaudioC0D0:    hp_outs=1 (0x15/0x0/0x0/0x0/0x0)
[   17.095313] snd_hda_codec_realtek hdaudioC0D0:    mono: mono_out=0x0
[   17.095314] snd_hda_codec_realtek hdaudioC0D0:    inputs:
[   17.095317] snd_hda_codec_realtek hdaudioC0D0:      Internal Mic=0x19
[   17.095320] snd_hda_codec_realtek hdaudioC0D0:      Mic=0x18
[   17.143191] input: HDA Intel PCH Mic as /devices/pci0000:00/0000:00:1b.0/sound/card0/input8
[   17.144579] input: HDA Intel PCH Headphone as /devices/pci0000:00/0000:00:1b.0/sound/card0/input9
[   17.145044] input: HDA Intel PCH HDMI/DP,pcm=3 as /devices/pci0000:00/0000:00:1b.0/sound/card0/input10
[   17.552597] Console: switching to colour frame buffer device 170x48
[   17.557261] i915 0000:00:02.0: fb0: inteldrmfb frame buffer device
[   17.557263] i915 0000:00:02.0: registered panic notifier
[   18.549595] usb 3-1.2: USB disconnect, device number 4
[   18.925193] audit: type=1400 audit(1441781170.732:2): apparmor=&quot;STATUS&quot; operation=&quot;profile_load&quot; name=&quot;/sbin/dhclient&quot; pid=1040 comm=&quot;apparmor_parser&quot;
[   18.925207] audit: type=1400 audit(1441781170.732:3): apparmor=&quot;STATUS&quot; operation=&quot;profile_load&quot; name=&quot;/usr/lib/NetworkManager/nm-dhcp-client.action&quot; pid=1040 comm=&quot;apparmor_parser&quot;
[   18.925214] audit: type=1400 audit(1441781170.732:4): apparmor=&quot;STATUS&quot; operation=&quot;profile_load&quot; name=&quot;/usr/lib/connman/scripts/dhclient-script&quot; pid=1040 comm=&quot;apparmor_parser&quot;
[   18.925516] audit: type=1400 audit(1441781170.732:5): apparmor=&quot;STATUS&quot; operation=&quot;profile_replace&quot; name=&quot;/sbin/dhclient&quot; pid=1009 comm=&quot;apparmor_parser&quot;
[   18.925528] audit: type=1400 audit(1441781170.732:6): apparmor=&quot;STATUS&quot; operation=&quot;profile_replace&quot; name=&quot;/usr/lib/NetworkManager/nm-dhcp-client.action&quot; pid=1009 comm=&quot;apparmor_parser&quot;
[   18.925536] audit: type=1400 audit(1441781170.732:7): apparmor=&quot;STATUS&quot; operation=&quot;profile_replace&quot; name=&quot;/usr/lib/connman/scripts/dhclient-script&quot; pid=1009 comm=&quot;apparmor_parser&quot;
[   18.926015] audit: type=1400 audit(1441781170.732:8): apparmor=&quot;STATUS&quot; operation=&quot;profile_replace&quot; name=&quot;/usr/lib/NetworkManager/nm-dhcp-client.action&quot; pid=1040 comm=&quot;apparmor_parser&quot;
[   18.926025] audit: type=1400 audit(1441781170.732:9): apparmor=&quot;STATUS&quot; operation=&quot;profile_replace&quot; name=&quot;/usr/lib/connman/scripts/dhclient-script&quot; pid=1040 comm=&quot;apparmor_parser&quot;
[   18.926206] audit: type=1400 audit(1441781170.732:10): apparmor=&quot;STATUS&quot; operation=&quot;profile_replace&quot; name=&quot;/usr/lib/NetworkManager/nm-dhcp-client.action&quot; pid=1009 comm=&quot;apparmor_parser&quot;
[   18.926215] audit: type=1400 audit(1441781170.732:11): apparmor=&quot;STATUS&quot; operation=&quot;profile_replace&quot; name=&quot;/usr/lib/connman/scripts/dhclient-script&quot; pid=1009 comm=&quot;apparmor_parser&quot;
[   19.005709] iwlwifi 0000:01:00.0: CONFIG_IWLWIFI_DEBUG disabled
[   19.005715] iwlwifi 0000:01:00.0: CONFIG_IWLWIFI_DEBUGFS enabled
[   19.005717] iwlwifi 0000:01:00.0: CONFIG_IWLWIFI_DEVICE_TRACING enabled
[   19.005721] iwlwifi 0000:01:00.0: Detected Intel(R) Centrino(R) Advanced-N 6230 AGN, REV=0xB0
[   19.006469] iwlwifi 0000:01:00.0: L1 Enabled - LTR Disabled
[   19.138330] ieee80211 phy0: Selected rate control algorithm &#39;iwl-agn-rs&#39;
[   19.389824] uvcvideo: Found UVC 1.00 device WebCam SC-13HDL11431N (2232:1018)
[   19.409648] input: WebCam SC-13HDL11431N as /devices/pci0000:00/0000:00:1a.0/usb3/3-1/3-1.4/3-1.4:1.0/input/input11
[   19.410192] usbcore: registered new interface driver uvcvideo
[   19.410197] USB Video Class driver (1.1.1)
[   19.618732] init: failsafe main process (1150) killed by TERM signal
[   21.437171] ppdev: user-space parallel port driver
[   21.732302] Bluetooth: BNEP (Ethernet Emulation) ver 1.3
[   21.732310] Bluetooth: BNEP filters: protocol multicast
[   21.732323] Bluetooth: BNEP socket layer initialized
[   21.834287] Bluetooth: RFCOMM TTY layer initialized
[   21.834309] Bluetooth: RFCOMM socket layer initialized
[   21.834327] Bluetooth: RFCOMM ver 1.11
[   22.590030] usb 3-1.2: new high-speed USB device number 5 using ehci-pci
[   22.684968] usb 3-1.2: New USB device found, idVendor=12d1, idProduct=1436
[   22.684990] usb 3-1.2: New USB device strings: Mfr=4, Product=3, SerialNumber=0
[   22.684992] usb 3-1.2: Product: HUAWEI Mobile
[   22.684994] usb 3-1.2: Manufacturer: HUAWEI Technology
[   22.688171] usb-storage 3-1.2:1.0: USB Mass Storage device detected
[   22.689049] usb-storage 3-1.2:1.1: USB Mass Storage device detected
[   22.689487] usb-storage 3-1.2:1.2: USB Mass Storage device detected
[   22.690011] usb-storage 3-1.2:1.3: USB Mass Storage device detected
[   22.690590] usb-storage 3-1.2:1.4: USB Mass Storage device detected
[   22.691060] usb-storage 3-1.2:1.5: USB Mass Storage device detected
[   22.691526] scsi host13: usb-storage 3-1.2:1.5
[   22.692116] usb-storage 3-1.2:1.6: USB Mass Storage device detected
[   22.692649] scsi host14: usb-storage 3-1.2:1.6
[   22.833361] cdc_ether 3-1.2:1.1 wwan0: register &#39;cdc_ether&#39; at usb-0000:00:1a.0-1.2, Mobile Broadband Network Device, 02:50:f3:00:00:00
[   22.833465] usbcore: registered new interface driver cdc_ether
[   23.000392] usbcore: registered new interface driver usbserial
[   23.423482] usbcore: registered new interface driver option
[   23.424445] usbserial: USB Serial support registered for GSM modem (1-port)
[   23.424690] option 3-1.2:1.0: GSM modem (1-port) converter detected
[   23.426169] usb 3-1.2: GSM modem (1-port) converter now attached to ttyUSB0
[   23.426560] option 3-1.2:1.3: GSM modem (1-port) converter detected
[   23.426908] usb 3-1.2: GSM modem (1-port) converter now attached to ttyUSB1
[   23.426990] option 3-1.2:1.4: GSM modem (1-port) converter detected
[   23.427367] usb 3-1.2: GSM modem (1-port) converter now attached to ttyUSB2
[   23.691686] scsi 13:0:0:0: CD-ROM            HUAWEI   Mass Storage     2.31 PQ: 0 ANSI: 2
[   23.691901] scsi 14:0:0:0: Direct-Access     HUAWEI   SD Storage       2.31 PQ: 0 ANSI: 2
[   23.693060] sd 14:0:0:0: Attached scsi generic sg2 type 0
[   23.697410] sr 13:0:0:0: [sr0] scsi-1 drive
[   23.697952] sd 14:0:0:0: [sdc] Attached SCSI removable disk
[   23.699678] sr 13:0:0:0: Attached scsi CD-ROM sr0
[   23.701457] sr 13:0:0:0: Attached scsi generic sg3 type 5
[   23.769401] BUG: sleeping function called from invalid context at kernel/workqueue.c:2680
[   23.769510] in_atomic(): 0, irqs_disabled(): 1, pid: 1415, name: acpid
[   23.769595] 3 locks held by acpid/1415:
[   23.769598]  #0:  (&amp;evdev-&gt;mutex){+.+...}, at: [&lt;ffffffff8177e97c&gt;] evdev_release+0xbc/0xf0
[   23.769613]  #1:  (&amp;dev-&gt;mutex#2){+.+...}, at: [&lt;ffffffff81775e17&gt;] input_close_device+0x27/0x70
[   23.769625]  #2:  (hid_open_mut){+.+...}, at: [&lt;ffffffffa0056378&gt;] usbhid_close+0x28/0xb0 [usbhid]
[   23.769638] irq event stamp: 20088
[   23.769641] hardirqs last  enabled at (20087): [&lt;ffffffff81960d22&gt;] _raw_spin_unlock_irq+0x32/0x60
[   23.769648] hardirqs last disabled at (20088): [&lt;ffffffff8113b577&gt;] del_timer_sync+0x37/0x110
[   23.769656] softirqs last  enabled at (18922): [&lt;ffffffff818e5fe9&gt;] local_bh_enable+0x9/0x20
[   23.769662] softirqs last disabled at (18920): [&lt;ffffffff818e5fc9&gt;] local_bh_disable+0x9/0x20
[   23.769670] CPU: 3 PID: 1415 Comm: acpid Not tainted 4.2.0-4-llvmlinux-small #2
[   23.769674] Hardware name: SAMSUNG ELECTRONICS CO., LTD. 530U3BI/530U4BI/530U4BH/530U3BI/530U4BI/530U4BH, BIOS 13XK 03/28/2013
[   23.769677]  ffff8800d3152948 0000000000000096 0000000000000000 ffff8800bbfd3a88
[   23.769685]  ffffffff814c793d ffff8800bbfd3ab8 ffffffff810dd17a ffffffff81c50894
[   23.769691]  ffff8800ca219600 0000000000000000 0000000000000a78 ffff8800bbfd3af8
[   23.769698] Call Trace:
[   23.769705]  [&lt;ffffffff814c793d&gt;] dump_stack+0x7d/0xa0
[   23.769712]  [&lt;ffffffff810dd17a&gt;] ___might_sleep+0x28a/0x2a0
[   23.769717]  [&lt;ffffffff810dce7f&gt;] __might_sleep+0x4f/0xc0
[   23.769724]  [&lt;ffffffff810be0cf&gt;] start_flush_work+0x2f/0x290
[   23.769729]  [&lt;ffffffff810be07c&gt;] flush_work+0x5c/0x80
[   23.769734]  [&lt;ffffffff810be03a&gt;] ? flush_work+0x1a/0x80
[   23.769739]  [&lt;ffffffff8113b52b&gt;] ? try_to_del_timer_sync+0x6b/0x80
[   23.769745]  [&lt;ffffffff81104ead&gt;] ? trace_hardirqs_off+0xd/0x10
[   23.769751]  [&lt;ffffffff810bd1e8&gt;] ? try_to_grab_pending+0x48/0x230
[   23.769756]  [&lt;ffffffff81960b43&gt;] ? _raw_spin_lock_irqsave+0x73/0x80
[   23.769762]  [&lt;ffffffff810be4c9&gt;] __cancel_work_timer+0x179/0x260
[   23.769767]  [&lt;ffffffff81960cc2&gt;] ? _raw_spin_unlock_irqrestore+0x52/0x80
[   23.769772]  [&lt;ffffffff8113b52b&gt;] ? try_to_del_timer_sync+0x6b/0x80
[   23.769777]  [&lt;ffffffff810be348&gt;] cancel_work_sync+0x18/0x20
[   23.769783]  [&lt;ffffffffa00563c5&gt;] usbhid_close+0x75/0xb0 [usbhid]
[   23.769791]  [&lt;ffffffffa0039431&gt;] hidinput_close+0x31/0x40 [hid]
[   23.769799]  [&lt;ffffffffa0039400&gt;] ? hidinput_open+0x40/0x40 [hid]
[   23.769804]  [&lt;ffffffff81775e38&gt;] input_close_device+0x48/0x70
[   23.769809]  [&lt;ffffffff8177e996&gt;] evdev_release+0xd6/0xf0
[   23.769814]  [&lt;ffffffff81291f87&gt;] __fput+0x107/0x240
[   23.769819]  [&lt;ffffffff81291e16&gt;] ____fput+0x16/0x20
[   23.769824]  [&lt;ffffffff810c7c67&gt;] task_work_run+0x87/0x130
[   23.769831]  [&lt;ffffffff810246f7&gt;] do_notify_resume+0xcd7/0xd10
[   23.769836]  [&lt;ffffffff81104ebd&gt;] ? trace_hardirqs_on+0xd/0x10
[   23.769843]  [&lt;ffffffff811efbc3&gt;] ? context_tracking_user_enter+0x13/0x20
[   23.769848]  [&lt;ffffffff81037762&gt;] ? syscall_trace_leave+0x1b2/0x4b0
[   23.769852]  [&lt;ffffffff81291da6&gt;] ? fput+0x76/0xd0
[   23.769856]  [&lt;ffffffff8128e6c5&gt;] ? filp_close+0x65/0x90
[   23.769861]  [&lt;ffffffff81003017&gt;] ? trace_hardirqs_on_thunk+0x17/0x19
[   23.769866]  [&lt;ffffffff81961aee&gt;] int_signal+0x12/0x17
[   27.208814] r8169 0000:02:00.0 eth0: link down
[   27.209096] IPv6: ADDRCONF(NETDEV_UP): eth0: link is not ready
[   64.014366] PPP BSD Compression module registered
[   64.021607] PPP Deflate Compression module registered
</pre>
</div>

<div class="comment">
<div class="meta"><a href="/project/LKML/list/?submitter=73061">Baoquan He</a> - Sept. 9, 2015, 7:14 a.m.</div>
<pre class="content">
On 09/09/15 at 08:56am, Sedat Dilek wrote:
<span class="quote"> 
&gt; None of the force-inlining patches helped.</span>
<span class="quote">&gt; </span>
<span class="quote">&gt;       cpumask: Force inlining of cpumask_weight function</span>
<span class="quote">&gt;       nodemask: Force inlining of __nodes_weight function</span>
<span class="quote">&gt; </span>
<span class="quote">&gt; If I recompile lib/bitmap.o with GCC v4.9 (see attached file) and</span>
<span class="quote">&gt; re-invoke make I can boot into this mixture of clang-gcc-compiled</span>
<span class="quote">&gt; Linux-kernel.</span>
<span class="quote">&gt; </span>
<span class="quote">&gt; I have here CONFIG_OPTIMIZE_INLINING=n, but I doubt this had an effect.</span>
<span class="quote">&gt; </span>
<span class="quote">&gt; CONCLUSION:</span>
<span class="quote">&gt; </span>
<span class="quote">&gt; The problem exists in lib/bitmap.c - cannot say what is wrong with it</span>
<span class="quote">&gt; when compiling with CLANG v3.7.</span>

It&#39;s good, at least it narrows down to the __bitmap_weight(). From call
trace in boot log lib/bitmap.o is suspectable. Then it is worth checking
the disassembling code of __bitmap_weight() in bitmap.o.

And I noticed this time the nr_cpu_ids is 8, you can see 
setup_percpu: NR_CPUS:256 nr_cpumask_bits:256 nr_cpu_ids:8 nr_node_ids:1
Within the failure boot log nr_cpu_ids is 1, I don&#39;t know whether it&#39;s
suspect.

Since it&#39;s related to array operation, reading the disassembling code
may be helpful.
<span class="quote">
&gt; </span>
<span class="quote">&gt; Regards,</span>
<span class="quote">&gt; - Sedat -</span>
<span class="quote">
&gt; [    0.000000] Initializing cgroup subsys cpuset</span>
<span class="quote">&gt; [    0.000000] Initializing cgroup subsys cpu</span>
<span class="quote">&gt; [    0.000000] Initializing cgroup subsys cpuacct</span>
<span class="quote">&gt; [    0.000000] Linux version 4.2.0-4-llvmlinux-small (sedat.dilek@gmail.com@fambox) (clang version 3.7.0 (tags/RELEASE_370/final)) #2 SMP Wed Sep 9 08:42:22 CEST 2015</span>
<span class="quote">&gt; [    0.000000] Command line: BOOT_IMAGE=/boot/vmlinuz-4.2.0-4-llvmlinux-small root=UUID=001AADA61AAD9964 loop=/ubuntu/disks/root.disk ro</span>
<span class="quote">&gt; [    0.000000] KERNEL supported cpus:</span>
<span class="quote">&gt; [    0.000000]   Intel GenuineIntel</span>
<span class="quote">&gt; [    0.000000]   AMD AuthenticAMD</span>
<span class="quote">&gt; [    0.000000]   Centaur CentaurHauls</span>
<span class="quote">&gt; [    0.000000] Disabled fast string operations</span>
<span class="quote">&gt; [    0.000000] x86/fpu: xstate_offset[2]: 0240, xstate_sizes[2]: 0100</span>
<span class="quote">&gt; [    0.000000] x86/fpu: Supporting XSAVE feature 0x01: &#39;x87 floating point registers&#39;</span>
<span class="quote">&gt; [    0.000000] x86/fpu: Supporting XSAVE feature 0x02: &#39;SSE registers&#39;</span>
<span class="quote">&gt; [    0.000000] x86/fpu: Supporting XSAVE feature 0x04: &#39;AVX registers&#39;</span>
<span class="quote">&gt; [    0.000000] x86/fpu: Enabled xstate features 0x7, context size is 0x340 bytes, using &#39;standard&#39; format.</span>
<span class="quote">&gt; [    0.000000] x86/fpu: Using &#39;eager&#39; FPU context switches.</span>
<span class="quote">&gt; [    0.000000] e820: BIOS-provided physical RAM map:</span>
<span class="quote">&gt; [    0.000000] BIOS-e820: [mem 0x0000000000000000-0x000000000009d7ff] usable</span>
<span class="quote">&gt; [    0.000000] BIOS-e820: [mem 0x000000000009d800-0x000000000009ffff] reserved</span>
<span class="quote">&gt; [    0.000000] BIOS-e820: [mem 0x00000000000e0000-0x00000000000fffff] reserved</span>
<span class="quote">&gt; [    0.000000] BIOS-e820: [mem 0x0000000000100000-0x000000001fffffff] usable</span>
<span class="quote">&gt; [    0.000000] BIOS-e820: [mem 0x0000000020000000-0x00000000201fffff] reserved</span>
<span class="quote">&gt; [    0.000000] BIOS-e820: [mem 0x0000000020200000-0x000000003fffffff] usable</span>
<span class="quote">&gt; [    0.000000] BIOS-e820: [mem 0x0000000040000000-0x00000000401fffff] reserved</span>
<span class="quote">&gt; [    0.000000] BIOS-e820: [mem 0x0000000040200000-0x00000000d9c9efff] usable</span>
<span class="quote">&gt; [    0.000000] BIOS-e820: [mem 0x00000000d9c9f000-0x00000000dae7efff] reserved</span>
<span class="quote">&gt; [    0.000000] BIOS-e820: [mem 0x00000000dae7f000-0x00000000daf9efff] ACPI NVS</span>
<span class="quote">&gt; [    0.000000] BIOS-e820: [mem 0x00000000daf9f000-0x00000000daffefff] ACPI data</span>
<span class="quote">&gt; [    0.000000] BIOS-e820: [mem 0x00000000dafff000-0x00000000daffffff] usable</span>
<span class="quote">&gt; [    0.000000] BIOS-e820: [mem 0x00000000db000000-0x00000000df9fffff] reserved</span>
<span class="quote">&gt; [    0.000000] BIOS-e820: [mem 0x00000000f8000000-0x00000000fbffffff] reserved</span>
<span class="quote">&gt; [    0.000000] BIOS-e820: [mem 0x00000000fec00000-0x00000000fec00fff] reserved</span>
<span class="quote">&gt; [    0.000000] BIOS-e820: [mem 0x00000000fed08000-0x00000000fed08fff] reserved</span>
<span class="quote">&gt; [    0.000000] BIOS-e820: [mem 0x00000000fed10000-0x00000000fed19fff] reserved</span>
<span class="quote">&gt; [    0.000000] BIOS-e820: [mem 0x00000000fed1c000-0x00000000fed1ffff] reserved</span>
<span class="quote">&gt; [    0.000000] BIOS-e820: [mem 0x00000000fee00000-0x00000000fee00fff] reserved</span>
<span class="quote">&gt; [    0.000000] BIOS-e820: [mem 0x00000000ffd80000-0x00000000ffffffff] reserved</span>
<span class="quote">&gt; [    0.000000] BIOS-e820: [mem 0x0000000100000000-0x000000011fdfffff] usable</span>
<span class="quote">&gt; [    0.000000] NX (Execute Disable) protection: active</span>
<span class="quote">&gt; [    0.000000] SMBIOS 2.6 present.</span>
<span class="quote">&gt; [    0.000000] DMI: SAMSUNG ELECTRONICS CO., LTD. 530U3BI/530U4BI/530U4BH/530U3BI/530U4BI/530U4BH, BIOS 13XK 03/28/2013</span>
<span class="quote">&gt; [    0.000000] e820: update [mem 0x00000000-0x00000fff] usable ==&gt; reserved</span>
<span class="quote">&gt; [    0.000000] e820: remove [mem 0x000a0000-0x000fffff] usable</span>
<span class="quote">&gt; [    0.000000] e820: last_pfn = 0x11fe00 max_arch_pfn = 0x400000000</span>
<span class="quote">&gt; [    0.000000] MTRR default type: uncachable</span>
<span class="quote">&gt; [    0.000000] MTRR fixed ranges enabled:</span>
<span class="quote">&gt; [    0.000000]   00000-9FFFF write-back</span>
<span class="quote">&gt; [    0.000000]   A0000-BFFFF uncachable</span>
<span class="quote">&gt; [    0.000000]   C0000-FFFFF write-protect</span>
<span class="quote">&gt; [    0.000000] MTRR variable ranges enabled:</span>
<span class="quote">&gt; [    0.000000]   0 base 000000000 mask F80000000 write-back</span>
<span class="quote">&gt; [    0.000000]   1 base 080000000 mask FC0000000 write-back</span>
<span class="quote">&gt; [    0.000000]   2 base 0C0000000 mask FE0000000 write-back</span>
<span class="quote">&gt; [    0.000000]   3 base 0DC000000 mask FFC000000 uncachable</span>
<span class="quote">&gt; [    0.000000]   4 base 0DB000000 mask FFF000000 uncachable</span>
<span class="quote">&gt; [    0.000000]   5 base 100000000 mask FE0000000 write-back</span>
<span class="quote">&gt; [    0.000000]   6 base 11FE00000 mask FFFE00000 uncachable</span>
<span class="quote">&gt; [    0.000000]   7 base 0FFC00000 mask FFFC00000 write-protect</span>
<span class="quote">&gt; [    0.000000]   8 disabled</span>
<span class="quote">&gt; [    0.000000]   9 disabled</span>
<span class="quote">&gt; [    0.000000] x86/PAT: Configuration [0-7]: WB  WC  UC- UC  WB  WC  UC- WT  </span>
<span class="quote">&gt; [    0.000000] e820: last_pfn = 0xdb000 max_arch_pfn = 0x400000000</span>
<span class="quote">&gt; [    0.000000] found SMP MP-table at [mem 0x000f00e0-0x000f00ef] mapped at [ffff8800000f00e0]</span>
<span class="quote">&gt; [    0.000000] Scanning 1 areas for low memory corruption</span>
<span class="quote">&gt; [    0.000000] Base memory trampoline at [ffff880000096000] 96000 size 28672</span>
<span class="quote">&gt; [    0.000000] reserving inaccessible SNB gfx pages</span>
<span class="quote">&gt; [    0.000000] init_memory_mapping: [mem 0x00000000-0x000fffff]</span>
<span class="quote">&gt; [    0.000000]  [mem 0x00000000-0x000fffff] page 4k</span>
<span class="quote">&gt; [    0.000000] BRK [0x03038000, 0x03038fff] PGTABLE</span>
<span class="quote">&gt; [    0.000000] BRK [0x03039000, 0x03039fff] PGTABLE</span>
<span class="quote">&gt; [    0.000000] BRK [0x0303a000, 0x0303afff] PGTABLE</span>
<span class="quote">&gt; [    0.000000] init_memory_mapping: [mem 0x11fc00000-0x11fdfffff]</span>
<span class="quote">&gt; [    0.000000]  [mem 0x11fc00000-0x11fdfffff] page 2M</span>
<span class="quote">&gt; [    0.000000] BRK [0x0303b000, 0x0303bfff] PGTABLE</span>
<span class="quote">&gt; [    0.000000] init_memory_mapping: [mem 0x100000000-0x11fbfffff]</span>
<span class="quote">&gt; [    0.000000]  [mem 0x100000000-0x11fbfffff] page 2M</span>
<span class="quote">&gt; [    0.000000] init_memory_mapping: [mem 0xc0000000-0xd9c9efff]</span>
<span class="quote">&gt; [    0.000000]  [mem 0xc0000000-0xd9bfffff] page 2M</span>
<span class="quote">&gt; [    0.000000]  [mem 0xd9c00000-0xd9c9efff] page 4k</span>
<span class="quote">&gt; [    0.000000] BRK [0x0303c000, 0x0303cfff] PGTABLE</span>
<span class="quote">&gt; [    0.000000] BRK [0x0303d000, 0x0303dfff] PGTABLE</span>
<span class="quote">&gt; [    0.000000] init_memory_mapping: [mem 0xdafff000-0xdaffffff]</span>
<span class="quote">&gt; [    0.000000]  [mem 0xdafff000-0xdaffffff] page 4k</span>
<span class="quote">&gt; [    0.000000] init_memory_mapping: [mem 0x00100000-0x1fffffff]</span>
<span class="quote">&gt; [    0.000000]  [mem 0x00100000-0x001fffff] page 4k</span>
<span class="quote">&gt; [    0.000000]  [mem 0x00200000-0x1fffffff] page 2M</span>
<span class="quote">&gt; [    0.000000] init_memory_mapping: [mem 0x20200000-0x3fffffff]</span>
<span class="quote">&gt; [    0.000000]  [mem 0x20200000-0x3fffffff] page 2M</span>
<span class="quote">&gt; [    0.000000] init_memory_mapping: [mem 0x40200000-0xbfffffff]</span>
<span class="quote">&gt; [    0.000000]  [mem 0x40200000-0xbfffffff] page 2M</span>
<span class="quote">&gt; [    0.000000] RAMDISK: [mem 0x37856000-0x37c22fff]</span>
<span class="quote">&gt; [    0.000000] ACPI: Early table checksum verification disabled</span>
<span class="quote">&gt; [    0.000000] ACPI: RSDP 0x00000000000F0100 000024 (v02 SECCSD)</span>
<span class="quote">&gt; [    0.000000] ACPI: XSDT 0x00000000DAFFE170 00008C (v01 SECCSD LH43STAR 00000002 PTEC 00000002)</span>
<span class="quote">&gt; [    0.000000] ACPI: FACP 0x00000000DAFEF000 00010C (v05 SECCSD LH43STAR 00000002 PTL  00000002)</span>
<span class="quote">&gt; [    0.000000] ACPI: DSDT 0x00000000DAFF2000 0083AC (v02 SECCSD SNB-CPT  00000000 INTL 20061109)</span>
<span class="quote">&gt; [    0.000000] ACPI: FACS 0x00000000DAF47000 000040</span>
<span class="quote">&gt; [    0.000000] ACPI: SLIC 0x00000000DAFFD000 000176 (v01 SECCSD LH43STAR 00000002 PTEC 00000001)</span>
<span class="quote">&gt; [    0.000000] ACPI: SSDT 0x00000000DAFFB000 001068 (v01 SECCSD PtidDevc 00001000 INTL 20061109)</span>
<span class="quote">&gt; [    0.000000] ACPI: ASF! 0x00000000DAFF1000 0000A5 (v32 SECCSD LH43STAR 00000002 PTL  00000002)</span>
<span class="quote">&gt; [    0.000000] ACPI: HPET 0x00000000DAFEE000 000038 (v01 SECCSD LH43STAR 00000002 PTL  00000002)</span>
<span class="quote">&gt; [    0.000000] ACPI: APIC 0x00000000DAFED000 000098 (v03 SECCSD LH43STAR 00000002 PTL  00000002)</span>
<span class="quote">&gt; [    0.000000] ACPI: MCFG 0x00000000DAFEC000 00003C (v01 SECCSD LH43STAR 00000002 PTL  00000002)</span>
<span class="quote">&gt; [    0.000000] ACPI: SSDT 0x00000000DAFEB000 000804 (v01 PmRef  Cpu0Ist  00003000 INTL 20061109)</span>
<span class="quote">&gt; [    0.000000] ACPI: SSDT 0x00000000DAFEA000 000996 (v01 PmRef  CpuPm    00003000 INTL 20061109)</span>
<span class="quote">&gt; [    0.000000] ACPI: UEFI 0x00000000DAFE9000 00003E (v01 SECCSD LH43STAR 00000002 PTL  00000002)</span>
<span class="quote">&gt; [    0.000000] ACPI: UEFI 0x00000000DAFE8000 000042 (v01 PTL    COMBUF   00000001 PTL  00000001)</span>
<span class="quote">&gt; [    0.000000] ACPI: UEFI 0x00000000DAFE7000 00026A (v01 SECCSD LH43STAR 00000002 PTL  00000002)</span>
<span class="quote">&gt; [    0.000000] ACPI: SSDT 0x00000000DAFE6000 0000D0 (v01 Iffs   IffsAsl  00003000 INTL 20061109)</span>
<span class="quote">&gt; [    0.000000] ACPI: Local APIC address 0xfee00000</span>
<span class="quote">&gt; [    0.000000] No NUMA configuration found</span>
<span class="quote">&gt; [    0.000000] Faking a node at [mem 0x0000000000000000-0x000000011fdfffff]</span>
<span class="quote">&gt; [    0.000000] NODE_DATA(0) allocated [mem 0x11fdf8000-0x11fdfcfff]</span>
<span class="quote">&gt; [    0.000000]  [ffffea0000000000-ffffea00047fffff] PMD -&gt; [ffff88011b400000-ffff88011f3fffff] on node 0</span>
<span class="quote">&gt; [    0.000000] Zone ranges:</span>
<span class="quote">&gt; [    0.000000]   DMA      [mem 0x0000000000001000-0x0000000000ffffff]</span>
<span class="quote">&gt; [    0.000000]   DMA32    [mem 0x0000000001000000-0x00000000ffffffff]</span>
<span class="quote">&gt; [    0.000000]   Normal   [mem 0x0000000100000000-0x000000011fdfffff]</span>
<span class="quote">&gt; [    0.000000] Movable zone start for each node</span>
<span class="quote">&gt; [    0.000000] Early memory node ranges</span>
<span class="quote">&gt; [    0.000000]   node   0: [mem 0x0000000000001000-0x000000000009cfff]</span>
<span class="quote">&gt; [    0.000000]   node   0: [mem 0x0000000000100000-0x000000001fffffff]</span>
<span class="quote">&gt; [    0.000000]   node   0: [mem 0x0000000020200000-0x000000003fffffff]</span>
<span class="quote">&gt; [    0.000000]   node   0: [mem 0x0000000040200000-0x00000000d9c9efff]</span>
<span class="quote">&gt; [    0.000000]   node   0: [mem 0x00000000dafff000-0x00000000daffffff]</span>
<span class="quote">&gt; [    0.000000]   node   0: [mem 0x0000000100000000-0x000000011fdfffff]</span>
<span class="quote">&gt; [    0.000000] Initmem setup node 0 [mem 0x0000000000001000-0x000000011fdfffff]</span>
<span class="quote">&gt; [    0.000000] On node 0 totalpages: 1021500</span>
<span class="quote">&gt; [    0.000000]   DMA zone: 64 pages used for memmap</span>
<span class="quote">&gt; [    0.000000]   DMA zone: 156 pages reserved</span>
<span class="quote">&gt; [    0.000000]   DMA zone: 3996 pages, LIFO batch:0</span>
<span class="quote">&gt; [    0.000000]   DMA32 zone: 13859 pages used for memmap</span>
<span class="quote">&gt; [    0.000000]   DMA32 zone: 886944 pages, LIFO batch:31</span>
<span class="quote">&gt; [    0.000000]   Normal zone: 2040 pages used for memmap</span>
<span class="quote">&gt; [    0.000000]   Normal zone: 130560 pages, LIFO batch:31</span>
<span class="quote">&gt; [    0.000000] Reserving Intel graphics stolen memory at 0xdba00000-0xdf9fffff</span>
<span class="quote">&gt; [    0.000000] ACPI: PM-Timer IO Port: 0x408</span>
<span class="quote">&gt; [    0.000000] ACPI: Local APIC address 0xfee00000</span>
<span class="quote">&gt; [    0.000000] ACPI: LAPIC_NMI (acpi_id[0x00] high edge lint[0x1])</span>
<span class="quote">&gt; [    0.000000] ACPI: LAPIC_NMI (acpi_id[0x01] high edge lint[0x1])</span>
<span class="quote">&gt; [    0.000000] IOAPIC[0]: apic_id 14, version 32, address 0xfec00000, GSI 0-23</span>
<span class="quote">&gt; [    0.000000] ACPI: INT_SRC_OVR (bus 0 bus_irq 0 global_irq 2 dfl dfl)</span>
<span class="quote">&gt; [    0.000000] ACPI: INT_SRC_OVR (bus 0 bus_irq 9 global_irq 9 high level)</span>
<span class="quote">&gt; [    0.000000] ACPI: IRQ0 used by override.</span>
<span class="quote">&gt; [    0.000000] ACPI: IRQ9 used by override.</span>
<span class="quote">&gt; [    0.000000] Using ACPI (MADT) for SMP configuration information</span>
<span class="quote">&gt; [    0.000000] ACPI: HPET id: 0x8086a301 base: 0xfed00000</span>
<span class="quote">&gt; [    0.000000] smpboot: Allowing 8 CPUs, 4 hotplug CPUs</span>
<span class="quote">&gt; [    0.000000] PM: Registered nosave memory: [mem 0x00000000-0x00000fff]</span>
<span class="quote">&gt; [    0.000000] PM: Registered nosave memory: [mem 0x0009d000-0x0009dfff]</span>
<span class="quote">&gt; [    0.000000] PM: Registered nosave memory: [mem 0x0009e000-0x0009ffff]</span>
<span class="quote">&gt; [    0.000000] PM: Registered nosave memory: [mem 0x000a0000-0x000dffff]</span>
<span class="quote">&gt; [    0.000000] PM: Registered nosave memory: [mem 0x000e0000-0x000fffff]</span>
<span class="quote">&gt; [    0.000000] PM: Registered nosave memory: [mem 0x20000000-0x201fffff]</span>
<span class="quote">&gt; [    0.000000] PM: Registered nosave memory: [mem 0x40000000-0x401fffff]</span>
<span class="quote">&gt; [    0.000000] PM: Registered nosave memory: [mem 0xd9c9f000-0xdae7efff]</span>
<span class="quote">&gt; [    0.000000] PM: Registered nosave memory: [mem 0xdae7f000-0xdaf9efff]</span>
<span class="quote">&gt; [    0.000000] PM: Registered nosave memory: [mem 0xdaf9f000-0xdaffefff]</span>
<span class="quote">&gt; [    0.000000] PM: Registered nosave memory: [mem 0xdb000000-0xdf9fffff]</span>
<span class="quote">&gt; [    0.000000] PM: Registered nosave memory: [mem 0xdfa00000-0xf7ffffff]</span>
<span class="quote">&gt; [    0.000000] PM: Registered nosave memory: [mem 0xf8000000-0xfbffffff]</span>
<span class="quote">&gt; [    0.000000] PM: Registered nosave memory: [mem 0xfc000000-0xfebfffff]</span>
<span class="quote">&gt; [    0.000000] PM: Registered nosave memory: [mem 0xfec00000-0xfec00fff]</span>
<span class="quote">&gt; [    0.000000] PM: Registered nosave memory: [mem 0xfec01000-0xfed07fff]</span>
<span class="quote">&gt; [    0.000000] PM: Registered nosave memory: [mem 0xfed08000-0xfed08fff]</span>
<span class="quote">&gt; [    0.000000] PM: Registered nosave memory: [mem 0xfed09000-0xfed0ffff]</span>
<span class="quote">&gt; [    0.000000] PM: Registered nosave memory: [mem 0xfed10000-0xfed19fff]</span>
<span class="quote">&gt; [    0.000000] PM: Registered nosave memory: [mem 0xfed1a000-0xfed1bfff]</span>
<span class="quote">&gt; [    0.000000] PM: Registered nosave memory: [mem 0xfed1c000-0xfed1ffff]</span>
<span class="quote">&gt; [    0.000000] PM: Registered nosave memory: [mem 0xfed20000-0xfedfffff]</span>
<span class="quote">&gt; [    0.000000] PM: Registered nosave memory: [mem 0xfee00000-0xfee00fff]</span>
<span class="quote">&gt; [    0.000000] PM: Registered nosave memory: [mem 0xfee01000-0xffd7ffff]</span>
<span class="quote">&gt; [    0.000000] PM: Registered nosave memory: [mem 0xffd80000-0xffffffff]</span>
<span class="quote">&gt; [    0.000000] e820: [mem 0xdfa00000-0xf7ffffff] available for PCI devices</span>
<span class="quote">&gt; [    0.000000] Booting paravirtualized kernel on bare hardware</span>
<span class="quote">&gt; [    0.000000] clocksource: refined-jiffies: mask: 0xffffffff max_cycles: 0xffffffff, max_idle_ns: 7645519600211568 ns</span>
<span class="quote">&gt; [    0.000000] setup_percpu: NR_CPUS:256 nr_cpumask_bits:256 nr_cpu_ids:8 nr_node_ids:1</span>
<span class="quote">&gt; [    0.000000] PERCPU: Embedded 34 pages/cpu @ffff88011fa00000 s98440 r8192 d32632 u262144</span>
<span class="quote">&gt; [    0.000000] pcpu-alloc: s98440 r8192 d32632 u262144 alloc=1*2097152</span>
<span class="quote">&gt; [    0.000000] pcpu-alloc: [0] 0 1 2 3 4 5 6 7 </span>
<span class="quote">&gt; [    0.000000] Built 1 zonelists in Node order, mobility grouping on.  Total pages: 1005381</span>
<span class="quote">&gt; [    0.000000] Policy zone: Normal</span>
<span class="quote">&gt; [    0.000000] Kernel command line: BOOT_IMAGE=/boot/vmlinuz-4.2.0-4-llvmlinux-small root=UUID=001AADA61AAD9964 loop=/ubuntu/disks/root.disk ro</span>
<span class="quote">&gt; [    0.000000] PID hash table entries: 4096 (order: 3, 32768 bytes)</span>
<span class="quote">&gt; [    0.000000] Calgary: detecting Calgary via BIOS EBDA area</span>
<span class="quote">&gt; [    0.000000] Calgary: Unable to locate Rio Grande table in EBDA - bailing!</span>
<span class="quote">&gt; [    0.000000] Memory: 3914932K/4086000K available (9627K kernel code, 1179K rwdata, 3360K rodata, 3080K init, 14356K bss, 171068K reserved, 0K cma-reserved)</span>
<span class="quote">&gt; [    0.000000] Running RCU self tests</span>
<span class="quote">&gt; [    0.000000] Hierarchical RCU implementation.</span>
<span class="quote">&gt; [    0.000000] 	RCU lockdep checking is enabled.</span>
<span class="quote">&gt; [    0.000000] 	Build-time adjustment of leaf fanout to 64.</span>
<span class="quote">&gt; [    0.000000] 	RCU restricting CPUs from NR_CPUS=256 to nr_cpu_ids=8.</span>
<span class="quote">&gt; [    0.000000] RCU: Adjusting geometry for rcu_fanout_leaf=64, nr_cpu_ids=8</span>
<span class="quote">&gt; [    0.000000] NR_IRQS:16640 nr_irqs:488 16</span>
<span class="quote">&gt; [    0.000000] Console: colour dummy device 80x25</span>
<span class="quote">&gt; [    0.000000] console [tty0] enabled</span>
<span class="quote">&gt; [    0.000000] Lock dependency validator: Copyright (c) 2006 Red Hat, Inc., Ingo Molnar</span>
<span class="quote">&gt; [    0.000000] ... MAX_LOCKDEP_SUBCLASSES:  8</span>
<span class="quote">&gt; [    0.000000] ... MAX_LOCK_DEPTH:          48</span>
<span class="quote">&gt; [    0.000000] ... MAX_LOCKDEP_KEYS:        8191</span>
<span class="quote">&gt; [    0.000000] ... CLASSHASH_SIZE:          4096</span>
<span class="quote">&gt; [    0.000000] ... MAX_LOCKDEP_ENTRIES:     32768</span>
<span class="quote">&gt; [    0.000000] ... MAX_LOCKDEP_CHAINS:      65536</span>
