
<!DOCTYPE html PUBLIC "-//W3C//DTD XHTML 1.0 Strict//EN"
 "http://www.w3.org/TR/xhtml1/DTD/xhtml1-strict.dtd">
<html xmlns="http://www.w3.org/1999/xhtml">
 <head>
  <meta http-equiv="Content-Type" content="text/html; charset=UTF-8"/>
  <title>[llvmlinux] percpu | bitmap issue? (Cannot boot on bare metal due to a kernel NULL pointer dereference) - Patchwork</title>
  <link rel="stylesheet" type="text/css" href="/static/css/style.css"/>
  <script type="text/javascript" src="/static/js/common.js"></script>
  <script type="text/javascript" src="/static/js/jquery-1.10.1.min.js"></script>

 </head>
 <body>
  <div id="title">
  <h1 style="float: left;">
     <a
      href="/">Patchwork</a>
    [llvmlinux] percpu | bitmap issue? (Cannot boot on bare metal due to a kernel NULL pointer dereference)</h1>
  <div id="auth">

     <a href="/user/login/">login</a>
     <br/>
     <a href="/register/">register</a>
     <br/>
     <a href="/mail/">mail settings</a>

   </div>
   <div style="clear: both;"></div>
  </div>
  <div id="nav">
   <div id="navleft">
   
    <strong>Project</strong>: LKML
     :
     <a href="/project/LKML/list/"
      >patches</a>
     :
     <a href="/project/LKML/"
      >project info</a>
    
     :
     <a href="/"
     >other projects</a>
     
    
   </div>
   <div id="navright">
    <a href="/help/about/">about</a>
   </div>
   <div style="clear: both"></div>
  </div>

  <div id="content">

<script language="JavaScript" type="text/javascript">
function toggle_headers(link_id, headers_id)
{
    var link = document.getElementById(link_id)
    var headers = document.getElementById(headers_id)

    var hidden = headers.style['display'] == 'none';

    if (hidden) {
        link.innerHTML = 'hide';
        headers.style['display'] = 'block';
    } else {
        link.innerHTML = 'show';
        headers.style['display'] = 'none';
    }

}
</script>

<table class="patchmeta">
 <tr>
  <th>Submitter</th>
  <td><a href="/project/LKML/list/?submitter=41441">Sedat Dilek</a></td>
 </tr>
 <tr>
  <th>Date</th>
  <td>Sept. 13, 2015, 2:33 a.m.</td>
 </tr>
 <tr>
  <th>Message ID</th>
  <td>&lt;CA+icZUU=qAJ7xqYs_k=NNG-Sj3Xv770MUNToA4JqiO3rAzUxNA@mail.gmail.com&gt;</td>
 </tr>
 <tr>
  <th>Download</th>
  <td>
   <a href="/patch/7167961/mbox/"
   >mbox</a>
|
   <a href="/patch/7167961/raw/"
   >patch</a>

   </td>
 </tr>
 <tr>
  <th>Permalink</th>
  <td><a href="/patch/7167961/">/patch/7167961/</a>
 </tr>
  <tr>
   <th>State</th>
   <td>New</td>
  </tr>


 <tr>
  <th>Headers</th>
  <td><a id="togglepatchheaders"
   href="javascript:toggle_headers('togglepatchheaders', 'patchheaders')"
   >show</a>
   <div id="patchheaders" class="patchheaders" style="display:none;">
    <pre>Return-Path: &lt;linux-kernel-owner@kernel.org&gt;
X-Original-To: patchwork-LKML@patchwork.kernel.org
Delivered-To: patchwork-parsemail@patchwork1.web.kernel.org
Received: from mail.kernel.org (mail.kernel.org [198.145.29.136])
	by patchwork1.web.kernel.org (Postfix) with ESMTP id C36069F32B
	for &lt;patchwork-LKML@patchwork.kernel.org&gt;;
	Sun, 13 Sep 2015 02:34:40 +0000 (UTC)
Received: from mail.kernel.org (localhost [127.0.0.1])
	by mail.kernel.org (Postfix) with ESMTP id C30EC207EA
	for &lt;patchwork-LKML@patchwork.kernel.org&gt;;
	Sun, 13 Sep 2015 02:34:34 +0000 (UTC)
Received: from vger.kernel.org (vger.kernel.org [209.132.180.67])
	by mail.kernel.org (Postfix) with ESMTP id D77D4207DB
	for &lt;patchwork-LKML@patchwork.kernel.org&gt;;
	Sun, 13 Sep 2015 02:34:27 +0000 (UTC)
Received: (majordomo@vger.kernel.org) by vger.kernel.org via listexpand
	id S1755024AbbIMCdq (ORCPT
	&lt;rfc822;patchwork-LKML@patchwork.kernel.org&gt;);
	Sat, 12 Sep 2015 22:33:46 -0400
Received: from mail-vk0-f53.google.com ([209.85.213.53]:36849 &quot;EHLO
	mail-vk0-f53.google.com&quot; rhost-flags-OK-OK-OK-OK) by vger.kernel.org
	with ESMTP id S1752483AbbIMCdl (ORCPT
	&lt;rfc822;linux-kernel@vger.kernel.org&gt;);
	Sat, 12 Sep 2015 22:33:41 -0400
Received: by vkfp126 with SMTP id p126so42740570vkf.3
	for &lt;linux-kernel@vger.kernel.org&gt;;
	Sat, 12 Sep 2015 19:33:39 -0700 (PDT)
DKIM-Signature: v=1; a=rsa-sha256; c=relaxed/relaxed;
	d=gmail.com; s=20120113;
	h=mime-version:reply-to:in-reply-to:references:date:message-id
	:subject:from:to:cc:content-type;
	bh=PNUbRsynHqCdN7/bjqUfu6I1Dvt1jS0QyKcy7AhJv2M=;
	b=TJb9pHdKdRqxTnmX0mza7DpsUddgtFftknAT54+hk95NgO72Xgo862vFQ2GuwcU1Qr
	clkQee2x4i0YXt7OxnKaJYkIfFsHynX7hIxx+OqHaoeYMMjNL/5IocT1wpYg50nsAoqL
	wQXmgC2tglStaa7PaE139QhqraDAbEhpgIr25h89Ca4kfhcZYoSc5f1hFrawB20m74EB
	IWsLmOY9XM2acV/TnHCJDlGsV0J3r+A6w4WPxmWq1Ccolw8QrChgtmdElfEQwJ6jLDud
	K+YtOc7cSl8xEO5Oq3YIJ6N4YQiTwVzccTCsfWb5Xv6C3Hw+vzYbLCeYY2mu4QvMD0x0
	iJxA==
MIME-Version: 1.0
X-Received: by 10.31.49.140 with SMTP id x134mr6015572vkx.10.1442111619516; 
	Sat, 12 Sep 2015 19:33:39 -0700 (PDT)
Received: by 10.103.3.66 with HTTP; Sat, 12 Sep 2015 19:33:39 -0700 (PDT)
Reply-To: sedat.dilek@gmail.com
In-Reply-To: &lt;CA+icZUUJOsoon2Vk09yu6Z=p2N8mpHkVnp=TZyfSxpKKw_x2iQ@mail.gmail.com&gt;
References: &lt;CA+icZUUbhu2i3c8FEH7wTjXwYqSMuS+SBk19GhfbUW4+uLeDHw@mail.gmail.com&gt;
	&lt;CA+icZUUs3KEydWRgu_Y+YqS4TcCNp2DUw3Y+KfBzX7aPg_kzLw@mail.gmail.com&gt;
	&lt;20150909022945.GB1998@dhcp-17-102.nay.redhat.com&gt;
	&lt;CA+icZUUgVEaYmToXd6j4sHT2PW3CH++B7DcO-Mj48W2rBD6yAQ@mail.gmail.com&gt;
	&lt;20150909032541.GC1998@dhcp-17-102.nay.redhat.com&gt;
	&lt;CA+icZUWOcDAeu+e7aP9J5ZwpKOgjuMKtJyeM8McHZe33EM65Og@mail.gmail.com&gt;
	&lt;CA+icZUXNWWHrx4mgzudafMwq1HOZd5FZY2QTicY5a-eYF=D8Kg@mail.gmail.com&gt;
	&lt;20150909071410.GD1998@dhcp-17-102.nay.redhat.com&gt;
	&lt;CA+icZUVTHJGkg9mTs3TSy3U4VX_cTyNpwNeX9R+73Y9=ZD_E0A@mail.gmail.com&gt;
	&lt;CA+icZUWo1-7Kqo36Dp-pjjq1hUdiqvwhZhvaXM1RwA8mqter_A@mail.gmail.com&gt;
	&lt;20150909125424.GP3644@twins.programming.kicks-ass.net&gt;
	&lt;CA+icZUUJOsoon2Vk09yu6Z=p2N8mpHkVnp=TZyfSxpKKw_x2iQ@mail.gmail.com&gt;
Date: Sun, 13 Sep 2015 04:33:39 +0200
Message-ID: &lt;CA+icZUU=qAJ7xqYs_k=NNG-Sj3Xv770MUNToA4JqiO3rAzUxNA@mail.gmail.com&gt;
Subject: Re: [llvmlinux] percpu | bitmap issue? (Cannot boot on bare metal
	due to a kernel NULL pointer dereference)
From: Sedat Dilek &lt;sedat.dilek@gmail.com&gt;
To: Peter Zijlstra &lt;peterz@infradead.org&gt;
Cc: Baoquan He &lt;bhe@redhat.com&gt;, Denys Vlasenko &lt;dvlasenk@redhat.com&gt;,
	Tejun Heo &lt;tj@kernel.org&gt;, Christoph Lameter &lt;cl@linux.com&gt;,
	LKML &lt;linux-kernel@vger.kernel.org&gt;,
	Andrew Morton &lt;akpm@linux-foundation.org&gt;,
	David Rientjes &lt;rientjes@google.com&gt;,
	Linus Torvalds &lt;torvalds@linux-foundation.org&gt;,
	Thomas Gleixner &lt;tglx@linutronix.de&gt;,
	Thomas Graf &lt;tgraf@suug.ch&gt;, Ingo Molnar &lt;mingo@kernel.org&gt;,
	&quot;the arch/x86 maintainers&quot; &lt;x86@kernel.org&gt;
Content-Type: multipart/mixed; boundary=001a1143203ccf4d64051f97c6cc
Sender: linux-kernel-owner@vger.kernel.org
Precedence: bulk
List-ID: &lt;linux-kernel.vger.kernel.org&gt;
X-Mailing-List: linux-kernel@vger.kernel.org
X-Spam-Status: No, score=-6.8 required=5.0 tests=BAYES_00,
	DKIM_ADSP_CUSTOM_MED, 
	DKIM_SIGNED, FREEMAIL_FROM, RCVD_IN_DNSWL_HI, T_DKIM_INVALID,
	T_RP_MATCHES_RCVD, 
	T_TVD_MIME_EPI, UNPARSEABLE_RELAY autolearn=unavailable version=3.3.1
X-Spam-Checker-Version: SpamAssassin 3.3.1 (2010-03-16) on mail.kernel.org
X-Virus-Scanned: ClamAV using ClamSMTP
</pre>
   </div>
  </td>
 </tr>
</table>

<div class="patchforms">





 <div style="clear: both;">
 </div>
</div>



<h2>Comments</h2>

<div class="comment">
<div class="meta"><a href="/project/LKML/list/?submitter=41441">Sedat Dilek</a> - Sept. 13, 2015, 2:33 a.m.</div>
<pre class="content">
On Sat, Sep 12, 2015 at 11:22 PM, Sedat Dilek &lt;sedat.dilek@gmail.com&gt; wrote:
<span class="quote">&gt; On Wed, Sep 9, 2015 at 2:54 PM, Peter Zijlstra &lt;peterz@infradead.org&gt; wrote:</span>
<span class="quote">&gt;&gt; On Wed, Sep 09, 2015 at 12:05:50PM +0200, Sedat Dilek wrote:</span>
<span class="quote">&gt;&gt;&gt; I can boot into a CLANG v3.7 compiled Linux-kernel when lib/bitmap is</span>
<span class="quote">&gt;&gt;&gt; compiled with GCC (here: v4.9).</span>
<span class="quote">&gt;&gt;&gt;</span>
<span class="quote">&gt;&gt;&gt; CONFIG_OPTIMIZE_INLINING has no effect on this.</span>
<span class="quote">&gt;&gt;&gt;</span>
<span class="quote">&gt;&gt;&gt; Attached are the single llvmlinux patch for AMD64 (x86_64), my</span>
<span class="quote">&gt;&gt;&gt; kernel-config and 2 objdumps with bitmap.o file alltogether.</span>
<span class="quote">&gt;&gt;</span>
<span class="quote">&gt;&gt; I suggest you go tell the LLVM people their compiler is broken.</span>
<span class="quote">&gt;</span>
<span class="quote">&gt; It looks like an inline-optimization bug in CLANG when the compiler&#39;s</span>
<span class="quote">&gt; optimization-level is higher than -O2.</span>
<span class="quote">&gt;</span>
<span class="quote">&gt; Level -O0 and -O1 are OK - I can boot in such Linux-kernel v4.2.</span>
<span class="quote">&gt;</span>
<span class="quote">&gt; With Level -Oz when CONFIG_CC_OPTIMIZE_FOR_SIZE=y (equivalent to GCC&#39;s</span>
<span class="quote">&gt; -Os) the objdump looked sane but I cannot boot on bare metal.</span>
<span class="quote">&gt; Re-compiling lib/bitmap with -O0 or -O1 is fine again.</span>
<span class="quote">&gt;</span>
<span class="quote">&gt; - Sedat -</span>
<span class="quote">&gt;</span>
<span class="quote">&gt; [1] http://lists.linuxfoundation.org/pipermail/llvmlinux/2015-September/001355.html</span>

After some discussion on #llvm it turned out to be a known issue in LLVMLinux!

Unfortunately, an existing patch [1] got archived which is still
required to build x86_64 correctly.
I refreshed this patch against Linux v4.2 (see file attachments).
( According to llvm guys that patch should go upstream and affects
also building with GCC. )
( That&#39;s up to the experts. )

$ cat /proc/version
Linux version 4.2.0-3-llvmlinux-amd64 (sedat.dilek@gmail.com@fambox)
(clang version 3.7.0 (tags/RELEASE_370/final)) #1 SMP Sun Sep 13
02:02:47 CEST 2015

H00ray!

- Sedat -

[1] http://git.linuxfoundation.org/?p=llvmlinux.git;a=blob_plain;f=arch/x86_64/patches/ARCHIVE/0029-Fix-ARCH_HWEIGHT-for-compilation-with-clang.patch;hb=HEAD
[    0.000000] Initializing cgroup subsys cpuset
[    0.000000] Initializing cgroup subsys cpu
[    0.000000] Initializing cgroup subsys cpuacct
[    0.000000] Linux version 4.2.0-3-llvmlinux-amd64 (sedat.dilek@gmail.com@fambox) (clang version 3.7.0 (tags/RELEASE_370/final)) #1 SMP Sun Sep 13 02:02:47 CEST 2015
[    0.000000] Command line: BOOT_IMAGE=/boot/vmlinuz-4.2.0-3-llvmlinux-amd64 root=UUID=001AADA61AAD9964 loop=/ubuntu/disks/root.disk ro
[    0.000000] KERNEL supported cpus:
[    0.000000]   Intel GenuineIntel
[    0.000000]   AMD AuthenticAMD
[    0.000000]   Centaur CentaurHauls
[    0.000000] Disabled fast string operations
[    0.000000] x86/fpu: xstate_offset[2]: 0240, xstate_sizes[2]: 0100
[    0.000000] x86/fpu: Supporting XSAVE feature 0x01: &#39;x87 floating point registers&#39;
[    0.000000] x86/fpu: Supporting XSAVE feature 0x02: &#39;SSE registers&#39;
[    0.000000] x86/fpu: Supporting XSAVE feature 0x04: &#39;AVX registers&#39;
[    0.000000] x86/fpu: Enabled xstate features 0x7, context size is 0x340 bytes, using &#39;standard&#39; format.
[    0.000000] x86/fpu: Using &#39;eager&#39; FPU context switches.
[    0.000000] e820: BIOS-provided physical RAM map:
[    0.000000] BIOS-e820: [mem 0x0000000000000000-0x000000000009d7ff] usable
[    0.000000] BIOS-e820: [mem 0x000000000009d800-0x000000000009ffff] reserved
[    0.000000] BIOS-e820: [mem 0x00000000000e0000-0x00000000000fffff] reserved
[    0.000000] BIOS-e820: [mem 0x0000000000100000-0x000000001fffffff] usable
[    0.000000] BIOS-e820: [mem 0x0000000020000000-0x00000000201fffff] reserved
[    0.000000] BIOS-e820: [mem 0x0000000020200000-0x000000003fffffff] usable
[    0.000000] BIOS-e820: [mem 0x0000000040000000-0x00000000401fffff] reserved
[    0.000000] BIOS-e820: [mem 0x0000000040200000-0x00000000d9c9efff] usable
[    0.000000] BIOS-e820: [mem 0x00000000d9c9f000-0x00000000dae7efff] reserved
[    0.000000] BIOS-e820: [mem 0x00000000dae7f000-0x00000000daf9efff] ACPI NVS
[    0.000000] BIOS-e820: [mem 0x00000000daf9f000-0x00000000daffefff] ACPI data
[    0.000000] BIOS-e820: [mem 0x00000000dafff000-0x00000000daffffff] usable
[    0.000000] BIOS-e820: [mem 0x00000000db000000-0x00000000df9fffff] reserved
[    0.000000] BIOS-e820: [mem 0x00000000f8000000-0x00000000fbffffff] reserved
[    0.000000] BIOS-e820: [mem 0x00000000fec00000-0x00000000fec00fff] reserved
[    0.000000] BIOS-e820: [mem 0x00000000fed08000-0x00000000fed08fff] reserved
[    0.000000] BIOS-e820: [mem 0x00000000fed10000-0x00000000fed19fff] reserved
[    0.000000] BIOS-e820: [mem 0x00000000fed1c000-0x00000000fed1ffff] reserved
[    0.000000] BIOS-e820: [mem 0x00000000fee00000-0x00000000fee00fff] reserved
[    0.000000] BIOS-e820: [mem 0x00000000ffd80000-0x00000000ffffffff] reserved
[    0.000000] BIOS-e820: [mem 0x0000000100000000-0x000000011fdfffff] usable
[    0.000000] NX (Execute Disable) protection: active
[    0.000000] SMBIOS 2.6 present.
[    0.000000] DMI: SAMSUNG ELECTRONICS CO., LTD. 530U3BI/530U4BI/530U4BH/530U3BI/530U4BI/530U4BH, BIOS 13XK 03/28/2013
[    0.000000] e820: update [mem 0x00000000-0x00000fff] usable ==&gt; reserved
[    0.000000] e820: remove [mem 0x000a0000-0x000fffff] usable
[    0.000000] e820: last_pfn = 0x11fe00 max_arch_pfn = 0x400000000
[    0.000000] MTRR default type: uncachable
[    0.000000] MTRR fixed ranges enabled:
[    0.000000]   00000-9FFFF write-back
[    0.000000]   A0000-BFFFF uncachable
[    0.000000]   C0000-FFFFF write-protect
[    0.000000] MTRR variable ranges enabled:
[    0.000000]   0 base 000000000 mask F80000000 write-back
[    0.000000]   1 base 080000000 mask FC0000000 write-back
[    0.000000]   2 base 0C0000000 mask FE0000000 write-back
[    0.000000]   3 base 0DC000000 mask FFC000000 uncachable
[    0.000000]   4 base 0DB000000 mask FFF000000 uncachable
[    0.000000]   5 base 100000000 mask FE0000000 write-back
[    0.000000]   6 base 11FE00000 mask FFFE00000 uncachable
[    0.000000]   7 base 0FFC00000 mask FFFC00000 write-protect
[    0.000000]   8 disabled
[    0.000000]   9 disabled
[    0.000000] x86/PAT: Configuration [0-7]: WB  WC  UC- UC  WB  WC  UC- WT  
[    0.000000] e820: last_pfn = 0xdb000 max_arch_pfn = 0x400000000
[    0.000000] found SMP MP-table at [mem 0x000f00e0-0x000f00ef] mapped at [ffff8800000f00e0]
[    0.000000] Scanning 1 areas for low memory corruption
[    0.000000] Base memory trampoline at [ffff880000096000] 96000 size 28672
[    0.000000] reserving inaccessible SNB gfx pages
[    0.000000] init_memory_mapping: [mem 0x00000000-0x000fffff]
[    0.000000]  [mem 0x00000000-0x000fffff] page 4k
[    0.000000] BRK [0x03018000, 0x03018fff] PGTABLE
[    0.000000] BRK [0x03019000, 0x03019fff] PGTABLE
[    0.000000] BRK [0x0301a000, 0x0301afff] PGTABLE
[    0.000000] init_memory_mapping: [mem 0x11fc00000-0x11fdfffff]
[    0.000000]  [mem 0x11fc00000-0x11fdfffff] page 2M
[    0.000000] BRK [0x0301b000, 0x0301bfff] PGTABLE
[    0.000000] init_memory_mapping: [mem 0x100000000-0x11fbfffff]
[    0.000000]  [mem 0x100000000-0x11fbfffff] page 2M
[    0.000000] init_memory_mapping: [mem 0xc0000000-0xd9c9efff]
[    0.000000]  [mem 0xc0000000-0xd9bfffff] page 2M
[    0.000000]  [mem 0xd9c00000-0xd9c9efff] page 4k
[    0.000000] BRK [0x0301c000, 0x0301cfff] PGTABLE
[    0.000000] BRK [0x0301d000, 0x0301dfff] PGTABLE
[    0.000000] init_memory_mapping: [mem 0xdafff000-0xdaffffff]
[    0.000000]  [mem 0xdafff000-0xdaffffff] page 4k
[    0.000000] init_memory_mapping: [mem 0x00100000-0x1fffffff]
[    0.000000]  [mem 0x00100000-0x001fffff] page 4k
[    0.000000]  [mem 0x00200000-0x1fffffff] page 2M
[    0.000000] init_memory_mapping: [mem 0x20200000-0x3fffffff]
[    0.000000]  [mem 0x20200000-0x3fffffff] page 2M
[    0.000000] init_memory_mapping: [mem 0x40200000-0xbfffffff]
[    0.000000]  [mem 0x40200000-0xbfffffff] page 2M
[    0.000000] RAMDISK: [mem 0x3788a000-0x37c3cfff]
[    0.000000] ACPI: Early table checksum verification disabled
[    0.000000] ACPI: RSDP 0x00000000000F0100 000024 (v02 SECCSD)
[    0.000000] ACPI: XSDT 0x00000000DAFFE170 00008C (v01 SECCSD LH43STAR 00000002 PTEC 00000002)
[    0.000000] ACPI: FACP 0x00000000DAFEF000 00010C (v05 SECCSD LH43STAR 00000002 PTL  00000002)
[    0.000000] ACPI: DSDT 0x00000000DAFF2000 0083AC (v02 SECCSD SNB-CPT  00000000 INTL 20061109)
[    0.000000] ACPI: FACS 0x00000000DAF47000 000040
[    0.000000] ACPI: SLIC 0x00000000DAFFD000 000176 (v01 SECCSD LH43STAR 00000002 PTEC 00000001)
[    0.000000] ACPI: SSDT 0x00000000DAFFB000 001068 (v01 SECCSD PtidDevc 00001000 INTL 20061109)
[    0.000000] ACPI: ASF! 0x00000000DAFF1000 0000A5 (v32 SECCSD LH43STAR 00000002 PTL  00000002)
[    0.000000] ACPI: HPET 0x00000000DAFEE000 000038 (v01 SECCSD LH43STAR 00000002 PTL  00000002)
[    0.000000] ACPI: APIC 0x00000000DAFED000 000098 (v03 SECCSD LH43STAR 00000002 PTL  00000002)
[    0.000000] ACPI: MCFG 0x00000000DAFEC000 00003C (v01 SECCSD LH43STAR 00000002 PTL  00000002)
[    0.000000] ACPI: SSDT 0x00000000DAFEB000 000804 (v01 PmRef  Cpu0Ist  00003000 INTL 20061109)
[    0.000000] ACPI: SSDT 0x00000000DAFEA000 000996 (v01 PmRef  CpuPm    00003000 INTL 20061109)
[    0.000000] ACPI: UEFI 0x00000000DAFE9000 00003E (v01 SECCSD LH43STAR 00000002 PTL  00000002)
[    0.000000] ACPI: UEFI 0x00000000DAFE8000 000042 (v01 PTL    COMBUF   00000001 PTL  00000001)
[    0.000000] ACPI: UEFI 0x00000000DAFE7000 00026A (v01 SECCSD LH43STAR 00000002 PTL  00000002)
[    0.000000] ACPI: SSDT 0x00000000DAFE6000 0000D0 (v01 Iffs   IffsAsl  00003000 INTL 20061109)
[    0.000000] ACPI: Local APIC address 0xfee00000
[    0.000000] No NUMA configuration found
[    0.000000] Faking a node at [mem 0x0000000000000000-0x000000011fdfffff]
[    0.000000] NODE_DATA(0) allocated [mem 0x11fdf8000-0x11fdfcfff]
[    0.000000]  [ffffea0000000000-ffffea00047fffff] PMD -&gt; [ffff88011b400000-ffff88011f3fffff] on node 0
[    0.000000] Zone ranges:
[    0.000000]   DMA      [mem 0x0000000000001000-0x0000000000ffffff]
[    0.000000]   DMA32    [mem 0x0000000001000000-0x00000000ffffffff]
[    0.000000]   Normal   [mem 0x0000000100000000-0x000000011fdfffff]
[    0.000000] Movable zone start for each node
[    0.000000] Early memory node ranges
[    0.000000]   node   0: [mem 0x0000000000001000-0x000000000009cfff]
[    0.000000]   node   0: [mem 0x0000000000100000-0x000000001fffffff]
[    0.000000]   node   0: [mem 0x0000000020200000-0x000000003fffffff]
[    0.000000]   node   0: [mem 0x0000000040200000-0x00000000d9c9efff]
[    0.000000]   node   0: [mem 0x00000000dafff000-0x00000000daffffff]
[    0.000000]   node   0: [mem 0x0000000100000000-0x000000011fdfffff]
[    0.000000] Initmem setup node 0 [mem 0x0000000000001000-0x000000011fdfffff]
[    0.000000] On node 0 totalpages: 1021500
[    0.000000]   DMA zone: 64 pages used for memmap
[    0.000000]   DMA zone: 156 pages reserved
[    0.000000]   DMA zone: 3996 pages, LIFO batch:0
[    0.000000]   DMA32 zone: 13859 pages used for memmap
[    0.000000]   DMA32 zone: 886944 pages, LIFO batch:31
[    0.000000]   Normal zone: 2040 pages used for memmap
[    0.000000]   Normal zone: 130560 pages, LIFO batch:31
[    0.000000] Reserving Intel graphics stolen memory at 0xdba00000-0xdf9fffff
[    0.000000] ACPI: PM-Timer IO Port: 0x408
[    0.000000] ACPI: Local APIC address 0xfee00000
[    0.000000] ACPI: LAPIC_NMI (acpi_id[0x00] high edge lint[0x1])
[    0.000000] ACPI: LAPIC_NMI (acpi_id[0x01] high edge lint[0x1])
[    0.000000] IOAPIC[0]: apic_id 14, version 32, address 0xfec00000, GSI 0-23
[    0.000000] ACPI: INT_SRC_OVR (bus 0 bus_irq 0 global_irq 2 dfl dfl)
[    0.000000] ACPI: INT_SRC_OVR (bus 0 bus_irq 9 global_irq 9 high level)
[    0.000000] ACPI: IRQ0 used by override.
[    0.000000] ACPI: IRQ9 used by override.
[    0.000000] Using ACPI (MADT) for SMP configuration information
[    0.000000] ACPI: HPET id: 0x8086a301 base: 0xfed00000
[    0.000000] smpboot: Allowing 8 CPUs, 4 hotplug CPUs
[    0.000000] PM: Registered nosave memory: [mem 0x00000000-0x00000fff]
[    0.000000] PM: Registered nosave memory: [mem 0x0009d000-0x0009dfff]
[    0.000000] PM: Registered nosave memory: [mem 0x0009e000-0x0009ffff]
[    0.000000] PM: Registered nosave memory: [mem 0x000a0000-0x000dffff]
[    0.000000] PM: Registered nosave memory: [mem 0x000e0000-0x000fffff]
[    0.000000] PM: Registered nosave memory: [mem 0x20000000-0x201fffff]
[    0.000000] PM: Registered nosave memory: [mem 0x40000000-0x401fffff]
[    0.000000] PM: Registered nosave memory: [mem 0xd9c9f000-0xdae7efff]
[    0.000000] PM: Registered nosave memory: [mem 0xdae7f000-0xdaf9efff]
[    0.000000] PM: Registered nosave memory: [mem 0xdaf9f000-0xdaffefff]
[    0.000000] PM: Registered nosave memory: [mem 0xdb000000-0xdf9fffff]
[    0.000000] PM: Registered nosave memory: [mem 0xdfa00000-0xf7ffffff]
[    0.000000] PM: Registered nosave memory: [mem 0xf8000000-0xfbffffff]
[    0.000000] PM: Registered nosave memory: [mem 0xfc000000-0xfebfffff]
[    0.000000] PM: Registered nosave memory: [mem 0xfec00000-0xfec00fff]
[    0.000000] PM: Registered nosave memory: [mem 0xfec01000-0xfed07fff]
[    0.000000] PM: Registered nosave memory: [mem 0xfed08000-0xfed08fff]
[    0.000000] PM: Registered nosave memory: [mem 0xfed09000-0xfed0ffff]
[    0.000000] PM: Registered nosave memory: [mem 0xfed10000-0xfed19fff]
[    0.000000] PM: Registered nosave memory: [mem 0xfed1a000-0xfed1bfff]
[    0.000000] PM: Registered nosave memory: [mem 0xfed1c000-0xfed1ffff]
[    0.000000] PM: Registered nosave memory: [mem 0xfed20000-0xfedfffff]
[    0.000000] PM: Registered nosave memory: [mem 0xfee00000-0xfee00fff]
[    0.000000] PM: Registered nosave memory: [mem 0xfee01000-0xffd7ffff]
[    0.000000] PM: Registered nosave memory: [mem 0xffd80000-0xffffffff]
[    0.000000] e820: [mem 0xdfa00000-0xf7ffffff] available for PCI devices
[    0.000000] Booting paravirtualized kernel on bare hardware
[    0.000000] clocksource: refined-jiffies: mask: 0xffffffff max_cycles: 0xffffffff, max_idle_ns: 7645519600211568 ns
[    0.000000] setup_percpu: NR_CPUS:256 nr_cpumask_bits:256 nr_cpu_ids:8 nr_node_ids:1
[    0.000000] PERCPU: Embedded 34 pages/cpu @ffff88011fa00000 s98440 r8192 d32632 u262144
[    0.000000] pcpu-alloc: s98440 r8192 d32632 u262144 alloc=1*2097152
[    0.000000] pcpu-alloc: [0] 0 1 2 3 4 5 6 7 
[    0.000000] Built 1 zonelists in Node order, mobility grouping on.  Total pages: 1005381
[    0.000000] Policy zone: Normal
[    0.000000] Kernel command line: BOOT_IMAGE=/boot/vmlinuz-4.2.0-3-llvmlinux-amd64 root=UUID=001AADA61AAD9964 loop=/ubuntu/disks/root.disk ro
[    0.000000] PID hash table entries: 4096 (order: 3, 32768 bytes)
[    0.000000] Calgary: detecting Calgary via BIOS EBDA area
[    0.000000] Calgary: Unable to locate Rio Grande table in EBDA - bailing!
[    0.000000] Memory: 3915164K/4086000K available (9337K kernel code, 1175K rwdata, 3364K rodata, 2956K init, 14356K bss, 170836K reserved, 0K cma-reserved)
[    0.000000] Running RCU self tests
[    0.000000] Hierarchical RCU implementation.
[    0.000000] 	RCU lockdep checking is enabled.
[    0.000000] 	Build-time adjustment of leaf fanout to 64.
[    0.000000] 	RCU restricting CPUs from NR_CPUS=256 to nr_cpu_ids=8.
[    0.000000] RCU: Adjusting geometry for rcu_fanout_leaf=64, nr_cpu_ids=8
[    0.000000] NR_IRQS:16640 nr_irqs:488 16
[    0.000000] Console: colour dummy device 80x25
[    0.000000] console [tty0] enabled
[    0.000000] Lock dependency validator: Copyright (c) 2006 Red Hat, Inc., Ingo Molnar
[    0.000000] ... MAX_LOCKDEP_SUBCLASSES:  8
[    0.000000] ... MAX_LOCK_DEPTH:          48
[    0.000000] ... MAX_LOCKDEP_KEYS:        8191
[    0.000000] ... CLASSHASH_SIZE:          4096
[    0.000000] ... MAX_LOCKDEP_ENTRIES:     32768
[    0.000000] ... MAX_LOCKDEP_CHAINS:      65536
[    0.000000] ... CHAINHASH_SIZE:          32768
[    0.000000]  memory used by lock dependency info: 8159 kB
[    0.000000]  per task-struct memory footprint: 1920 bytes
[    0.000000] clocksource: hpet: mask: 0xffffffff max_cycles: 0xffffffff, max_idle_ns: 133484882848 ns
[    0.000000] hpet clockevent registered
[    0.000000] tsc: Fast TSC calibration using PIT
[    0.000000] tsc: Detected 1596.341 MHz processor
[    0.000003] Calibrating delay loop (skipped), value calculated using timer frequency.. 3192.68 BogoMIPS (lpj=6385364)
[    0.000019] pid_max: default: 32768 minimum: 301
[    0.000050] ACPI: Core revision 20150619
[    0.024179] ACPI: All ACPI Tables successfully acquired
[    0.024324] Security Framework initialized
[    0.024341] AppArmor: AppArmor initialized
[    0.024348] Yama: becoming mindful.
[    0.025548] Dentry cache hash table entries: 524288 (order: 10, 4194304 bytes)
[    0.026924] Inode-cache hash table entries: 262144 (order: 9, 2097152 bytes)
[    0.027410] Mount-cache hash table entries: 8192 (order: 4, 65536 bytes)
[    0.027437] Mountpoint-cache hash table entries: 8192 (order: 4, 65536 bytes)
[    0.029047] Initializing cgroup subsys blkio
[    0.029093] Initializing cgroup subsys memory
[    0.029127] Initializing cgroup subsys devices
[    0.029171] Initializing cgroup subsys freezer
[    0.029213] Initializing cgroup subsys perf_event
[    0.029229] Initializing cgroup subsys hugetlb
[    0.029285] Disabled fast string operations
[    0.029294] CPU: Physical Processor ID: 0
[    0.029300] CPU: Processor Core ID: 0
[    0.029310] ENERGY_PERF_BIAS: Set to &#39;normal&#39;, was &#39;performance&#39;
[    0.029318] ENERGY_PERF_BIAS: View and update with x86_energy_perf_policy(8)
[    0.029329] mce: CPU supports 7 MCE banks
[    0.029350] CPU0: Thermal monitoring enabled (TM1)
[    0.029376] process: using mwait in idle threads
[    0.029385] Last level iTLB entries: 4KB 512, 2MB 8, 4MB 8
[    0.029393] Last level dTLB entries: 4KB 512, 2MB 32, 4MB 32, 1GB 0
[    0.029657] Freeing SMP alternatives memory: 28K (ffffffff8220a000 - ffffffff82211000)
[    0.045739] ftrace: allocating 206624 entries in 808 pages
[    0.149705] x2apic: IRQ remapping doesn&#39;t support X2APIC mode
[    0.150345] ..TIMER: vector=0x30 apic1=0 pin1=2 apic2=-1 pin2=-1
[    0.190014] TSC deadline timer enabled
[    0.190020] smpboot: CPU0: Intel(R) Core(TM) i5-2467M CPU @ 1.60GHz (fam: 06, model: 2a, stepping: 07)
[    0.190078] Performance Events: PEBS fmt1+, 16-deep LBR, SandyBridge events, full-width counters, Intel PMU driver.
[    0.190123] ... version:                3
[    0.190129] ... bit width:              48
[    0.190133] ... generic registers:      4
[    0.190138] ... value mask:             0000ffffffffffff
[    0.190144] ... max period:             0000ffffffffffff
[    0.190149] ... fixed-purpose events:   3
[    0.190153] ... event mask:             000000070000000f
[    0.192207] x86: Booting SMP configuration:
[    0.192214] .... node  #0, CPUs:      #1
[    0.193257] Disabled fast string operations
[    0.195888] NMI watchdog: enabled on all CPUs, permanently consumes one hw-PMU counter.
[    0.196430]  #2
[    0.197462] Disabled fast string operations
[    0.200062]  #3&lt;6&gt;[    0.201101] Disabled fast string operations
[    0.203262] x86: Booted up 1 node, 4 CPUs
[    0.203276] smpboot: Total of 4 processors activated (12770.72 BogoMIPS)
[    0.208593] devtmpfs: initialized
[    0.214795] evm: security.selinux
[    0.214801] evm: security.SMACK64
[    0.214806] evm: security.capability
[    0.214979] PM: Registering ACPI NVS region [mem 0xdae7f000-0xdaf9efff] (1179648 bytes)
[    0.215382] clocksource: jiffies: mask: 0xffffffff max_cycles: 0xffffffff, max_idle_ns: 7645041785100000 ns
[    0.216998] NET: Registered protocol family 16
[    0.227506] cpuidle: using governor ladder
[    0.243423] cpuidle: using governor menu
[    0.243606] ACPI: bus type PCI registered
[    0.243915] PCI: MMCONFIG for domain 0000 [bus 00-3f] at [mem 0xf8000000-0xfbffffff] (base 0xf8000000)
[    0.243927] PCI: MMCONFIG at [mem 0xf8000000-0xfbffffff] reserved in E820
[    0.243943] PCI: Using configuration type 1 for base access
[    0.244604] perf_event_intel: PMU erratum BJ122, BV98, HSD29 worked around, HT is on
[    0.265076] ACPI: Added _OSI(Module Device)
[    0.265085] ACPI: Added _OSI(Processor Device)
[    0.265091] ACPI: Added _OSI(3.0 _SCP Extensions)
[    0.265096] ACPI: Added _OSI(Processor Aggregator Device)
[    0.276325] ACPI: Executed 1 blocks of module-level executable AML code
[    0.284955] [Firmware Bug]: ACPI: BIOS _OSI(Linux) query ignored
[    0.286791] ACPI: Dynamic OEM Table Load:
[    0.286821] ACPI: SSDT 0xFFFF88011A2D1800 000688 (v01 PmRef  Cpu0Cst  00003001 INTL 20061109)
[    0.288916] ACPI: Dynamic OEM Table Load:
[    0.288944] ACPI: SSDT 0xFFFF88011A2CB800 000303 (v01 PmRef  ApIst    00003000 INTL 20061109)
[    0.290837] ACPI: Dynamic OEM Table Load:
[    0.290863] ACPI: SSDT 0xFFFF88011A2C8A00 000119 (v01 PmRef  ApCst    00003000 INTL 20061109)
[    0.294124] ACPI : EC: EC started
[    0.295625] ACPI: Interpreter enabled
[    0.295650] ACPI Exception: AE_NOT_FOUND, While evaluating Sleep State [\_S2_] (20150619/hwxface-578)
[    0.295712] ACPI: (supports S0 S1 S3 S4 S5)
[    0.295719] ACPI: Using IOAPIC for interrupt routing
[    0.295795] PCI: Using host bridge windows from ACPI; if necessary, use &quot;pci=nocrs&quot; and report a bug
[    0.317001] ACPI: Power Resource [FN00] (off)
[    0.317458] ACPI: Power Resource [FN01] (off)
[    0.317790] ACPI: Power Resource [FN02] (off)
[    0.318120] ACPI: Power Resource [FN03] (off)
[    0.318448] ACPI: Power Resource [FN04] (off)
[    0.320761] ACPI: PCI Root Bridge [PCI0] (domain 0000 [bus 00-3e])
[    0.320775] acpi PNP0A08:00: _OSC: OS supports [ExtendedConfig ASPM ClockPM Segments MSI]
[    0.321374] \_SB_.PCI0:_OSC invalid UUID
[    0.321376] _OSC request data:1 1f 0 
[    0.321382] acpi PNP0A08:00: _OSC failed (AE_ERROR); disabling ASPM
[    0.322291] PCI host bridge to bus 0000:00
[    0.322300] pci_bus 0000:00: root bus resource [bus 00-3e]
[    0.322308] pci_bus 0000:00: root bus resource [io  0x0000-0x0cf7 window]
[    0.322316] pci_bus 0000:00: root bus resource [io  0x0d00-0xffff window]
[    0.322324] pci_bus 0000:00: root bus resource [mem 0x000a0000-0x000bffff window]
[    0.322333] pci_bus 0000:00: root bus resource [mem 0xdfa00000-0xfeafffff window]
[    0.322342] pci_bus 0000:00: root bus resource [mem 0xfed40000-0xfed44fff window]
[    0.322403] pci 0000:00:00.0: [8086:0104] type 00 class 0x060000
[    0.322784] pci 0000:00:02.0: [8086:0116] type 00 class 0x030000
[    0.322811] pci 0000:00:02.0: reg 0x10: [mem 0xf0000000-0xf03fffff 64bit]
[    0.322822] pci 0000:00:02.0: reg 0x18: [mem 0xe0000000-0xefffffff 64bit pref]
[    0.322830] pci 0000:00:02.0: reg 0x20: [io  0x3000-0x303f]
[    0.323273] pci 0000:00:16.0: [8086:1c3a] type 00 class 0x078000
[    0.323333] pci 0000:00:16.0: reg 0x10: [mem 0xf0705000-0xf070500f 64bit]
[    0.323449] pci 0000:00:16.0: PME# supported from D0 D3hot D3cold
[    0.323812] pci 0000:00:1a.0: [8086:1c2d] type 00 class 0x0c0320
[    0.323866] pci 0000:00:1a.0: reg 0x10: [mem 0xf070a000-0xf070a3ff]
[    0.324001] pci 0000:00:1a.0: PME# supported from D0 D3hot D3cold
[    0.324309] pci 0000:00:1b.0: [8086:1c20] type 00 class 0x040300
[    0.324368] pci 0000:00:1b.0: reg 0x10: [mem 0xf0700000-0xf0703fff 64bit]
[    0.324504] pci 0000:00:1b.0: PME# supported from D0 D3hot D3cold
[    0.324695] pci 0000:00:1b.0: System wakeup disabled by ACPI
[    0.324857] pci 0000:00:1c.0: [8086:1c10] type 01 class 0x060400
[    0.325005] pci 0000:00:1c.0: PME# supported from D0 D3hot D3cold
[    0.325158] pci 0000:00:1c.0: System wakeup disabled by ACPI
[    0.325326] pci 0000:00:1c.3: [8086:1c16] type 01 class 0x060400
[    0.325472] pci 0000:00:1c.3: PME# supported from D0 D3hot D3cold
[    0.325624] pci 0000:00:1c.3: System wakeup disabled by ACPI
[    0.325784] pci 0000:00:1c.4: [8086:1c18] type 01 class 0x060400
[    0.325928] pci 0000:00:1c.4: PME# supported from D0 D3hot D3cold
[    0.326232] pci 0000:00:1d.0: [8086:1c26] type 00 class 0x0c0320
[    0.326286] pci 0000:00:1d.0: reg 0x10: [mem 0xf0709000-0xf07093ff]
[    0.326420] pci 0000:00:1d.0: PME# supported from D0 D3hot D3cold
[    0.326711] pci 0000:00:1f.0: [8086:1c49] type 00 class 0x060100
[    0.327142] pci 0000:00:1f.2: [8086:1c03] type 00 class 0x010601
[    0.327200] pci 0000:00:1f.2: reg 0x10: [io  0x3088-0x308f]
[    0.327217] pci 0000:00:1f.2: reg 0x14: [io  0x3094-0x3097]
[    0.327234] pci 0000:00:1f.2: reg 0x18: [io  0x3080-0x3087]
[    0.327251] pci 0000:00:1f.2: reg 0x1c: [io  0x3090-0x3093]
[    0.327268] pci 0000:00:1f.2: reg 0x20: [io  0x3060-0x307f]
[    0.327285] pci 0000:00:1f.2: reg 0x24: [mem 0xf0708000-0xf07087ff]
[    0.327351] pci 0000:00:1f.2: PME# supported from D3hot
[    0.327664] pci 0000:00:1f.3: [8086:1c22] type 00 class 0x0c0500
[    0.327701] pci 0000:00:1f.3: reg 0x10: [mem 0xf0704000-0xf07040ff 64bit]
[    0.327747] pci 0000:00:1f.3: reg 0x20: [io  0xefa0-0xefbf]
[    0.328402] pci 0000:01:00.0: [8086:0091] type 00 class 0x028000
[    0.329009] pci 0000:01:00.0: reg 0x10: [mem 0xf0600000-0xf0601fff 64bit]
[    0.330294] pci 0000:01:00.0: PME# supported from D0 D3hot D3cold
[    0.330550] pci 0000:01:00.0: System wakeup disabled by ACPI
[    0.335774] pci 0000:00:1c.0: PCI bridge to [bus 01]
[    0.335791] pci 0000:00:1c.0:   bridge window [mem 0xf0600000-0xf06fffff]
[    0.336009] pci 0000:02:00.0: [10ec:8168] type 00 class 0x020000
[    0.336207] pci 0000:02:00.0: reg 0x10: [io  0x2000-0x20ff]
[    0.336345] pci 0000:02:00.0: reg 0x18: [mem 0xf0404000-0xf0404fff 64bit pref]
[    0.336430] pci 0000:02:00.0: reg 0x20: [mem 0xf0400000-0xf0403fff 64bit pref]
[    0.336718] pci 0000:02:00.0: supports D1 D2
[    0.336721] pci 0000:02:00.0: PME# supported from D0 D1 D2 D3hot D3cold
[    0.336857] pci 0000:02:00.0: System wakeup disabled by ACPI
[    0.343679] pci 0000:00:1c.3: PCI bridge to [bus 02]
[    0.343691] pci 0000:00:1c.3:   bridge window [io  0x2000-0x2fff]
[    0.343706] pci 0000:00:1c.3:   bridge window [mem 0xf0400000-0xf04fffff 64bit pref]
[    0.343872] pci 0000:03:00.0: [1b21:1042] type 00 class 0x0c0330
[    0.343951] pci 0000:03:00.0: reg 0x10: [mem 0xf0500000-0xf0507fff 64bit]
[    0.344144] pci 0000:03:00.0: PME# supported from D3hot D3cold
[    0.344396] pci 0000:00:1c.4: PCI bridge to [bus 03]
[    0.344411] pci 0000:00:1c.4:   bridge window [mem 0xf0500000-0xf05fffff]
[    0.346447] ACPI: PCI Interrupt Link [LNKA] (IRQs 1 3 4 5 6 10 *11 12 14 15)
[    0.346630] ACPI: PCI Interrupt Link [LNKB] (IRQs 1 3 4 5 6 10 11 12 14 15) *0, disabled.
[    0.346823] ACPI: PCI Interrupt Link [LNKC] (IRQs 1 3 4 5 6 *10 11 12 14 15)
[    0.346999] ACPI: PCI Interrupt Link [LNKD] (IRQs 1 3 4 5 6 *10 11 12 14 15)
[    0.347174] ACPI: PCI Interrupt Link [LNKE] (IRQs 1 3 4 5 6 10 11 12 14 15) *9
[    0.347350] ACPI: PCI Interrupt Link [LNKF] (IRQs 1 3 4 5 6 10 11 12 14 15) *0, disabled.
[    0.347528] ACPI: PCI Interrupt Link [LNKG] (IRQs 1 3 4 5 6 10 *11 12 14 15)
[    0.347749] ACPI: PCI Interrupt Link [LNKH] (IRQs 1 3 4 5 6 10 11 12 14 15) *9
[    0.349091] ACPI: Enabled 4 GPEs in block 00 to 3F
[    0.349230] ACPI : EC: GPE = 0x17, I/O: command/status = 0x66, data = 0x62
[    0.349586] ACPI : EC: 0 stale EC events cleared
[    0.350375] vgaarb: setting as boot device: PCI:0000:00:02.0
[    0.350383] vgaarb: device added: PCI:0000:00:02.0,decodes=io+mem,owns=io+mem,locks=none
[    0.350399] vgaarb: loaded
[    0.350404] vgaarb: bridge control possible 0000:00:02.0
[    0.351134] SCSI subsystem initialized
[    0.351310] libata version 3.00 loaded.
[    0.351408] ACPI: bus type USB registered
[    0.351484] usbcore: registered new interface driver usbfs
[    0.351524] usbcore: registered new interface driver hub
[    0.351646] usbcore: registered new device driver usb
[    0.352133] PCI: Using ACPI for IRQ routing
[    0.355746] PCI: pci_cache_line_size set to 64 bytes
[    0.355876] e820: reserve RAM buffer [mem 0x0009d800-0x0009ffff]
[    0.355886] e820: reserve RAM buffer [mem 0xd9c9f000-0xdbffffff]
[    0.355889] e820: reserve RAM buffer [mem 0xdb000000-0xdbffffff]
[    0.355892] e820: reserve RAM buffer [mem 0x11fe00000-0x11fffffff]
[    0.356667] NetLabel: Initializing
[    0.356673] NetLabel:  domain hash size = 128
[    0.356678] NetLabel:  protocols = UNLABELED CIPSOv4
[    0.356743] NetLabel:  unlabeled traffic allowed by default
[    0.356985] hpet0: at MMIO 0xfed00000, IRQs 2, 8, 0, 0, 0, 0, 0, 0
[    0.357001] hpet0: 8 comparators, 64-bit 14.318180 MHz counter
[    0.359100] clocksource: Switched to clocksource hpet
[    0.399888] AppArmor: AppArmor Filesystem Enabled
[    0.400162] pnp: PnP ACPI init
[    0.400855] system 00:00: [io  0x0680-0x069f] has been reserved
[    0.400866] system 00:00: [io  0x1000-0x100f] has been reserved
[    0.400875] system 00:00: [io  0x5000-0x5003] has been reserved
[    0.400883] system 00:00: [io  0xffff] has been reserved
[    0.400891] system 00:00: [io  0x0400-0x0453] could not be reserved
[    0.400899] system 00:00: [io  0x0458-0x047f] has been reserved
[    0.400907] system 00:00: [io  0x0500-0x057f] has been reserved
[    0.400915] system 00:00: [io  0x0a00-0x0a0f] has been reserved
[    0.400924] system 00:00: [io  0x164e-0x164f] has been reserved
[    0.400932] system 00:00: [io  0x5000-0x500f] could not be reserved
[    0.400975] system 00:00: Plug and Play ACPI device, IDs PNP0c02 (active)
[    0.401070] pnp 00:01: Plug and Play ACPI device, IDs PNP0b00 (active)
[    0.401225] system 00:02: [io  0x0454-0x0457] has been reserved
[    0.401238] system 00:02: Plug and Play ACPI device, IDs INT3f0d PNP0c02 (active)
[    0.401335] pnp 00:03: Plug and Play ACPI device, IDs PNP0303 (active)
[    0.401462] pnp 00:04: Plug and Play ACPI device, IDs ETD0b00 SYN0002 PNP0f13 (active)
[    0.401901] system 00:05: [mem 0xfed1c000-0xfed1ffff] has been reserved
[    0.401911] system 00:05: [mem 0xfed10000-0xfed17fff] has been reserved
[    0.401920] system 00:05: [mem 0xfed18000-0xfed18fff] has been reserved
[    0.401928] system 00:05: [mem 0xfed19000-0xfed19fff] has been reserved
[    0.401940] system 00:05: [mem 0xf8000000-0xfbffffff] has been reserved
[    0.401948] system 00:05: [mem 0xfed20000-0xfed3ffff] has been reserved
[    0.401956] system 00:05: [mem 0xfed90000-0xfed93fff] has been reserved
[    0.401965] system 00:05: [mem 0xfed45000-0xfed8ffff] has been reserved
[    0.401974] system 00:05: [mem 0xff000000-0xffffffff] could not be reserved
[    0.401982] system 00:05: [mem 0xfee00000-0xfeefffff] could not be reserved
[    0.401994] system 00:05: Plug and Play ACPI device, IDs PNP0c02 (active)
[    0.402878] system 00:06: Plug and Play ACPI device, IDs PNP0c01 (active)
[    0.402932] pnp: PnP ACPI: found 7 devices
[    0.414207] clocksource: acpi_pm: mask: 0xffffff max_cycles: 0xffffff, max_idle_ns: 2085701024 ns
[    0.414272] pci 0000:00:1c.0: PCI bridge to [bus 01]
[    0.414286] pci 0000:00:1c.0:   bridge window [mem 0xf0600000-0xf06fffff]
[    0.414306] pci 0000:00:1c.3: PCI bridge to [bus 02]
[    0.414315] pci 0000:00:1c.3:   bridge window [io  0x2000-0x2fff]
[    0.414332] pci 0000:00:1c.3:   bridge window [mem 0xf0400000-0xf04fffff 64bit pref]
[    0.414349] pci 0000:00:1c.4: PCI bridge to [bus 03]
[    0.414362] pci 0000:00:1c.4:   bridge window [mem 0xf0500000-0xf05fffff]
[    0.414383] pci_bus 0000:00: resource 4 [io  0x0000-0x0cf7 window]
[    0.414385] pci_bus 0000:00: resource 5 [io  0x0d00-0xffff window]
[    0.414388] pci_bus 0000:00: resource 6 [mem 0x000a0000-0x000bffff window]
[    0.414390] pci_bus 0000:00: resource 7 [mem 0xdfa00000-0xfeafffff window]
[    0.414392] pci_bus 0000:00: resource 8 [mem 0xfed40000-0xfed44fff window]
[    0.414395] pci_bus 0000:01: resource 1 [mem 0xf0600000-0xf06fffff]
[    0.414397] pci_bus 0000:02: resource 0 [io  0x2000-0x2fff]
[    0.414400] pci_bus 0000:02: resource 2 [mem 0xf0400000-0xf04fffff 64bit pref]
[    0.414402] pci_bus 0000:03: resource 1 [mem 0xf0500000-0xf05fffff]
[    0.414541] NET: Registered protocol family 2
[    0.415258] TCP established hash table entries: 32768 (order: 6, 262144 bytes)
[    0.415753] TCP bind hash table entries: 32768 (order: 9, 2097152 bytes)
[    0.417647] TCP: Hash tables configured (established 32768 bind 32768)
[    0.417814] UDP hash table entries: 2048 (order: 6, 327680 bytes)
[    0.418128] UDP-Lite hash table entries: 2048 (order: 6, 327680 bytes)
[    0.418632] NET: Registered protocol family 1
[    0.418667] pci 0000:00:02.0: Video device with shadowed ROM
[    0.420309] PCI: CLS 64 bytes, default 64
[    0.420603] Trying to unpack rootfs image as initramfs...
[    0.521374] Freeing initrd memory: 3788K (ffff88003788a000 - ffff880037c3d000)
[    0.521398] PCI-DMA: Using software bounce buffering for IO (SWIOTLB)
[    0.521406] software IO TLB [mem 0xd5c9f000-0xd9c9f000] (64MB) mapped at [ffff8800d5c9f000-ffff8800d9c9efff]
[    0.521603] RAPL PMU detected, API unit is 2^-32 Joules, 3 fixed counters 163840 ms ovfl timer
[    0.521613] hw unit of domain pp0-core 2^-16 Joules
[    0.521618] hw unit of domain package 2^-16 Joules
[    0.521624] hw unit of domain pp1-gpu 2^-16 Joules
[    0.521916] microcode: CPU0 sig=0x206a7, pf=0x10, revision=0x28
[    0.521944] microcode: CPU1 sig=0x206a7, pf=0x10, revision=0x28
[    0.521969] microcode: CPU2 sig=0x206a7, pf=0x10, revision=0x28
[    0.521994] microcode: CPU3 sig=0x206a7, pf=0x10, revision=0x28
[    0.522204] microcode: Microcode Update Driver: v2.00 &lt;tigran@aivazian.fsnet.co.uk&gt;, Peter Oruba
[    0.522284] Scanning for low memory corruption every 60 seconds
[    0.523793] futex hash table entries: 2048 (order: 6, 262144 bytes)
[    0.523937] Initialise system trusted keyring
[    0.524082] audit: initializing netlink subsys (disabled)
[    0.524175] audit: type=2000 audit(1442110585.460:1): initialized
[    0.525279] HugeTLB registered 2 MB page size, pre-allocated 0 pages
[    0.525928] VFS: Disk quotas dquot_6.6.0
[    0.525977] VFS: Dquot-cache hash table entries: 512 (order 0, 4096 bytes)
[    0.526870] fuse init (API version 7.23)
[    0.529275] Key type asymmetric registered
[    0.529302] Asymmetric key parser &#39;x509&#39; registered
[    0.529360] Block layer SCSI generic (bsg) driver version 0.4 loaded (major 251)
[    0.529537] io scheduler noop registered
[    0.529546] io scheduler deadline registered (default)
[    0.529590] io scheduler cfq registered
[    0.529598] start plist test
[    0.531732] end plist test
[    0.532812] pci_hotplug: PCI Hot Plug PCI Core version: 0.5
[    0.532840] pciehp: PCI Express Hot Plug Controller Driver version: 0.4
[    0.533076] intel_idle: MWAIT substates: 0x21120
[    0.533078] intel_idle: v0.4 model 0x2A
[    0.533080] intel_idle: lapic_timer_reliable_states 0xffffffff
[    0.534479] ACPI: AC Adapter [ADP1] (on-line)
[    0.534746] input: Lid Switch as /devices/LNXSYSTM:00/LNXSYBUS:00/PNP0C0D:00/input/input0
[    0.534804] ACPI: Lid Switch [LID0]
[    0.534948] input: Power Button as /devices/LNXSYSTM:00/LNXSYBUS:00/PNP0C0C:00/input/input1
[    0.535032] ACPI: Power Button [PWRB]
[    0.535184] input: Power Button as /devices/LNXSYSTM:00/LNXPWRBN:00/input/input2
[    0.535197] ACPI: Power Button [PWRF]
[    0.539290] thermal LNXTHERM:00: registered as thermal_zone0
[    0.539298] ACPI: Thermal Zone [TZ00] (69 C)
[    0.540013] thermal LNXTHERM:01: registered as thermal_zone1
[    0.540020] ACPI: Thermal Zone [TZ01] (30 C)
[    0.540140] GHES: HEST is not enabled!
[    0.540445] Serial: 8250/16550 driver, 32 ports, IRQ sharing enabled
[    0.550204] ACPI: Battery Slot [BAT1] (battery present)
[    0.551158] Linux agpgart interface v0.103
[    0.559971] brd: module loaded
[    0.564449] loop: module loaded
[    0.569171] ahci 0000:00:1f.2: version 3.0
[    0.569528] ahci 0000:00:1f.2: SSS flag set, parallel bus scan disabled
[    0.583120] ahci 0000:00:1f.2: AHCI 0001.0300 32 slots 6 ports 6 Gbps 0x1b impl SATA mode
[    0.583135] ahci 0000:00:1f.2: flags: 64bit ncq sntf ilck stag pm led clo pio slum part ems sxs apst 
[    0.609523] scsi host0: ahci
[    0.610162] scsi host1: ahci
[    0.610635] scsi host2: ahci
[    0.611168] scsi host3: ahci
[    0.611608] scsi host4: ahci
[    0.612097] scsi host5: ahci
[    0.612306] ata1: SATA max UDMA/133 abar m2048@0xf0708000 port 0xf0708100 irq 25
[    0.612317] ata2: SATA max UDMA/133 abar m2048@0xf0708000 port 0xf0708180 irq 25
[    0.612325] ata3: DUMMY
[    0.612331] ata4: SATA max UDMA/133 abar m2048@0xf0708000 port 0xf0708280 irq 25
[    0.612341] ata5: SATA max UDMA/133 abar m2048@0xf0708000 port 0xf0708300 irq 25
[    0.612349] ata6: DUMMY
[    0.614033] libphy: Fixed MDIO Bus: probed
[    0.614434] tun: Universal TUN/TAP device driver, 1.6
[    0.614441] tun: (C) 1999-2004 Max Krasnyansky &lt;maxk@qualcomm.com&gt;
[    0.614626] PPP generic driver version 2.4.2
[    0.615043] xhci_hcd 0000:03:00.0: xHCI Host Controller
[    0.615275] xhci_hcd 0000:03:00.0: new USB bus registered, assigned bus number 1
[    0.625056] xhci_hcd 0000:03:00.0: hcc params 0x0200f180 hci version 0x96 quirks 0x00080000
[    0.625825] usb usb1: New USB device found, idVendor=1d6b, idProduct=0002
[    0.625833] usb usb1: New USB device strings: Mfr=3, Product=2, SerialNumber=1
[    0.625841] usb usb1: Product: xHCI Host Controller
[    0.625846] usb usb1: Manufacturer: Linux 4.2.0-3-llvmlinux-amd64 xhci-hcd
[    0.625852] usb usb1: SerialNumber: 0000:03:00.0
[    0.626757] hub 1-0:1.0: USB hub found
[    0.626845] hub 1-0:1.0: 2 ports detected
[    0.627821] xhci_hcd 0000:03:00.0: xHCI Host Controller
[    0.627836] xhci_hcd 0000:03:00.0: new USB bus registered, assigned bus number 2
[    0.627990] usb usb2: We don&#39;t know the algorithms for LPM for this host, disabling LPM.
[    0.628107] usb usb2: New USB device found, idVendor=1d6b, idProduct=0003
[    0.628114] usb usb2: New USB device strings: Mfr=3, Product=2, SerialNumber=1
[    0.628122] usb usb2: Product: xHCI Host Controller
[    0.628127] usb usb2: Manufacturer: Linux 4.2.0-3-llvmlinux-amd64 xhci-hcd
[    0.628133] usb usb2: SerialNumber: 0000:03:00.0
[    0.628710] hub 2-0:1.0: USB hub found
[    0.628773] hub 2-0:1.0: 2 ports detected
[    0.629297] ehci_hcd: USB 2.0 &#39;Enhanced&#39; Host Controller (EHCI) Driver
[    0.629306] ehci-pci: EHCI PCI platform driver
[    0.629609] ehci-pci 0000:00:1a.0: EHCI Host Controller
[    0.629635] ehci-pci 0000:00:1a.0: new USB bus registered, assigned bus number 3
[    0.629663] ehci-pci 0000:00:1a.0: debug port 2
[    0.633588] ehci-pci 0000:00:1a.0: cache line size of 64 is not supported
[    0.633616] ehci-pci 0000:00:1a.0: irq 16, io mem 0xf070a000
[    0.643113] ehci-pci 0000:00:1a.0: USB 2.0 started, EHCI 1.00
[    0.643304] usb usb3: New USB device found, idVendor=1d6b, idProduct=0002
[    0.643312] usb usb3: New USB device strings: Mfr=3, Product=2, SerialNumber=1
[    0.643320] usb usb3: Product: EHCI Host Controller
[    0.643325] usb usb3: Manufacturer: Linux 4.2.0-3-llvmlinux-amd64 ehci_hcd
[    0.643331] usb usb3: SerialNumber: 0000:00:1a.0
[    0.643947] hub 3-0:1.0: USB hub found
[    0.643979] hub 3-0:1.0: 2 ports detected
[    0.644778] ehci-pci 0000:00:1d.0: EHCI Host Controller
[    0.644800] ehci-pci 0000:00:1d.0: new USB bus registered, assigned bus number 4
[    0.644827] ehci-pci 0000:00:1d.0: debug port 2
[    0.648743] ehci-pci 0000:00:1d.0: cache line size of 64 is not supported
[    0.648773] ehci-pci 0000:00:1d.0: irq 23, io mem 0xf0709000
[    0.659048] ehci-pci 0000:00:1d.0: USB 2.0 started, EHCI 1.00
[    0.659239] usb usb4: New USB device found, idVendor=1d6b, idProduct=0002
[    0.659247] usb usb4: New USB device strings: Mfr=3, Product=2, SerialNumber=1
[    0.659255] usb usb4: Product: EHCI Host Controller
[    0.659260] usb usb4: Manufacturer: Linux 4.2.0-3-llvmlinux-amd64 ehci_hcd
[    0.659266] usb usb4: SerialNumber: 0000:00:1d.0
[    0.659838] hub 4-0:1.0: USB hub found
[    0.659868] hub 4-0:1.0: 2 ports detected
[    0.660292] ehci-platform: EHCI generic platform driver
[    0.660331] ohci_hcd: USB 1.1 &#39;Open&#39; Host Controller (OHCI) Driver
[    0.660349] ohci-pci: OHCI PCI platform driver
[    0.660389] ohci-platform: OHCI generic platform driver
[    0.660417] uhci_hcd: USB Universal Host Controller Interface driver
[    0.660545] i8042: PNP: PS/2 Controller [PNP0303:PS2K,PNP0f13:EPAD] at 0x60,0x64 irq 1,12
[    0.666716] serio: i8042 KBD port at 0x60,0x64 irq 1
[    0.666788] serio: i8042 AUX port at 0x60,0x64 irq 12
[    0.667759] mousedev: PS/2 mouse device common for all mice
[    0.669594] rtc_cmos 00:01: rtc core: registered rtc_cmos as rtc0
[    0.669643] rtc_cmos 00:01: alarms up to one month, y3k, 242 bytes nvram, hpet irqs
[    0.669763] device-mapper: uevent: version 1.0.3
[    0.670035] device-mapper: ioctl: 4.32.0-ioctl (2015-6-26) initialised: dm-devel@redhat.com
[    0.670077] Intel P-state driver initializing.
[    0.671206] ledtrig-cpu: registered to indicate activity on CPUs
[    0.671976] NET: Registered protocol family 10
[    0.674304] NET: Registered protocol family 17
[    0.674379] Key type dns_resolver registered
[    0.676141] input: AT Translated Set 2 keyboard as /devices/platform/i8042/serio0/input/input3
[    0.677349] Loading compiled-in X.509 certificates
[    0.678496] Loaded X.509 cert &#39;Build time autogenerated kernel key: 1e687f040f3142bb8a167b26e70c864d6a92e386&#39;
[    0.678548] registered taskstats version 1
[    0.685156] Key type trusted registered
[    0.695590] Key type encrypted registered
[    0.695608] AppArmor: AppArmor sha1 policy hashing enabled
[    0.695617] evm: HMAC attrs: 0x1
[    0.696603] rtc_cmos 00:01: setting system clock to 2015-09-13 02:16:25 UTC (1442110585)
[    0.696784] BIOS EDD facility v0.16 2004-Jun-25, 0 devices found
[    0.696792] EDD information not available.
[    0.934867] ata1: SATA link up 3.0 Gbps (SStatus 123 SControl 300)
[    0.936171] ata1.00: ATA-8: Hitachi HTS545050A7E380, GG2OA6C0, max UDMA/133
[    0.936194] ata1.00: 976773168 sectors, multi 16: LBA48 NCQ (depth 31/32), AA
[    0.937587] ata1.00: configured for UDMA/133
[    0.938577] scsi 0:0:0:0: Direct-Access     ATA      Hitachi HTS54505 A6C0 PQ: 0 ANSI: 5
[    0.939759] sd 0:0:0:0: [sda] 976773168 512-byte logical blocks: (500 GB/465 GiB)
[    0.939772] sd 0:0:0:0: [sda] 4096-byte physical blocks
[    0.940060] sd 0:0:0:0: [sda] Write Protect is off
[    0.940072] sd 0:0:0:0: [sda] Mode Sense: 00 3a 00 00
[    0.940177] sd 0:0:0:0: [sda] Write cache: enabled, read cache: enabled, doesn&#39;t support DPO or FUA
[    0.940278] sd 0:0:0:0: Attached scsi generic sg0 type 0
[    0.954711] usb 3-1: new high-speed USB device number 2 using ehci-pci
[    0.970682] usb 4-1: new high-speed USB device number 2 using ehci-pci
[    0.983703]  sda: sda1 sda2 sda3
[    0.985218] sd 0:0:0:0: [sda] Attached SCSI disk
[    0.994774] usb 1-1: new low-speed USB device number 2 using xhci_hcd
[    1.087790] usb 3-1: New USB device found, idVendor=8087, idProduct=0024
[    1.087801] usb 3-1: New USB device strings: Mfr=0, Product=0, SerialNumber=0
[    1.088621] hub 3-1:1.0: USB hub found
[    1.088880] hub 3-1:1.0: 6 ports detected
[    1.103523] usb 4-1: New USB device found, idVendor=8087, idProduct=0024
[    1.103534] usb 4-1: New USB device strings: Mfr=0, Product=0, SerialNumber=0
[    1.104190] hub 4-1:1.0: USB hub found
[    1.104516] hub 4-1:1.0: 6 ports detected
[    1.188858] usb 1-1: New USB device found, idVendor=046d, idProduct=c00e
[    1.188878] usb 1-1: New USB device strings: Mfr=1, Product=2, SerialNumber=0
[    1.188885] usb 1-1: Product: USB-PS/2 Optical Mouse
[    1.188890] usb 1-1: Manufacturer: Logitech
[    1.189248] usb 1-1: ep 0x81 - rounding interval to 64 microframes, ep desc says 80 microframes
[    1.258636] ata2: SATA link up 3.0 Gbps (SStatus 123 SControl 300)
[    1.259530] ata2.00: ATA-8: SanDisk iSSD P4 16GB, SSD 9.14, max UDMA/133
[    1.259552] ata2.00: 31277232 sectors, multi 1: LBA48 
[    1.260285] ata2.00: configured for UDMA/133
[    1.260671] scsi 1:0:0:0: Direct-Access     ATA      SanDisk iSSD P4  9.14 PQ: 0 ANSI: 5
[    1.261505] sd 1:0:0:0: [sdb] 31277232 512-byte logical blocks: (16.0 GB/14.9 GiB)
[    1.261623] sd 1:0:0:0: Attached scsi generic sg1 type 0
[    1.261685] sd 1:0:0:0: [sdb] Write Protect is off
[    1.261693] sd 1:0:0:0: [sdb] Mode Sense: 00 3a 00 00
[    1.261744] sd 1:0:0:0: [sdb] Write cache: enabled, read cache: enabled, doesn&#39;t support DPO or FUA
[    1.263307]  sdb: sdb1 sdb2
[    1.264183] sd 1:0:0:0: [sdb] Attached SCSI disk
[    1.362550] usb 3-1.4: new high-speed USB device number 3 using ehci-pci
[    1.378543] usb 4-1.4: new high-speed USB device number 3 using ehci-pci
[    1.480655] usb 4-1.4: New USB device found, idVendor=04a9, idProduct=2225
[    1.480667] usb 4-1.4: New USB device strings: Mfr=1, Product=2, SerialNumber=0
[    1.480675] usb 4-1.4: Product: CanoScan
[    1.480681] usb 4-1.4: Manufacturer: Canon
[    1.518566] tsc: Refined TSC clocksource calibration: 1596.374 MHz
[    1.518578] clocksource: tsc: mask: 0xffffffffffffffff max_cycles: 0x1702c3a922f, max_idle_ns: 440795242034 ns
[    1.554402] usb 4-1.5: new full-speed USB device number 4 using ehci-pci
[    1.578388] ata4: SATA link down (SStatus 0 SControl 300)
[    1.615467] usb 3-1.4: New USB device found, idVendor=2232, idProduct=1018
[    1.615479] usb 3-1.4: New USB device strings: Mfr=1, Product=2, SerialNumber=0
[    1.615487] usb 3-1.4: Product: WebCam SC-13HDL11431N
[    1.615492] usb 3-1.4: Manufacturer: 123
[    1.651801] usb 4-1.5: New USB device found, idVendor=8086, idProduct=0189
[    1.651812] usb 4-1.5: New USB device strings: Mfr=0, Product=0, SerialNumber=0
[    1.898183] ata5: SATA link down (SStatus 0 SControl 300)
[    1.899450] Freeing unused kernel memory: 2956K (ffffffff81f27000 - ffffffff8220a000)
[    1.899464] Write protecting the kernel read-only data: 14336k
[    1.900479] Freeing unused kernel memory: 892K (ffff880001921000 - ffff880001a00000)
[    1.901016] Freeing unused kernel memory: 732K (ffff880001d49000 - ffff880001e00000)
[    1.941864] udevd[142]: starting version 175
[    2.213335] r8169 Gigabit Ethernet driver 2.3LK-NAPI loaded
[    2.213373] r8169 0000:02:00.0: can&#39;t disable ASPM; OS doesn&#39;t have ASPM control
[    2.215362] r8169 0000:02:00.0 eth0: RTL8168evl/8111evl at 0xffffc900009e4000, e8:03:9a:36:17:a9, XID 0c900800 IRQ 31
[    2.215387] r8169 0000:02:00.0 eth0: jumbo features [frames: 9200 bytes, tx checksumming: ko]
[    2.287367] usbcore: registered new interface driver usbhid
[    2.287385] usbhid: USB HID core driver
[    2.369964] input: Logitech USB-PS/2 Optical Mouse as /devices/pci0000:00/0000:00:1c.4/0000:03:00.0/usb1/1-1/1-1:1.0/0003:046D:C00E.0001/input/input5
[    2.370542] hid-generic 0003:046D:C00E.0001: input: USB HID v1.10 Mouse [Logitech USB-PS/2 Optical Mouse] on usb-0000:03:00.0-1/input0
[    2.518053] clocksource: Switched to clocksource tsc
[    3.113671] EXT4-fs (loop0): mounted filesystem with ordered data mode. Opts: (null)
[    3.520815] random: nonblocking pool is initialized
[    4.160449] usb 3-1.2: new high-speed USB device number 4 using ehci-pci
[    4.254977] usb 3-1.2: New USB device found, idVendor=12d1, idProduct=1446
[    4.254998] usb 3-1.2: New USB device strings: Mfr=3, Product=2, SerialNumber=0
[    4.255016] usb 3-1.2: Product: HUAWEI Mobile
[    4.255028] usb 3-1.2: Manufacturer: HUAWEI Technology
[    5.643000] init: ureadahead main process (436) terminated with status 5
[   10.158398] Adding 262140k swap on /host/ubuntu/disks/swap.disk.  Priority:-1 extents:1 across:262140k FS
[   10.359417] EXT4-fs (loop0): re-mounted. Opts: errors=remount-ro
[   10.610398] udevd[670]: starting version 175
[   11.780748] lp: driver loaded but no devices found
[   13.884697] wmi: Mapper loaded
[   14.076204] ACPI Warning: SystemIO range 0x0000000000000428-0x000000000000042F conflicts with OpRegion 0x0000000000000400-0x000000000000047F (\PMIO) (20150619/utaddress-245)
[   14.076214] ACPI: If an ACPI driver is available for this device, you should use it instead of the native driver
[   14.076220] ACPI Warning: SystemIO range 0x0000000000000540-0x000000000000054F conflicts with OpRegion 0x0000000000000500-0x0000000000000563 (\GPIO) (20150619/utaddress-245)
[   14.076225] ACPI: If an ACPI driver is available for this device, you should use it instead of the native driver
[   14.076228] ACPI Warning: SystemIO range 0x0000000000000530-0x000000000000053F conflicts with OpRegion 0x0000000000000500-0x0000000000000563 (\GPIO) (20150619/utaddress-245)
[   14.076232] ACPI: If an ACPI driver is available for this device, you should use it instead of the native driver
[   14.076234] ACPI Warning: SystemIO range 0x0000000000000500-0x000000000000052F conflicts with OpRegion 0x0000000000000500-0x0000000000000563 (\GPIO) (20150619/utaddress-245)
[   14.076238] ACPI: If an ACPI driver is available for this device, you should use it instead of the native driver
[   14.076240] lpc_ich: Resource conflict(s) found affecting gpio_ich
[   14.101685] samsung_laptop: detected SABI interface: SwSmi@
[   15.748924] [drm] Initialized drm 1.1.0 20060810
[   15.892403] psmouse serio1: elantech: assuming hardware version 3 (with firmware version 0x450f00)
[   15.907976] psmouse serio1: elantech: Synaptics capabilities query result 0x08, 0x17, 0x0c.
[   15.923079] psmouse serio1: elantech: Elan sample query result 03, 3f, 86
[   16.002724] input: ETPS/2 Elantech Touchpad as /devices/platform/i8042/serio1/input/input6
[   16.180089] usb-storage 3-1.2:1.0: USB Mass Storage device detected
[   16.180559] scsi host6: usb-storage 3-1.2:1.0
[   16.180922] usb-storage 3-1.2:1.1: USB Mass Storage device detected
[   16.181110] scsi host7: usb-storage 3-1.2:1.1
[   16.181419] usbcore: registered new interface driver usb-storage
[   16.766964] Bluetooth: Core ver 2.20
[   16.767022] NET: Registered protocol family 31
[   16.767025] Bluetooth: HCI device and connection manager initialized
[   16.767143] Bluetooth: HCI socket layer initialized
[   16.767153] Bluetooth: L2CAP socket layer initialized
[   16.767270] Bluetooth: SCO socket layer initialized
[   17.181818] scsi 6:0:0:0: CD-ROM            HUAWEI   Mass Storage     2.31 PQ: 0 ANSI: 2
[   17.181941] scsi 7:0:0:0: Direct-Access     HUAWEI   SD Storage       2.31 PQ: 0 ANSI: 2
[   17.184686] sd 7:0:0:0: Attached scsi generic sg2 type 0
[   17.187382] sd 7:0:0:0: [sdc] Attached SCSI removable disk
[   17.207254] sr 6:0:0:0: [sr0] scsi-1 drive
[   17.207260] cdrom: Uniform CD-ROM driver Revision: 3.20
[   17.209374] sr 6:0:0:0: Attached scsi CD-ROM sr0
[   17.210053] sr 6:0:0:0: Attached scsi generic sg3 type 5
[   17.251095] audit: type=1400 audit(1442103402.058:2): apparmor=&quot;STATUS&quot; operation=&quot;profile_load&quot; name=&quot;/sbin/dhclient&quot; pid=1051 comm=&quot;apparmor_parser&quot;
[   17.251113] audit: type=1400 audit(1442103402.058:3): apparmor=&quot;STATUS&quot; operation=&quot;profile_load&quot; name=&quot;/usr/lib/NetworkManager/nm-dhcp-client.action&quot; pid=1051 comm=&quot;apparmor_parser&quot;
[   17.251124] audit: type=1400 audit(1442103402.058:4): apparmor=&quot;STATUS&quot; operation=&quot;profile_load&quot; name=&quot;/usr/lib/connman/scripts/dhclient-script&quot; pid=1051 comm=&quot;apparmor_parser&quot;
[   17.251514] audit: type=1400 audit(1442103402.062:5): apparmor=&quot;STATUS&quot; operation=&quot;profile_replace&quot; name=&quot;/sbin/dhclient&quot; pid=1012 comm=&quot;apparmor_parser&quot;
[   17.251531] audit: type=1400 audit(1442103402.062:6): apparmor=&quot;STATUS&quot; operation=&quot;profile_replace&quot; name=&quot;/usr/lib/NetworkManager/nm-dhcp-client.action&quot; pid=1012 comm=&quot;apparmor_parser&quot;
[   17.251544] audit: type=1400 audit(1442103402.062:7): apparmor=&quot;STATUS&quot; operation=&quot;profile_replace&quot; name=&quot;/usr/lib/connman/scripts/dhclient-script&quot; pid=1012 comm=&quot;apparmor_parser&quot;
[   17.252338] audit: type=1400 audit(1442103402.062:8): apparmor=&quot;STATUS&quot; operation=&quot;profile_replace&quot; name=&quot;/usr/lib/NetworkManager/nm-dhcp-client.action&quot; pid=1051 comm=&quot;apparmor_parser&quot;
[   17.252354] audit: type=1400 audit(1442103402.062:9): apparmor=&quot;STATUS&quot; operation=&quot;profile_replace&quot; name=&quot;/usr/lib/connman/scripts/dhclient-script&quot; pid=1051 comm=&quot;apparmor_parser&quot;
[   17.252406] audit: type=1400 audit(1442103402.062:10): apparmor=&quot;STATUS&quot; operation=&quot;profile_replace&quot; name=&quot;/usr/lib/NetworkManager/nm-dhcp-client.action&quot; pid=1012 comm=&quot;apparmor_parser&quot;
[   17.252420] audit: type=1400 audit(1442103402.062:11): apparmor=&quot;STATUS&quot; operation=&quot;profile_replace&quot; name=&quot;/usr/lib/connman/scripts/dhclient-script&quot; pid=1012 comm=&quot;apparmor_parser&quot;
[   17.315448] cfg80211: World regulatory domain updated:
[   17.315454] cfg80211:  DFS Master region: unset
[   17.315456] cfg80211:   (start_freq - end_freq @ bandwidth), (max_antenna_gain, max_eirp), (dfs_cac_time)
[   17.315459] cfg80211:   (2402000 KHz - 2472000 KHz @ 40000 KHz), (300 mBi, 2000 mBm), (N/A)
[   17.315462] cfg80211:   (2457000 KHz - 2482000 KHz @ 20000 KHz), (300 mBi, 2000 mBm), (N/A)
[   17.315464] cfg80211:   (2474000 KHz - 2494000 KHz @ 20000 KHz), (300 mBi, 2000 mBm), (N/A)
[   17.315466] cfg80211:   (5170000 KHz - 5250000 KHz @ 40000 KHz), (300 mBi, 2000 mBm), (N/A)
[   17.315468] cfg80211:   (5735000 KHz - 5835000 KHz @ 40000 KHz), (300 mBi, 2000 mBm), (N/A)
[   17.770151] usbcore: registered new interface driver btusb
[   17.885191] Linux video capture interface: v2.00
[   17.978133] Intel(R) Wireless WiFi driver for Linux
[   17.978139] Copyright(c) 2003- 2015 Intel Corporation
[   17.978500] iwlwifi 0000:01:00.0: can&#39;t disable ASPM; OS doesn&#39;t have ASPM control
[   18.025808] init: failsafe main process (1082) killed by TERM signal
[   18.542361] usb 3-1.2: USB disconnect, device number 4
[   18.574588] iwlwifi 0000:01:00.0: loaded firmware version 18.168.6.1 op_mode iwldvm
[   18.845989] uvcvideo: Found UVC 1.00 device WebCam SC-13HDL11431N (2232:1018)
[   18.865956] input: WebCam SC-13HDL11431N as /devices/pci0000:00/0000:00:1a.0/usb3/3-1/3-1.4/3-1.4:1.0/input/input7
[   18.866428] usbcore: registered new interface driver uvcvideo
[   18.866431] USB Video Class driver (1.1.1)
[   20.491805] ppdev: user-space parallel port driver
[   20.631178] Bluetooth: BNEP (Ethernet Emulation) ver 1.3
[   20.631184] Bluetooth: BNEP filters: protocol multicast
[   20.631197] Bluetooth: BNEP socket layer initialized
[   20.745233] Bluetooth: RFCOMM TTY layer initialized
[   20.745264] Bluetooth: RFCOMM socket layer initialized
[   20.745281] Bluetooth: RFCOMM ver 1.11
[   21.631860] [drm] Memory usable by graphics device = 2048M
[   21.631954] [drm] Replacing VGA console driver
[   21.658360] [drm] Supports vblank timestamp caching Rev 2 (21.10.2013).
[   21.658365] [drm] Driver supports precise vblank timestamp query.
[   21.659702] vgaarb: device changed decodes: PCI:0000:00:02.0,olddecodes=io+mem,decodes=io+mem:owns=io+mem
[   21.675803] ACPI: Video Device [GFX0] (multi-head: yes  rom: no  post: no)
[   21.676810] input: Video Bus as /devices/LNXSYSTM:00/LNXSYBUS:00/PNP0A08:00/LNXVIDEO:00/input/input8
[   21.678316] [drm] Initialized i915 1.6.0 20150522 for 0000:00:02.0 on minor 0
[   21.686514] fbcon: inteldrmfb (fb0) is primary device
[   21.834704] iwlwifi 0000:01:00.0: CONFIG_IWLWIFI_DEBUG disabled
[   21.834706] iwlwifi 0000:01:00.0: CONFIG_IWLWIFI_DEBUGFS enabled
[   21.834707] iwlwifi 0000:01:00.0: CONFIG_IWLWIFI_DEVICE_TRACING enabled
[   21.834710] iwlwifi 0000:01:00.0: Detected Intel(R) Centrino(R) Advanced-N 6230 AGN, REV=0xB0
[   21.835248] iwlwifi 0000:01:00.0: L1 Enabled - LTR Disabled
[   21.851055] snd_hda_codec_realtek hdaudioC0D0: autoconfig for ALC269VC: line_outs=1 (0x14/0x0/0x0/0x0/0x0) type:speaker
[   21.851058] snd_hda_codec_realtek hdaudioC0D0:    speaker_outs=0 (0x0/0x0/0x0/0x0/0x0)
[   21.851059] snd_hda_codec_realtek hdaudioC0D0:    hp_outs=1 (0x15/0x0/0x0/0x0/0x0)
[   21.851060] snd_hda_codec_realtek hdaudioC0D0:    mono: mono_out=0x0
[   21.851062] snd_hda_codec_realtek hdaudioC0D0:    inputs:
[   21.851064] snd_hda_codec_realtek hdaudioC0D0:      Internal Mic=0x19
[   21.851067] snd_hda_codec_realtek hdaudioC0D0:      Mic=0x18
[   21.880764] input: HDA Intel PCH Mic as /devices/pci0000:00/0000:00:1b.0/sound/card0/input9
[   21.882245] input: HDA Intel PCH Headphone as /devices/pci0000:00/0000:00:1b.0/sound/card0/input10
[   21.884950] input: HDA Intel PCH HDMI/DP,pcm=3 as /devices/pci0000:00/0000:00:1b.0/sound/card0/input11
[   21.972666] ieee80211 phy0: Selected rate control algorithm &#39;iwl-agn-rs&#39;
[   22.579399] usb 3-1.2: new high-speed USB device number 5 using ehci-pci
[   22.673911] usb 3-1.2: New USB device found, idVendor=12d1, idProduct=1436
[   22.673914] usb 3-1.2: New USB device strings: Mfr=4, Product=3, SerialNumber=0
[   22.673915] usb 3-1.2: Product: HUAWEI Mobile
[   22.673917] usb 3-1.2: Manufacturer: HUAWEI Technology
[   22.677171] usb-storage 3-1.2:1.0: USB Mass Storage device detected
[   22.678423] usb-storage 3-1.2:1.1: USB Mass Storage device detected
[   22.678910] usb-storage 3-1.2:1.2: USB Mass Storage device detected
[   22.679486] usb-storage 3-1.2:1.3: USB Mass Storage device detected
[   22.680004] usb-storage 3-1.2:1.4: USB Mass Storage device detected
[   22.680516] usb-storage 3-1.2:1.5: USB Mass Storage device detected
[   22.681090] scsi host13: usb-storage 3-1.2:1.5
[   22.681760] usb-storage 3-1.2:1.6: USB Mass Storage device detected
[   22.682208] scsi host14: usb-storage 3-1.2:1.6
[   22.690795] Console: switching to colour frame buffer device 170x48
[   22.699160] i915 0000:00:02.0: fb0: inteldrmfb frame buffer device
[   22.699163] i915 0000:00:02.0: registered panic notifier
[   22.825838] usbcore: registered new interface driver usbserial
[   22.966137] cdc_ether 3-1.2:1.1 wwan0: register &#39;cdc_ether&#39; at usb-0000:00:1a.0-1.2, Mobile Broadband Network Device, 02:50:f3:00:00:00
[   22.966429] usbcore: registered new interface driver cdc_ether
[   23.681254] scsi 14:0:0:0: Direct-Access     HUAWEI   SD Storage       2.31 PQ: 0 ANSI: 2
[   23.681434] scsi 13:0:0:0: CD-ROM            HUAWEI   Mass Storage     2.31 PQ: 0 ANSI: 2
[   23.684517] sd 14:0:0:0: Attached scsi generic sg2 type 0
[   23.686515] sd 14:0:0:0: [sdc] Attached SCSI removable disk
[   23.696749] sr 13:0:0:0: [sr0] scsi-1 drive
[   23.702754] BUG: sleeping function called from invalid context at kernel/workqueue.c:2680
[   23.702818] in_atomic(): 0, irqs_disabled(): 1, pid: 1405, name: acpid
[   23.702864] 3 locks held by acpid/1405:
[   23.702865]  #0:  (&amp;evdev-&gt;mutex){+.+...}, at: [&lt;ffffffff8173bf7c&gt;] evdev_release+0xbc/0xf0
[   23.702875]  #1:  (&amp;dev-&gt;mutex#2){+.+...}, at: [&lt;ffffffff817336e7&gt;] input_close_device+0x27/0x70
[   23.702883]  #2:  (hid_open_mut){+.+...}, at: [&lt;ffffffffa0056378&gt;] usbhid_close+0x28/0xb0 [usbhid]
[   23.702891] irq event stamp: 20078
[   23.702892] hardirqs last  enabled at (20077): [&lt;ffffffff819185d2&gt;] _raw_spin_unlock_irq+0x32/0x60
[   23.702897] hardirqs last disabled at (20078): [&lt;ffffffff81120477&gt;] del_timer_sync+0x37/0x110
[   23.702901] softirqs last  enabled at (19228): [&lt;ffffffff81094da0&gt;] __do_softirq+0x530/0x5a0
[   23.702906] softirqs last disabled at (19201): [&lt;ffffffff8109505d&gt;] irq_exit+0x9d/0x120
[   23.702911] CPU: 0 PID: 1405 Comm: acpid Not tainted 4.2.0-3-llvmlinux-amd64 #1
[   23.702913] Hardware name: SAMSUNG ELECTRONICS CO., LTD. 530U3BI/530U4BI/530U4BH/530U3BI/530U4BI/530U4BH, BIOS 13XK 03/28/2013
[   23.702915]  ffff8800d31d2948 0000000000000092 0000000000000000 ffff8800bc10baa8
[   23.702919]  ffffffff8149288d ffff8800bc10bad8 ffffffff810cbf7a ffffffff81c51a14
[   23.702922]  ffff8800bcd957c0 0000000000000000 0000000000000a78 ffff8800bc10bb18
[   23.702926] Call Trace:
[   23.702930]  [&lt;ffffffff8149288d&gt;] dump_stack+0x7d/0xa0
[   23.702934]  [&lt;ffffffff810cbf7a&gt;] ___might_sleep+0x28a/0x2a0
[   23.702938]  [&lt;ffffffff810cbc7f&gt;] __might_sleep+0x4f/0xc0
[   23.702941]  [&lt;ffffffff810ae8ff&gt;] start_flush_work+0x2f/0x290
[   23.702943]  [&lt;ffffffff810ae8ac&gt;] flush_work+0x5c/0x80
[   23.702945]  [&lt;ffffffff810ae86a&gt;] ? flush_work+0x1a/0x80
[   23.702949]  [&lt;ffffffff810eddcd&gt;] ? trace_hardirqs_off+0xd/0x10
[   23.702953]  [&lt;ffffffff810ad938&gt;] ? try_to_grab_pending+0x48/0x360
[   23.702956]  [&lt;ffffffff819183f3&gt;] ? _raw_spin_lock_irqsave+0x73/0x80
[   23.702958]  [&lt;ffffffff810aecf9&gt;] __cancel_work_timer+0x179/0x260
[   23.702961]  [&lt;ffffffff81918572&gt;] ? _raw_spin_unlock_irqrestore+0x52/0x80
[   23.702964]  [&lt;ffffffff8112042d&gt;] ? try_to_del_timer_sync+0xad/0xc0
[   23.702967]  [&lt;ffffffff810aeb78&gt;] cancel_work_sync+0x18/0x20
[   23.702970]  [&lt;ffffffffa00563c5&gt;] usbhid_close+0x75/0xb0 [usbhid]
[   23.702976]  [&lt;ffffffffa0039431&gt;] hidinput_close+0x31/0x40 [hid]
[   23.702980]  [&lt;ffffffffa0039400&gt;] ? hidinput_open+0x40/0x40 [hid]
[   23.702983]  [&lt;ffffffff81733708&gt;] input_close_device+0x48/0x70
[   23.702986]  [&lt;ffffffff8173bf96&gt;] evdev_release+0xd6/0xf0
[   23.702990]  [&lt;ffffffff8126ed47&gt;] __fput+0x107/0x240
[   23.702994]  [&lt;ffffffff8126ebd6&gt;] ____fput+0x16/0x20
[   23.702997]  [&lt;ffffffff810b8107&gt;] task_work_run+0x87/0x130
[   23.703001]  [&lt;ffffffff810173ef&gt;] do_notify_resume+0x9cf/0xa00
[   23.703004]  [&lt;ffffffff810edddd&gt;] ? trace_hardirqs_on+0xd/0x10
[   23.703009]  [&lt;ffffffff811d1cd3&gt;] ? context_tracking_user_enter+0x13/0x20
[   23.703012]  [&lt;ffffffff81029c31&gt;] ? syscall_trace_leave+0x111/0x340
[   23.703015]  [&lt;ffffffff8126eb66&gt;] ? fput+0x76/0xd0
[   23.703018]  [&lt;ffffffff8126b425&gt;] ? filp_close+0x65/0x90
[   23.703021]  [&lt;ffffffff81003017&gt;] ? trace_hardirqs_on_thunk+0x17/0x19
[   23.703025]  [&lt;ffffffff8191936e&gt;] int_signal+0x12/0x17
[   23.706263] sr 13:0:0:0: Attached scsi CD-ROM sr0
[   23.706714] sr 13:0:0:0: Attached scsi generic sg3 type 5
[   24.811987] r8169 0000:02:00.0 eth0: link down
[   24.812258] IPv6: ADDRCONF(NETDEV_UP): eth0: link is not ready
[   25.261820] usbcore: registered new interface driver option
[   25.264277] usbserial: USB Serial support registered for GSM modem (1-port)
[   25.265328] option 3-1.2:1.0: GSM modem (1-port) converter detected
[   25.267047] usb 3-1.2: GSM modem (1-port) converter now attached to ttyUSB0
[   25.267723] option 3-1.2:1.3: GSM modem (1-port) converter detected
[   25.268344] usb 3-1.2: GSM modem (1-port) converter now attached to ttyUSB1
[   25.268444] option 3-1.2:1.4: GSM modem (1-port) converter detected
[   25.268859] usb 3-1.2: GSM modem (1-port) converter now attached to ttyUSB2
[   64.861004] usb 4-1.5: USB disconnect, device number 4
[   65.373270] PPP BSD Compression module registered
[   65.382013] PPP Deflate Compression module registered
</pre>
</div>

<div class="comment">
<div class="meta"><a href="/project/LKML/list/?submitter=137">Peter Zijlstra</a> - Sept. 14, 2015, 7:12 a.m.</div>
<pre class="content">
On Sun, Sep 13, 2015 at 04:33:39AM +0200, Sedat Dilek wrote:
<span class="quote">&gt; &gt; It looks like an inline-optimization bug in CLANG when the compiler&#39;s</span>
<span class="quote">&gt; &gt; optimization-level is higher than -O2.</span>
<span class="quote">
&gt; &gt; [1] http://lists.linuxfoundation.org/pipermail/llvmlinux/2015-September/001355.html</span>
<span class="quote">&gt; </span>
<span class="quote">&gt; After some discussion on #llvm it turned out to be a known issue in LLVMLinux!</span>
<span class="quote">&gt; </span>
<span class="quote">&gt; Unfortunately, an existing patch [1] got archived which is still</span>
<span class="quote">&gt; required to build x86_64 correctly.</span>
<span class="quote">
&gt; [1] http://git.linuxfoundation.org/?p=llvmlinux.git;a=blob_plain;f=arch/x86_64/patches/ARCHIVE/0029-Fix-ARCH_HWEIGHT-for-compilation-with-clang.patch;hb=HEAD</span>

As long as LLVM cannot do things like that and requires full function
calls I cannot see it being a sensible compiler to use from a
performance POV.

There&#39;s a fairly large difference between an inline POPCNT instruction
and a full out-of-line function call.

/me goes back to ignoring LLVM for the time being.
--
To unsubscribe from this list: send the line &quot;unsubscribe linux-kernel&quot; in
the body of a message to majordomo@vger.kernel.org
More majordomo info at  http://vger.kernel.org/majordomo-info.html
Please read the FAQ at  http://www.tux.org/lkml/
</pre>
</div>

<div class="comment">
<div class="meta"><a href="/project/LKML/list/?submitter=41441">Sedat Dilek</a> - Sept. 14, 2015, 7:35 a.m.</div>
<pre class="content">
On Mon, Sep 14, 2015 at 9:12 AM, Peter Zijlstra &lt;peterz@infradead.org&gt; wrote:
<span class="quote">&gt; On Sun, Sep 13, 2015 at 04:33:39AM +0200, Sedat Dilek wrote:</span>
<span class="quote">&gt;&gt; &gt; It looks like an inline-optimization bug in CLANG when the compiler&#39;s</span>
<span class="quote">&gt;&gt; &gt; optimization-level is higher than -O2.</span>
<span class="quote">&gt;</span>
<span class="quote">&gt;&gt; &gt; [1] http://lists.linuxfoundation.org/pipermail/llvmlinux/2015-September/001355.html</span>
<span class="quote">&gt;&gt;</span>
<span class="quote">&gt;&gt; After some discussion on #llvm it turned out to be a known issue in LLVMLinux!</span>
<span class="quote">&gt;&gt;</span>
<span class="quote">&gt;&gt; Unfortunately, an existing patch [1] got archived which is still</span>
<span class="quote">&gt;&gt; required to build x86_64 correctly.</span>
<span class="quote">&gt;</span>
<span class="quote">&gt;&gt; [1] http://git.linuxfoundation.org/?p=llvmlinux.git;a=blob_plain;f=arch/x86_64/patches/ARCHIVE/0029-Fix-ARCH_HWEIGHT-for-compilation-with-clang.patch;hb=HEAD</span>
<span class="quote">&gt;</span>
<span class="quote">&gt; As long as LLVM cannot do things like that and requires full function</span>
<span class="quote">&gt; calls I cannot see it being a sensible compiler to use from a</span>
<span class="quote">&gt; performance POV.</span>
<span class="quote">&gt;</span>
<span class="quote">&gt; There&#39;s a fairly large difference between an inline POPCNT instruction</span>
<span class="quote">&gt; and a full out-of-line function call.</span>
<span class="quote">&gt;</span>
<span class="quote">&gt; /me goes back to ignoring LLVM for the time being.</span>

[ CC llvmlinux ML ]

Hi Peter,

Clear words and a clear statement!
( Men want clear statements see [1]. )

The issue was reported as LLVM PR #9457 [1] and the bug-history [2] says...

   Reported: 2011-03-11 07:27 CST by PaX Team

...so it is a known and old issue.

Cannot say if &quot;ignoring&quot; is really helpful or not :-).
Sanjoy Das (a LLVM/Clang developer) joined the vital discussion in the
thread (see [3])...

&quot;[llvmlinux] [PATCH] x86/hweight: LLVMLinux: Fix __arch_hweight{32,
64}() for compilation with clang&quot;

Beyond &quot;fixing&quot; or implementing missing (GCC) features on the LLVM-Clang-side...
People there have some discussion and ideas on a &quot;workaround&quot; or fix
it on the Linux-kernel-side.

Ignoring does not help - ignorance is a hard (hardest?) punishment for men.

I invite you to join the discussion at LLVMLinux...
As I know... &quot;YES, you can.&quot; Linux x86/x86_64 (assembler) Kung-Fu.
( I admit I have not these skillz. )

Regards,
- Sedat -

[1] https://llvm.org/bugs/show_bug.cgi?id=9457
[2] https://llvm.org/bugs/show_activity.cgi?id=9457
[3] [1] http://lists.linuxfoundation.org/pipermail/llvmlinux/2015-September/001369.html
--
To unsubscribe from this list: send the line &quot;unsubscribe linux-kernel&quot; in
the body of a message to majordomo@vger.kernel.org
More majordomo info at  http://vger.kernel.org/majordomo-info.html
Please read the FAQ at  http://www.tux.org/lkml/
</pre>
</div>

<div class="comment">
<div class="meta"><a href="/project/LKML/list/?submitter=41441">Sedat Dilek</a> - Sept. 14, 2015, 7:49 a.m.</div>
<pre class="content">
On Mon, Sep 14, 2015 at 9:12 AM, Peter Zijlstra &lt;peterz@infradead.org&gt; wrote:
<span class="quote">&gt; On Sun, Sep 13, 2015 at 04:33:39AM +0200, Sedat Dilek wrote:</span>
<span class="quote">&gt;&gt; &gt; It looks like an inline-optimization bug in CLANG when the compiler&#39;s</span>
<span class="quote">&gt;&gt; &gt; optimization-level is higher than -O2.</span>
<span class="quote">&gt;</span>
<span class="quote">&gt;&gt; &gt; [1] http://lists.linuxfoundation.org/pipermail/llvmlinux/2015-September/001355.html</span>
<span class="quote">&gt;&gt;</span>
<span class="quote">&gt;&gt; After some discussion on #llvm it turned out to be a known issue in LLVMLinux!</span>
<span class="quote">&gt;&gt;</span>
<span class="quote">&gt;&gt; Unfortunately, an existing patch [1] got archived which is still</span>
<span class="quote">&gt;&gt; required to build x86_64 correctly.</span>
<span class="quote">&gt;</span>
<span class="quote">&gt;&gt; [1] http://git.linuxfoundation.org/?p=llvmlinux.git;a=blob_plain;f=arch/x86_64/patches/ARCHIVE/0029-Fix-ARCH_HWEIGHT-for-compilation-with-clang.patch;hb=HEAD</span>
<span class="quote">&gt;</span>
<span class="quote">&gt; As long as LLVM cannot do things like that and requires full function</span>
<span class="quote">&gt; calls I cannot see it being a sensible compiler to use from a</span>
<span class="quote">&gt; performance POV.</span>
<span class="quote">&gt;</span>
<span class="quote">&gt; There&#39;s a fairly large difference between an inline POPCNT instruction</span>
<span class="quote">&gt; and a full out-of-line function call.</span>
<span class="quote">&gt;</span>
<span class="quote">&gt; /me goes back to ignoring LLVM for the time being.</span>

Can you give an example or describe a test-case to check the performance?

I have here diverse Linux v4.2 kernels (all have the same kernel-config)...

[ llvmlinux-patched ]

#1: Compiled with CLANG v3.7 from a self-built llvm-toolchain v3.7.0
#2: Compiled with GCC v4.9

[ unpatched ]

#3: Compiled with GCC v4.9

Can you also comment on the effects of CONFIG_CC_OPTIMIZE_FOR_SIZE in
case of performance?
It is only to reduce binary size or does it also do some &quot;speed&quot; optimization?

Thanks in advance.

- Sedat -
--
To unsubscribe from this list: send the line &quot;unsubscribe linux-kernel&quot; in
the body of a message to majordomo@vger.kernel.org
More majordomo info at  http://vger.kernel.org/majordomo-info.html
Please read the FAQ at  http://www.tux.org/lkml/
</pre>
</div>

<div class="comment">
<div class="meta"><a href="/project/LKML/list/?submitter=41441">Sedat Dilek</a> - Sept. 14, 2015, 7:57 a.m.</div>
<pre class="content">
On Mon, Sep 14, 2015 at 9:35 AM, Sedat Dilek &lt;sedat.dilek@gmail.com&gt; wrote:
<span class="quote">&gt; On Mon, Sep 14, 2015 at 9:12 AM, Peter Zijlstra &lt;peterz@infradead.org&gt; wrote:</span>
<span class="quote">&gt;&gt; On Sun, Sep 13, 2015 at 04:33:39AM +0200, Sedat Dilek wrote:</span>
<span class="quote">&gt;&gt;&gt; &gt; It looks like an inline-optimization bug in CLANG when the compiler&#39;s</span>
<span class="quote">&gt;&gt;&gt; &gt; optimization-level is higher than -O2.</span>
<span class="quote">&gt;&gt;</span>
<span class="quote">&gt;&gt;&gt; &gt; [1] http://lists.linuxfoundation.org/pipermail/llvmlinux/2015-September/001355.html</span>
<span class="quote">&gt;&gt;&gt;</span>
<span class="quote">&gt;&gt;&gt; After some discussion on #llvm it turned out to be a known issue in LLVMLinux!</span>
<span class="quote">&gt;&gt;&gt;</span>
<span class="quote">&gt;&gt;&gt; Unfortunately, an existing patch [1] got archived which is still</span>
<span class="quote">&gt;&gt;&gt; required to build x86_64 correctly.</span>
<span class="quote">&gt;&gt;</span>
<span class="quote">&gt;&gt;&gt; [1] http://git.linuxfoundation.org/?p=llvmlinux.git;a=blob_plain;f=arch/x86_64/patches/ARCHIVE/0029-Fix-ARCH_HWEIGHT-for-compilation-with-clang.patch;hb=HEAD</span>
<span class="quote">&gt;&gt;</span>
<span class="quote">&gt;&gt; As long as LLVM cannot do things like that and requires full function</span>
<span class="quote">&gt;&gt; calls I cannot see it being a sensible compiler to use from a</span>
<span class="quote">&gt;&gt; performance POV.</span>
<span class="quote">&gt;&gt;</span>
<span class="quote">&gt;&gt; There&#39;s a fairly large difference between an inline POPCNT instruction</span>
<span class="quote">&gt;&gt; and a full out-of-line function call.</span>
<span class="quote">&gt;&gt;</span>
<span class="quote">&gt;&gt; /me goes back to ignoring LLVM for the time being.</span>
<span class="quote">&gt;</span>
<span class="quote">&gt; [ CC llvmlinux ML ]</span>
<span class="quote">&gt;</span>
<span class="quote">&gt; Hi Peter,</span>
<span class="quote">&gt;</span>
<span class="quote">&gt; Clear words and a clear statement!</span>
<span class="quote">&gt; ( Men want clear statements see [1]. )</span>
<span class="quote">&gt;</span>
<span class="quote">&gt; The issue was reported as LLVM PR #9457 [1] and the bug-history [2] says...</span>
<span class="quote">&gt;</span>
<span class="quote">&gt;    Reported: 2011-03-11 07:27 CST by PaX Team</span>
<span class="quote">&gt;</span>
<span class="quote">&gt; ...so it is a known and old issue.</span>
<span class="quote">&gt;</span>
<span class="quote">&gt; Cannot say if &quot;ignoring&quot; is really helpful or not :-).</span>
<span class="quote">&gt; Sanjoy Das (a LLVM/Clang developer) joined the vital discussion in the</span>
<span class="quote">&gt; thread (see [3])...</span>
<span class="quote">&gt;</span>
<span class="quote">&gt; &quot;[llvmlinux] [PATCH] x86/hweight: LLVMLinux: Fix __arch_hweight{32,</span>
<span class="quote">&gt; 64}() for compilation with clang&quot;</span>
<span class="quote">&gt;</span>
<span class="quote">&gt; Beyond &quot;fixing&quot; or implementing missing (GCC) features on the LLVM-Clang-side...</span>
<span class="quote">&gt; People there have some discussion and ideas on a &quot;workaround&quot; or fix</span>
<span class="quote">&gt; it on the Linux-kernel-side.</span>
<span class="quote">&gt;</span>
<span class="quote">&gt; Ignoring does not help - ignorance is a hard (hardest?) punishment for men.</span>
<span class="quote">&gt;</span>
<span class="quote">&gt; I invite you to join the discussion at LLVMLinux...</span>
<span class="quote">&gt; As I know... &quot;YES, you can.&quot; Linux x86/x86_64 (assembler) Kung-Fu.</span>
<span class="quote">&gt; ( I admit I have not these skillz. )</span>
<span class="quote">&gt;</span>
<span class="quote">&gt; Regards,</span>
<span class="quote">&gt; - Sedat -</span>
<span class="quote">&gt;</span>
<span class="quote">&gt; [1] https://llvm.org/bugs/show_bug.cgi?id=9457</span>
<span class="quote">&gt; [2] https://llvm.org/bugs/show_activity.cgi?id=9457</span>
<span class="quote">&gt; [3] [1] http://lists.linuxfoundation.org/pipermail/llvmlinux/2015-September/001369.html</span>

For the sake of completeness...

Jan-Simon pointed to CLANG PR #24487 in [2]...

&quot;Bug 24487 -clang fails to compile linux &quot;ALTERNATIVE&quot; (integrated-as)&quot;

If someone is really interested in helping - join the discussion on
llvmlinux ML.

- Sedat -

[1] https://llvm.org/bugs/show_bug.cgi?id=24487
[2] http://lists.linuxfoundation.org/pipermail/llvmlinux/2015-September/001359.html
--
To unsubscribe from this list: send the line &quot;unsubscribe linux-kernel&quot; in
the body of a message to majordomo@vger.kernel.org
More majordomo info at  http://vger.kernel.org/majordomo-info.html
Please read the FAQ at  http://www.tux.org/lkml/
</pre>
</div>

<div class="comment">
<div class="meta"><a href="/project/LKML/list/?submitter=137">Peter Zijlstra</a> - Sept. 14, 2015, 8:54 a.m.</div>
<pre class="content">
On Mon, Sep 14, 2015 at 09:35:04AM +0200, Sedat Dilek wrote:
<span class="quote">&gt; &gt; /me goes back to ignoring LLVM for the time being.</span>
<span class="quote">
&gt; The issue was reported as LLVM PR #9457 [1] and the bug-history [2] says...</span>
<span class="quote">&gt; </span>
<span class="quote">&gt;    Reported: 2011-03-11 07:27 CST by PaX Team</span>
<span class="quote">&gt; </span>
<span class="quote">&gt; ...so it is a known and old issue.</span>
<span class="quote">
&gt; Beyond &quot;fixing&quot; or implementing missing (GCC) features on the LLVM-Clang-side...</span>
<span class="quote">&gt; People there have some discussion and ideas on a &quot;workaround&quot; or fix</span>
<span class="quote">&gt; it on the Linux-kernel-side.</span>

Barring LLVM implementing the relevant function call attributes, you
could look at either generating the required thunks (as mentioned
earlier as a work-around) or at the very least validating that all
required thunks are present.
<span class="quote">
&gt; I invite you to join the discussion at LLVMLinux...</span>
<span class="quote">&gt; As I know... &quot;YES, you can.&quot; Linux x86/x86_64 (assembler) Kung-Fu.</span>
<span class="quote">&gt; ( I admit I have not these skillz. )</span>

Its a matter of time for me; I simply do not have enough time as it is
so I have to make choices.
--
To unsubscribe from this list: send the line &quot;unsubscribe linux-kernel&quot; in
the body of a message to majordomo@vger.kernel.org
More majordomo info at  http://vger.kernel.org/majordomo-info.html
Please read the FAQ at  http://www.tux.org/lkml/
</pre>
</div>

<div class="comment">
<div class="meta"><a href="/project/LKML/list/?submitter=35552">Ingo Molnar</a> - Sept. 14, 2015, 9:35 a.m.</div>
<pre class="content">
* Peter Zijlstra &lt;peterz@infradead.org&gt; wrote:
<span class="quote">
&gt; &gt; I invite you to join the discussion at LLVMLinux... As I know... &quot;YES, you </span>
<span class="quote">&gt; &gt; can.&quot; Linux x86/x86_64 (assembler) Kung-Fu. ( I admit I have not these skillz. </span>
<span class="quote">&gt; &gt; )</span>
<span class="quote">&gt; </span>
<span class="quote">&gt; Its a matter of time for me; I simply do not have enough time as it is so I have </span>
<span class="quote">&gt; to make choices.</span>

We are also willing to apply clean, sensible patches.

Alas that collection of llvm patches quoted in this thread:

  30 files changed, 188 insertions(+), 161 deletions(-)

had quite a few objectionable hacks in them.

Thanks,

	Ingo
--
To unsubscribe from this list: send the line &quot;unsubscribe linux-kernel&quot; in
the body of a message to majordomo@vger.kernel.org
More majordomo info at  http://vger.kernel.org/majordomo-info.html
Please read the FAQ at  http://www.tux.org/lkml/
</pre>
</div>

<div class="comment">
<div class="meta"><a href="/project/LKML/list/?submitter=41441">Sedat Dilek</a> - Sept. 14, 2015, 9:55 a.m.</div>
<pre class="content">
On Mon, Sep 14, 2015 at 11:35 AM, Ingo Molnar &lt;mingo@kernel.org&gt; wrote:
<span class="quote">&gt;</span>
<span class="quote">&gt; * Peter Zijlstra &lt;peterz@infradead.org&gt; wrote:</span>
<span class="quote">&gt;</span>
<span class="quote">&gt;&gt; &gt; I invite you to join the discussion at LLVMLinux... As I know... &quot;YES, you</span>
<span class="quote">&gt;&gt; &gt; can.&quot; Linux x86/x86_64 (assembler) Kung-Fu. ( I admit I have not these skillz.</span>
<span class="quote">&gt;&gt; &gt; )</span>
<span class="quote">&gt;&gt;</span>
<span class="quote">&gt;&gt; Its a matter of time for me; I simply do not have enough time as it is so I have</span>
<span class="quote">&gt;&gt; to make choices.</span>
<span class="quote">&gt;</span>
<span class="quote">&gt; We are also willing to apply clean, sensible patches.</span>
<span class="quote">&gt;</span>
<span class="quote">&gt; Alas that collection of llvm patches quoted in this thread:</span>
<span class="quote">&gt;</span>
<span class="quote">&gt;   30 files changed, 188 insertions(+), 161 deletions(-)</span>
<span class="quote">&gt;</span>
<span class="quote">&gt; had quite a few objectionable hacks in them.</span>
<span class="quote">&gt;</span>

AFAICS LLVMLinux is still a work-in-progress project.

Three patches are labeled with &quot;DO-NOT-UPSTREAM&quot;...

      DO-NOT-UPSTREAM scsi, osd, LLVMLinux: Remove __weak attribute
      WORKAROUND DO-NOT-UPSTREAM x86, boot: Work around clang PR18415.
      DO-NOT-UPSTREAM xen, LLVMLinux: Remove VLAIS from xen mmu

I cannot say much to the other patches - what status they have -
&quot;reported to BTS and have no feedback&quot; or &quot;still discussed&quot; or
whatever.

Some bug-reports are very old - especially in the LLLVM and CLANG BTS.

Can you be concrete on the patches which have in your eyes &quot;a few
objectionable hacks in&quot;?

From my side... How can the correbolation be improved...?

Linux kernel development &lt;-&gt; LLVMLinux development &lt;-&gt; LLVM/CLANG development

BTW, LLVMLinux is a project hosted at Linux Foundation.

I also remember the interview with Linus and c&#39;t magazine (German, I
bought this edition) where he talks about compiler and especially
using LLVM for compiling a Linux-kernel.

If you look at the git-logs, there are people found bugs using
LLVM/CLANG and fixed them.
Personally, I like the &quot;verbose&quot; output of LLVM/CLANG more than GCC v4.9.
I did not try any GCC v5.x.

Thanks.

- Sedat -

[1] http://www.heise.de/ct/ausgabe/2014-25-Linus-Torvalds-im-Interview-2449660.html
--
To unsubscribe from this list: send the line &quot;unsubscribe linux-kernel&quot; in
the body of a message to majordomo@vger.kernel.org
More majordomo info at  http://vger.kernel.org/majordomo-info.html
Please read the FAQ at  http://www.tux.org/lkml/
</pre>
</div>

<div class="comment">
<div class="meta"><a href="/project/LKML/list/?submitter=35552">Ingo Molnar</a> - Sept. 14, 2015, 9:59 a.m.</div>
<pre class="content">
* Sedat Dilek &lt;sedat.dilek@gmail.com&gt; wrote:
<span class="quote">
&gt; From my side... How can the correbolation be improved...?</span>

The best workflow would be for someone to send patches that are considered clean 
enough.

Thanks,

	Ingo
--
To unsubscribe from this list: send the line &quot;unsubscribe linux-kernel&quot; in
the body of a message to majordomo@vger.kernel.org
More majordomo info at  http://vger.kernel.org/majordomo-info.html
Please read the FAQ at  http://www.tux.org/lkml/
</pre>
</div>

<div class="comment">
<div class="meta"><a href="/project/LKML/list/?submitter=41441">Sedat Dilek</a> - Sept. 14, 2015, 10:22 a.m.</div>
<pre class="content">
On Mon, Sep 14, 2015 at 11:59 AM, Ingo Molnar &lt;mingo@kernel.org&gt; wrote:
<span class="quote">&gt;</span>
<span class="quote">&gt; * Sedat Dilek &lt;sedat.dilek@gmail.com&gt; wrote:</span>
<span class="quote">&gt;</span>
<span class="quote">&gt;&gt; From my side... How can the correbolation be improved...?</span>
<span class="quote">&gt;</span>
<span class="quote">&gt; The best workflow would be for someone to send patches that are considered clean</span>
<span class="quote">&gt; enough.</span>
<span class="quote">&gt;</span>

What do you mean by &quot;patches that are considered clean&quot;?

&quot;Clean&quot; in the sense of is-not-a-hackery and/or
patch-does-not-follow-Linux-kernel-development-guidelines [1]?

[ EXAMPLES ]

[ commit subject-line ]

Like a &quot;meaningful&quot; subject-line...
I have seen patches which did not use commonly-used labels, like &quot;x86/weight:&quot;.
( &#39;git log /path/to/file&#39; tells someone how other&#39;s did it. )

[ commit message ]

Personally, I did not like the embedded commit-messages (change-log) -
it was sometimes not very helpful.
Helpful would be hints to a discussion thread (ML), bug-no in BTS,
output of a BROKEN build, etc.

...

Oh, if we all would follow Peter H. blog-article &quot;On commit messages&quot; [2].
( /me dreams of a better world. )

- Sedat -

[1] http://git.kernel.org/cgit/linux/kernel/git/torvalds/linux.git/tree/Documentation/SubmittingPatches
[2] http://who-t.blogspot.de/2009/12/on-commit-messages.html
--
To unsubscribe from this list: send the line &quot;unsubscribe linux-kernel&quot; in
the body of a message to majordomo@vger.kernel.org
More majordomo info at  http://vger.kernel.org/majordomo-info.html
Please read the FAQ at  http://www.tux.org/lkml/
</pre>
</div>

<div class="comment">
<div class="meta"><a href="/project/LKML/list/?submitter=35552">Ingo Molnar</a> - Sept. 14, 2015, 12:47 p.m.</div>
<pre class="content">
* Sedat Dilek &lt;sedat.dilek@gmail.com&gt; wrote:
<span class="quote">
&gt; On Mon, Sep 14, 2015 at 11:59 AM, Ingo Molnar &lt;mingo@kernel.org&gt; wrote:</span>
<span class="quote">&gt; &gt;</span>
<span class="quote">&gt; &gt; * Sedat Dilek &lt;sedat.dilek@gmail.com&gt; wrote:</span>
<span class="quote">&gt; &gt;</span>
<span class="quote">&gt; &gt;&gt; From my side... How can the correbolation be improved...?</span>
<span class="quote">&gt; &gt;</span>
<span class="quote">&gt; &gt; The best workflow would be for someone to send patches that are considered </span>
<span class="quote">&gt; &gt; clean enough.</span>
<span class="quote">&gt; </span>
<span class="quote">&gt; What do you mean by &quot;patches that are considered clean&quot;?</span>
<span class="quote">&gt; </span>
<span class="quote">&gt; &quot;Clean&quot; in the sense of is-not-a-hackery and/or</span>
<span class="quote">&gt; patch-does-not-follow-Linux-kernel-development-guidelines [1]?</span>

Both in the end.
<span class="quote">
&gt; Oh, if we all would follow Peter H. blog-article &quot;On commit messages&quot; [2].</span>
<span class="quote">&gt; ( /me dreams of a better world. )</span>

So if _you_ start sending those patches then you need to fix known problems.
You don&#39;t have to keep the patches as-is as you found them, you are free to fix 
them, open source and all that.

Just start simple, with a single, obvious looking patch, and we&#39;ll see from there 
on?

Thanks,

	Ingo
--
To unsubscribe from this list: send the line &quot;unsubscribe linux-kernel&quot; in
the body of a message to majordomo@vger.kernel.org
More majordomo info at  http://vger.kernel.org/majordomo-info.html
Please read the FAQ at  http://www.tux.org/lkml/
</pre>
</div>

<div class="comment">
<div class="meta"><a href="/project/LKML/list/?submitter=75671">Austin S Hemmelgarn</a> - Sept. 14, 2015, 5:50 p.m.</div>
<pre class="content">
On 2015-09-14 03:49, Sedat Dilek wrote:
<span class="quote">&gt; On Mon, Sep 14, 2015 at 9:12 AM, Peter Zijlstra &lt;peterz@infradead.org&gt; wrote:</span>
<span class="quote">&gt;&gt; On Sun, Sep 13, 2015 at 04:33:39AM +0200, Sedat Dilek wrote:</span>
<span class="quote">&gt;&gt;&gt;&gt; It looks like an inline-optimization bug in CLANG when the compiler&#39;s</span>
<span class="quote">&gt;&gt;&gt;&gt; optimization-level is higher than -O2.</span>
<span class="quote">&gt;&gt;</span>
<span class="quote">&gt;&gt;&gt;&gt; [1] http://lists.linuxfoundation.org/pipermail/llvmlinux/2015-September/001355.html</span>
<span class="quote">&gt;&gt;&gt;</span>
<span class="quote">&gt;&gt;&gt; After some discussion on #llvm it turned out to be a known issue in LLVMLinux!</span>
<span class="quote">&gt;&gt;&gt;</span>
<span class="quote">&gt;&gt;&gt; Unfortunately, an existing patch [1] got archived which is still</span>
<span class="quote">&gt;&gt;&gt; required to build x86_64 correctly.</span>
<span class="quote">&gt;&gt;</span>
<span class="quote">&gt;&gt;&gt; [1] http://git.linuxfoundation.org/?p=llvmlinux.git;a=blob_plain;f=arch/x86_64/patches/ARCHIVE/0029-Fix-ARCH_HWEIGHT-for-compilation-with-clang.patch;hb=HEAD</span>
<span class="quote">&gt;&gt;</span>
<span class="quote">&gt;&gt; As long as LLVM cannot do things like that and requires full function</span>
<span class="quote">&gt;&gt; calls I cannot see it being a sensible compiler to use from a</span>
<span class="quote">&gt;&gt; performance POV.</span>
<span class="quote">&gt;&gt;</span>
<span class="quote">&gt;&gt; There&#39;s a fairly large difference between an inline POPCNT instruction</span>
<span class="quote">&gt;&gt; and a full out-of-line function call.</span>
<span class="quote">&gt;&gt;</span>
<span class="quote">&gt;&gt; /me goes back to ignoring LLVM for the time being.</span>
<span class="quote">&gt;</span>
<span class="quote">&gt; Can you give an example or describe a test-case to check the performance?</span>
<span class="quote">&gt;</span>
<span class="quote">&gt; I have here diverse Linux v4.2 kernels (all have the same kernel-config)...</span>
<span class="quote">&gt;</span>
<span class="quote">&gt; [ llvmlinux-patched ]</span>
<span class="quote">&gt;</span>
<span class="quote">&gt; #1: Compiled with CLANG v3.7 from a self-built llvm-toolchain v3.7.0</span>
<span class="quote">&gt; #2: Compiled with GCC v4.9</span>
<span class="quote">&gt;</span>
<span class="quote">&gt; [ unpatched ]</span>
<span class="quote">&gt;</span>
<span class="quote">&gt; #3: Compiled with GCC v4.9</span>
<span class="quote">&gt;</span>
<span class="quote">&gt; Can you also comment on the effects of CONFIG_CC_OPTIMIZE_FOR_SIZE in</span>
<span class="quote">&gt; case of performance?</span>
<span class="quote">&gt; It is only to reduce binary size or does it also do some &quot;speed&quot; optimization?</span>

I can comment at least a little about the -Os aspect (although not I&#39;m 
no expert on this in particular).  In general, for _most_ use cases, a 
kernel compiled with CONFIG_CC_OPTIMIZE_FOR_SIZE will run slower than 
one compiled without it.  On rare occasion though, it may actually run 
faster, the only cases I&#39;ve seen where this happens are specialized uses 
that are very memory pressure dependent and run almost entirely in 
userspace with almost no syscalls (for example math related stuff 
operating on _very, very big_ (as in, &gt;1 trillion elements) 
multidimensional matrices, with complex memory constraints), and even 
then it&#39;s usually a miniscule improvement in performance (generally less 
than 1%, which can of course be significant depending on how long it 
takes before the improvement).
</pre>
</div>

<div class="comment">
<div class="meta"><a href="/project/LKML/list/?submitter=1731">Christoph Lameter</a> - Sept. 14, 2015, 6:27 p.m.</div>
<pre class="content">
On Mon, 14 Sep 2015, Austin S Hemmelgarn wrote:
<span class="quote">
&gt; I can comment at least a little about the -Os aspect (although not I&#39;m no</span>
<span class="quote">&gt; expert on this in particular).  In general, for _most_ use cases, a kernel</span>
<span class="quote">&gt; compiled with CONFIG_CC_OPTIMIZE_FOR_SIZE will run slower than one compiled</span>
<span class="quote">&gt; without it.  On rare occasion though, it may actually run faster, the only</span>
<span class="quote">&gt; cases I&#39;ve seen where this happens are specialized uses that are very memory</span>
<span class="quote">&gt; pressure dependent and run almost entirely in userspace with almost no</span>
<span class="quote">&gt; syscalls (for example math related stuff operating on _very, very big_ (as in,</span>
<span class="quote">&gt; &gt;1 trillion elements) multidimensional matrices, with complex memory</span>
<span class="quote">&gt; constraints), and even then it&#39;s usually a miniscule improvement in</span>
<span class="quote">&gt; performance (generally less than 1%, which can of course be significant</span>
<span class="quote">&gt; depending on how long it takes before the improvement).</span>
